Archive member included to satisfy reference by file (symbol)

/home/hao/Documents/gcc-arm-none-eabi/bin/../lib/gcc/arm-none-eabi/10.2.1/../../../../arm-none-eabi/lib/thumb/v7e-m+fp/hard/libc_nano.a(lib_a-errno.o)
                              build/bsp_debug_usart.o (__errno)
/home/hao/Documents/gcc-arm-none-eabi/bin/../lib/gcc/arm-none-eabi/10.2.1/../../../../arm-none-eabi/lib/thumb/v7e-m+fp/hard/libc_nano.a(lib_a-exit.o)
                              /home/hao/Documents/gcc-arm-none-eabi/bin/../lib/gcc/arm-none-eabi/10.2.1/../../../../arm-none-eabi/lib/thumb/v7e-m+fp/hard/crt0.o (exit)
/home/hao/Documents/gcc-arm-none-eabi/bin/../lib/gcc/arm-none-eabi/10.2.1/../../../../arm-none-eabi/lib/thumb/v7e-m+fp/hard/libc_nano.a(lib_a-impure.o)
                              /home/hao/Documents/gcc-arm-none-eabi/bin/../lib/gcc/arm-none-eabi/10.2.1/../../../../arm-none-eabi/lib/thumb/v7e-m+fp/hard/libc_nano.a(lib_a-exit.o) (_global_impure_ptr)
/home/hao/Documents/gcc-arm-none-eabi/bin/../lib/gcc/arm-none-eabi/10.2.1/../../../../arm-none-eabi/lib/thumb/v7e-m+fp/hard/libc_nano.a(lib_a-init.o)
                              /home/hao/Documents/gcc-arm-none-eabi/bin/../lib/gcc/arm-none-eabi/10.2.1/../../../../arm-none-eabi/lib/thumb/v7e-m+fp/hard/crt0.o (__libc_init_array)
/home/hao/Documents/gcc-arm-none-eabi/bin/../lib/gcc/arm-none-eabi/10.2.1/../../../../arm-none-eabi/lib/thumb/v7e-m+fp/hard/libc_nano.a(lib_a-memset.o)
                              /home/hao/Documents/gcc-arm-none-eabi/bin/../lib/gcc/arm-none-eabi/10.2.1/../../../../arm-none-eabi/lib/thumb/v7e-m+fp/hard/crt0.o (memset)
/home/hao/Documents/gcc-arm-none-eabi/bin/../lib/gcc/arm-none-eabi/10.2.1/../../../../arm-none-eabi/lib/thumb/v7e-m+fp/hard/libc_nano.a(lib_a-nano-vfprintf_float.o)
                              (_printf_float)
/home/hao/Documents/gcc-arm-none-eabi/bin/../lib/gcc/arm-none-eabi/10.2.1/../../../../arm-none-eabi/lib/thumb/v7e-m+fp/hard/libc_nano.a(lib_a-nano-vfprintf_i.o)
                              /home/hao/Documents/gcc-arm-none-eabi/bin/../lib/gcc/arm-none-eabi/10.2.1/../../../../arm-none-eabi/lib/thumb/v7e-m+fp/hard/libc_nano.a(lib_a-nano-vfprintf_float.o) (_printf_common)
/home/hao/Documents/gcc-arm-none-eabi/bin/../lib/gcc/arm-none-eabi/10.2.1/../../../../arm-none-eabi/lib/thumb/v7e-m+fp/hard/libc_nano.a(lib_a-puts.o)
                              build/main.o (puts)
/home/hao/Documents/gcc-arm-none-eabi/bin/../lib/gcc/arm-none-eabi/10.2.1/../../../../arm-none-eabi/lib/thumb/v7e-m+fp/hard/libc_nano.a(lib_a-strlen.o)
                              /home/hao/Documents/gcc-arm-none-eabi/bin/../lib/gcc/arm-none-eabi/10.2.1/../../../../arm-none-eabi/lib/thumb/v7e-m+fp/hard/libc_nano.a(lib_a-nano-vfprintf_float.o) (strlen)
/home/hao/Documents/gcc-arm-none-eabi/bin/../lib/gcc/arm-none-eabi/10.2.1/../../../../arm-none-eabi/lib/thumb/v7e-m+fp/hard/libc_nano.a(lib_a-wbuf.o)
                              /home/hao/Documents/gcc-arm-none-eabi/bin/../lib/gcc/arm-none-eabi/10.2.1/../../../../arm-none-eabi/lib/thumb/v7e-m+fp/hard/libc_nano.a(lib_a-puts.o) (__swbuf_r)
/home/hao/Documents/gcc-arm-none-eabi/bin/../lib/gcc/arm-none-eabi/10.2.1/../../../../arm-none-eabi/lib/thumb/v7e-m+fp/hard/libc_nano.a(lib_a-wsetup.o)
                              /home/hao/Documents/gcc-arm-none-eabi/bin/../lib/gcc/arm-none-eabi/10.2.1/../../../../arm-none-eabi/lib/thumb/v7e-m+fp/hard/libc_nano.a(lib_a-puts.o) (__swsetup_r)
/home/hao/Documents/gcc-arm-none-eabi/bin/../lib/gcc/arm-none-eabi/10.2.1/../../../../arm-none-eabi/lib/thumb/v7e-m+fp/hard/libc_nano.a(lib_a-dtoa.o)
                              /home/hao/Documents/gcc-arm-none-eabi/bin/../lib/gcc/arm-none-eabi/10.2.1/../../../../arm-none-eabi/lib/thumb/v7e-m+fp/hard/libc_nano.a(lib_a-nano-vfprintf_float.o) (_dtoa_r)
/home/hao/Documents/gcc-arm-none-eabi/bin/../lib/gcc/arm-none-eabi/10.2.1/../../../../arm-none-eabi/lib/thumb/v7e-m+fp/hard/libc_nano.a(lib_a-fflush.o)
                              /home/hao/Documents/gcc-arm-none-eabi/bin/../lib/gcc/arm-none-eabi/10.2.1/../../../../arm-none-eabi/lib/thumb/v7e-m+fp/hard/libc_nano.a(lib_a-wbuf.o) (_fflush_r)
/home/hao/Documents/gcc-arm-none-eabi/bin/../lib/gcc/arm-none-eabi/10.2.1/../../../../arm-none-eabi/lib/thumb/v7e-m+fp/hard/libc_nano.a(lib_a-findfp.o)
                              /home/hao/Documents/gcc-arm-none-eabi/bin/../lib/gcc/arm-none-eabi/10.2.1/../../../../arm-none-eabi/lib/thumb/v7e-m+fp/hard/libc_nano.a(lib_a-puts.o) (__sinit)
/home/hao/Documents/gcc-arm-none-eabi/bin/../lib/gcc/arm-none-eabi/10.2.1/../../../../arm-none-eabi/lib/thumb/v7e-m+fp/hard/libc_nano.a(lib_a-fwalk.o)
                              /home/hao/Documents/gcc-arm-none-eabi/bin/../lib/gcc/arm-none-eabi/10.2.1/../../../../arm-none-eabi/lib/thumb/v7e-m+fp/hard/libc_nano.a(lib_a-findfp.o) (_fwalk)
/home/hao/Documents/gcc-arm-none-eabi/bin/../lib/gcc/arm-none-eabi/10.2.1/../../../../arm-none-eabi/lib/thumb/v7e-m+fp/hard/libc_nano.a(lib_a-localeconv.o)
[...]
Memory Configuration

Name             Origin             Length             Attributes
RAM              0x0000000020000000 0x0000000000030000 xrw
CCMRAM           0x0000000010000000 0x0000000000010000 xrw
FLASH            0x0000000008000000 0x0000000000100000 xr
*default*        0x0000000000000000 0xffffffffffffffff

Linker script and memory map

LOAD /home/hao/Documents/gcc-arm-none-eabi/bin/../lib/gcc/arm-none-eabi/10.2.1/thumb/v7e-m+fp/hard/crti.o
LOAD /home/hao/Documents/gcc-arm-none-eabi/bin/../lib/gcc/arm-none-eabi/10.2.1/thumb/v7e-m+fp/hard/crtbegin.o
LOAD /home/hao/Documents/gcc-arm-none-eabi/bin/../lib/gcc/arm-none-eabi/10.2.1/../../../../arm-none-eabi/lib/thumb/v7e-m+fp/hard/crt0.o
LOAD build/main.o
LOAD build/stm32f4xx_it.o
LOAD build/bsp_debug_usart.o
LOAD build/system_stm32f4xx.o
LOAD build/stm32f4xx_hal_rtc_ex.o
LOAD build/stm32f4xx_ll_adc.o
LOAD build/stm32f4xx_hal_i2c.o
LOAD build/stm32f4xx_hal_pccard.o
LOAD build/stm32f4xx_hal_fmpi2c_ex.o
LOAD build/stm32f4xx_ll_crc.o
LOAD build/stm32f4xx_ll_usb.o
LOAD build/stm32f4xx_hal_pcd.o
LOAD build/stm32f4xx_ll_dma.o
LOAD build/stm32f4xx_hal_ltdc.o
LOAD build/stm32f4xx_hal_dma2d.o
LOAD build/stm32f4xx_hal_rcc_ex.o
LOAD build/stm32f4xx_hal_dsi.o
LOAD build/stm32f4xx_hal_spi.o
LOAD build/stm32f4xx_hal_lptim.o
LOAD build/stm32f4xx_hal_hcd.o
LOAD build/stm32f4xx_ll_pwr.o
LOAD build/stm32f4xx_hal_fmpi2c.o
LOAD build/stm32f4xx_hal_mmc.o
LOAD build/stm32f4xx_ll_sdmmc.o
LOAD build/stm32f4xx_ll_fsmc.o
LOAD build/stm32f4xx_ll_rng.o
LOAD build/stm32f4xx_ll_usart.o
LOAD build/stm32f4xx_hal_iwdg.o
LOAD build/stm32f4xx_hal_dcmi.o
LOAD build/stm32f4xx_ll_gpio.o
LOAD build/stm32f4xx_hal_sai_ex.o
LOAD build/stm32f4xx_hal_tim_ex.o
LOAD build/stm32f4xx_hal_i2s.o
LOAD build/stm32f4xx_hal_cec.o
LOAD build/stm32f4xx_hal_rtc.o
LOAD build/stm32f4xx_hal_i2s_ex.o
LOAD build/stm32f4xx_hal_nor.o
LOAD build/stm32f4xx_hal_pwr_ex.o
LOAD build/stm32f4xx_hal_hash.o
LOAD build/stm32f4xx_hal_adc_ex.o
LOAD build/stm32f4xx_hal_rcc.o
LOAD build/stm32f4xx_hal_flash.o
LOAD build/stm32f4xx_hal_usart.o
LOAD build/stm32f4xx_ll_fmc.o
LOAD build/stm32f4xx_ll_rtc.o
LOAD build/stm32f4xx_hal_cortex.o
LOAD build/stm32f4xx_hal_sd.o
LOAD build/stm32f4xx_hal_gpio.o
LOAD build/stm32f4xx_hal_tim.o
LOAD build/stm32f4xx_hal_dac.o
LOAD build/stm32f4xx_ll_i2c.o
LOAD build/stm32f4xx_hal_flash_ramfunc.o
LOAD build/stm32f4xx_hal_dma.o
LOAD build/stm32f4xx_ll_dac.o
LOAD build/stm32f4xx_hal_smartcard.o
LOAD build/stm32f4xx_hal_sram.o
LOAD build/stm32f4xx_hal.o
LOAD build/stm32f4xx_hal_adc.o
LOAD build/stm32f4xx_ll_utils.o
LOAD build/stm32f4xx_hal_sdram.o
LOAD build/stm32f4xx_hal_crc.o
LOAD build/stm32f4xx_ll_exti.o
LOAD build/stm32f4xx_hal_wwdg.o
LOAD build/stm32f4xx_ll_spi.o
LOAD build/stm32f4xx_ll_dma2d.o
LOAD build/stm32f4xx_hal_cryp_ex.o
LOAD build/stm32f4xx_hal_hash_ex.o
LOAD build/stm32f4xx_ll_rcc.o
LOAD build/stm32f4xx_ll_lptim.o
LOAD build/stm32f4xx_hal_uart.o
LOAD build/stm32f4xx_hal_pcd_ex.o
LOAD build/stm32f4xx_hal_nand.o
LOAD build/stm32f4xx_hal_dcmi_ex.o
LOAD build/stm32f4xx_hal_dma_ex.o
LOAD build/stm32f4xx_hal_i2c_ex.o
LOAD build/stm32f4xx_hal_pwr.o
LOAD build/stm32f4xx_hal_qspi.o
LOAD build/stm32f4xx_hal_timebase_rtc_alarm_template.o
LOAD build/stm32f4xx_hal_rng.o
LOAD build/stm32f4xx_ll_tim.o
LOAD build/stm32f4xx_hal_ltdc_ex.o
LOAD build/stm32f4xx_hal_dfsdm.o
LOAD build/stm32f4xx_hal_irda.o
LOAD build/stm32f4xx_hal_cryp.o
LOAD build/stm32f4xx_hal_sai.o
LOAD build/stm32f4xx_hal_msp_template.o
LOAD build/stm32f4xx_hal_flash_ex.o
LOAD build/stm32f4xx_hal_dac_ex.o
LOAD build/startup_stm32f429xx.o
LOAD /home/hao/Documents/gcc-arm-none-eabi/bin/../lib/gcc/arm-none-eabi/10.2.1/../../../../arm-none-eabi/lib/thumb/v7e-m+fp/hard/libc_nano.a
LOAD /home/hao/Documents/gcc-arm-none-eabi/bin/../lib/gcc/arm-none-eabi/10.2.1/../../../../arm-none-eabi/lib/thumb/v7e-m+fp/hard/libm.a
LOAD /home/hao/Documents/gcc-arm-none-eabi/bin/../lib/gcc/arm-none-eabi/10.2.1/../../../../arm-none-eabi/lib/thumb/v7e-m+fp/hard/libnosys.a
LOAD /home/hao/Documents/gcc-arm-none-eabi/bin/../lib/gcc/arm-none-eabi/10.2.1/../../../../arm-none-eabi/lib/thumb/v7e-m+fp/hard/libc_nano.a
LOAD /home/hao/Documents/gcc-arm-none-eabi/bin/../lib/gcc/arm-none-eabi/10.2.1/../../../../arm-none-eabi/lib/thumb/v7e-m+fp/hard/librdimon_nano.a
START GROUP
LOAD /home/hao/Documents/gcc-arm-none-eabi/bin/../lib/gcc/arm-none-eabi/10.2.1/thumb/v7e-m+fp/hard/libgcc.a
LOAD /home/hao/Documents/gcc-arm-none-eabi/bin/../lib/gcc/arm-none-eabi/10.2.1/../../../../arm-none-eabi/lib/thumb/v7e-m+fp/hard/libc_nano.a
END GROUP
START GROUP
LOAD /home/hao/Documents/gcc-arm-none-eabi/bin/../lib/gcc/arm-none-eabi/10.2.1/thumb/v7e-m+fp/hard/libgcc.a
LOAD /home/hao/Documents/gcc-arm-none-eabi/bin/../lib/gcc/arm-none-eabi/10.2.1/../../../../arm-none-eabi/lib/thumb/v7e-m+fp/hard/libc_nano.a
END GROUP
LOAD /home/hao/Documents/gcc-arm-none-eabi/bin/../lib/gcc/arm-none-eabi/10.2.1/thumb/v7e-m+fp/hard/crtend.o
LOAD /home/hao/Documents/gcc-arm-none-eabi/bin/../lib/gcc/arm-none-eabi/10.2.1/thumb/v7e-m+fp/hard/crtn.o
                0x0000000020030000                _estack = 0x20030000
                0x0000000000000200                _Min_Heap_Size = 0x200
                0x0000000000000400                _Min_Stack_Size = 0x400

.isr_vector     0x0000000008000000      0x1ac
                0x0000000008000000                . = ALIGN (0x4)
 *(.isr_vector)
 .isr_vector    0x0000000008000000      0x1ac build/startup_stm32f429xx.o
                0x0000000008000000                g_pfnVectors
                0x00000000080001ac                . = ALIGN (0x4)

.text           0x00000000080001b0     0x59bc
                0x00000000080001b0                . = ALIGN (0x4)
 *(.text)
 .text          0x00000000080001b0       0x40 /home/hao/Documents/gcc-arm-none-eabi/bin/../lib/gcc/arm-none-eabi/10.2.1/thumb/v7e-m+fp/hard/crtbegin.o
 .text          0x00000000080001f0       0x10 /home/hao/Documents/gcc-arm-none-eabi/bin/../lib/gcc/arm-none-eabi/10.2.1/../../../../arm-none-eabi/lib/thumb/v7e-m+fp/hard/libc_nano.a(lib_a-strlen.o)
                0x00000000080001f0                strlen
 .text          0x0000000008000200       0xa0 /home/hao/Documents/gcc-arm-none-eabi/bin/../lib/gcc/arm-none-eabi/10.2.1/../../../../arm-none-eabi/lib/thumb/v7e-m+fp/hard/libc_nano.a(lib_a-memchr.o)
                0x0000000008000200                memchr
 .text          0x00000000080002a0      0x378 /home/hao/Documents/gcc-arm-none-eabi/bin/../lib/gcc/arm-none-eabi/10.2.1/thumb/v7e-m+fp/hard/libgcc.a(_arm_addsubdf3.o)
                0x00000000080002a0                __aeabi_drsub
                0x00000000080002a8                __aeabi_dsub
                0x00000000080002a8                __subdf3
                0x00000000080002ac                __adddf3
                0x00000000080002ac                __aeabi_dadd
                0x0000000008000524                __aeabi_ui2d
                0x0000000008000524                __floatunsidf
                0x0000000008000544                __floatsidf
                0x0000000008000544                __aeabi_i2d
                0x0000000008000568                __extendsfdf2
                0x0000000008000568                __aeabi_f2d
                0x00000000080005ac                __aeabi_ul2d
                0x00000000080005ac                __floatundidf
                0x00000000080005bc                __floatdidf
                0x00000000080005bc                __aeabi_l2d
 .text          0x0000000008000618      0x424 /home/hao/Documents/gcc-arm-none-eabi/bin/../lib/gcc/arm-none-eabi/10.2.1/thumb/v7e-m+fp/hard/libgcc.a(_arm_muldivdf3.o)
                0x0000000008000618                __aeabi_dmul
                0x0000000008000618                __muldf3
                0x000000000800086c                __aeabi_ddiv
                0x000000000800086c                __divdf3
 .text          0x0000000008000a3c      0x110 /home/hao/Documents/gcc-arm-none-eabi/bin/../lib/gcc/arm-none-eabi/10.2.1/thumb/v7e-m+fp/hard/libgcc.a(_arm_cmpdf2.o)
                0x0000000008000a3c                __gtdf2
                0x0000000008000a3c                __gedf2
                0x0000000008000a44                __ltdf2
                0x0000000008000a44                __ledf2
                0x0000000008000a4c                __cmpdf2
                0x0000000008000a4c                __eqdf2
                0x0000000008000a4c                __nedf2
                0x0000000008000ac8                __aeabi_cdrcmple
                0x0000000008000ad8                __aeabi_cdcmple
                0x0000000008000ad8                __aeabi_cdcmpeq
                0x0000000008000ae8                __aeabi_dcmpeq
                0x0000000008000afc                __aeabi_dcmplt
                0x0000000008000b10                __aeabi_dcmple
                0x0000000008000b24                __aeabi_dcmpge
                0x0000000008000b38                __aeabi_dcmpgt
 .text          0x0000000008000b4c       0x2c /home/hao/Documents/gcc-arm-none-eabi/bin/../lib/gcc/arm-none-eabi/10.2.1/thumb/v7e-m+fp/hard/libgcc.a(_arm_unorddf2.o)
                0x0000000008000b4c                __aeabi_dcmpun
                0x0000000008000b4c                __unorddf2
 .text          0x0000000008000b78       0x50 /home/hao/Documents/gcc-arm-none-eabi/bin/../lib/gcc/arm-none-eabi/10.2.1/thumb/v7e-m+fp/hard/libgcc.a(_arm_fixdfsi.o)
                0x0000000008000b78                __fixdfsi
                0x0000000008000b78                __aeabi_d2iz
 .text          0x0000000008000bc8       0x30 /home/hao/Documents/gcc-arm-none-eabi/bin/../lib/gcc/arm-none-eabi/10.2.1/thumb/v7e-m+fp/hard/libgcc.a(_aeabi_uldivmod.o)
                0x0000000008000bc8                __aeabi_uldivmod
 .text          0x0000000008000bf8      0x2d0 /home/hao/Documents/gcc-arm-none-eabi/bin/../lib/gcc/arm-none-eabi/10.2.1/thumb/v7e-m+fp/hard/libgcc.a(_udivmoddi4.o)
                0x0000000008000bf8                __udivmoddi4
 .text          0x0000000008000ec8        0x4 /home/hao/Documents/gcc-arm-none-eabi/bin/../lib/gcc/arm-none-eabi/10.2.1/thumb/v7e-m+fp/hard/libgcc.a(_dvmd_tls.o)
                0x0000000008000ec8                __aeabi_ldiv0
                0x0000000008000ec8                __aeabi_idiv0
 *(.text*)
 .text.NVIC_SetPriorityGrouping
                0x0000000008000ecc       0x48 build/main.o
 .text.BSP_Init
                0x0000000008000f14       0x1a build/main.o
 *fill*         0x0000000008000f2e        0x2 
 .text.main     0x0000000008000f30       0x14 build/main.o
                0x0000000008000f30                main
 .text.SystemClock_Config
                0x0000000008000f44       0xe0 build/main.o
                0x0000000008000f44                SystemClock_Config
 .text.Error_Handler
                0x0000000008001024        0xa build/main.o
                0x0000000008001024                Error_Handler
 .text.NMI_Handler
                0x000000000800102e        0xe build/stm32f4xx_it.o
                0x000000000800102e                NMI_Handler
 .text.HardFault_Handler
                0x000000000800103c        0x6 build/stm32f4xx_it.o
                0x000000000800103c                HardFault_Handler
 .text.MemManage_Handler
                0x0000000008001042        0x6 build/stm32f4xx_it.o
                0x0000000008001042                MemManage_Handler
 .text.BusFault_Handler
                0x0000000008001048        0x6 build/stm32f4xx_it.o
                0x0000000008001048                BusFault_Handler
 .text.UsageFault_Handler
                0x000000000800104e        0x6 build/stm32f4xx_it.o
                0x000000000800104e                UsageFault_Handler
 .text.SVC_Handler
                0x0000000008001054        0xe build/stm32f4xx_it.o
                0x0000000008001054                SVC_Handler
 .text.DebugMon_Handler
                0x0000000008001062        0xe build/stm32f4xx_it.o
                0x0000000008001062                DebugMon_Handler
 .text.PendSV_Handler
                0x0000000008001070        0xe build/stm32f4xx_it.o
                0x0000000008001070                PendSV_Handler
 .text.SysTick_Handler
                0x000000000800107e        0xe build/stm32f4xx_it.o
                0x000000000800107e                SysTick_Handler
 .text.DEBUG_USART_Config
                0x000000000800108c       0x44 build/bsp_debug_usart.o
                0x000000000800108c                DEBUG_USART_Config
 .text.HAL_UART_MspInit
                0x00000000080010d0       0xa4 build/bsp_debug_usart.o
                0x00000000080010d0                HAL_UART_MspInit
 .text._write   0x0000000008001174       0x54 build/bsp_debug_usart.o
                0x0000000008001174                _write
 .text.SystemInit
                0x00000000080011c8       0x6c build/system_stm32f4xx.o
                0x00000000080011c8                SystemInit
 .text.HAL_RTCEx_AlarmBEventCallback
                0x0000000008001234       0x14 build/stm32f4xx_hal_rtc_ex.o
                0x0000000008001234                HAL_RTCEx_AlarmBEventCallback
 .text.HAL_RCCEx_PeriphCLKConfig
                0x0000000008001248      0x348 build/stm32f4xx_hal_rcc_ex.o
                0x0000000008001248                HAL_RCCEx_PeriphCLKConfig
 .text.HAL_RTC_Init
                0x0000000008001590      0x122 build/stm32f4xx_hal_rtc.o
                0x0000000008001590                HAL_RTC_Init
 .text.HAL_RTC_MspInit
                0x00000000080016b2       0x14 build/stm32f4xx_hal_rtc.o
                0x00000000080016b2                HAL_RTC_MspInit
 *fill*         0x00000000080016c6        0x2 
 .text.HAL_RTC_AlarmIRQHandler
                0x00000000080016c8       0x8c build/stm32f4xx_hal_rtc.o
                0x00000000080016c8                HAL_RTC_AlarmIRQHandler
 .text.HAL_RTC_WaitForSynchro
                0x0000000008001754       0x50 build/stm32f4xx_hal_rtc.o
                0x0000000008001754                HAL_RTC_WaitForSynchro
 .text.RTC_EnterInitMode
                0x00000000080017a4       0x58 build/stm32f4xx_hal_rtc.o
                0x00000000080017a4                RTC_EnterInitMode
 .text.HAL_PWREx_EnableOverDrive
                0x00000000080017fc       0xa0 build/stm32f4xx_hal_pwr_ex.o
                0x00000000080017fc                HAL_PWREx_EnableOverDrive
 .text.HAL_RCC_OscConfig
                0x000000000800189c      0x47c build/stm32f4xx_hal_rcc.o
                0x000000000800189c                HAL_RCC_OscConfig
 .text.HAL_RCC_ClockConfig
                0x0000000008001d18      0x1c4 build/stm32f4xx_hal_rcc.o
                0x0000000008001d18                HAL_RCC_ClockConfig
 .text.HAL_RCC_GetSysClockFreq
                0x0000000008001edc      0x18c build/stm32f4xx_hal_rcc.o
                0x0000000008001edc                HAL_RCC_GetSysClockFreq
 .text.HAL_RCC_GetHCLKFreq
                0x0000000008002068       0x18 build/stm32f4xx_hal_rcc.o
                0x0000000008002068                HAL_RCC_GetHCLKFreq
 .text.HAL_RCC_GetPCLK1Freq
                0x0000000008002080       0x28 build/stm32f4xx_hal_rcc.o
                0x0000000008002080                HAL_RCC_GetPCLK1Freq
 .text.HAL_RCC_GetPCLK2Freq
                0x00000000080020a8       0x28 build/stm32f4xx_hal_rcc.o
                0x00000000080020a8                HAL_RCC_GetPCLK2Freq
 .text.NVIC_SetPriorityGrouping
                0x00000000080020d0       0x48 build/stm32f4xx_hal_cortex.o
 .text.NVIC_GetPriorityGrouping
                0x0000000008002118       0x1c build/stm32f4xx_hal_cortex.o
 .text.NVIC_EnableIRQ
                0x0000000008002134       0x34 build/stm32f4xx_hal_cortex.o
 .text.NVIC_SetPriority
                0x0000000008002168       0x54 build/stm32f4xx_hal_cortex.o
 .text.NVIC_EncodePriority
                0x00000000080021bc       0x66 build/stm32f4xx_hal_cortex.o
 .text.HAL_NVIC_SetPriorityGrouping
                0x0000000008002222       0x16 build/stm32f4xx_hal_cortex.o
                0x0000000008002222                HAL_NVIC_SetPriorityGrouping
 .text.HAL_NVIC_SetPriority
                0x0000000008002238       0x38 build/stm32f4xx_hal_cortex.o
                0x0000000008002238                HAL_NVIC_SetPriority
 .text.HAL_NVIC_EnableIRQ
                0x0000000008002270       0x1c build/stm32f4xx_hal_cortex.o
                0x0000000008002270                HAL_NVIC_EnableIRQ
 .text.HAL_GPIO_Init
                0x000000000800228c      0x358 build/stm32f4xx_hal_gpio.o
                0x000000000800228c                HAL_GPIO_Init
 .text.HAL_Init
                0x00000000080025e4       0x44 build/stm32f4xx_hal.o
                0x00000000080025e4                HAL_Init
 .text.HAL_IncTick
                0x0000000008002628       0x28 build/stm32f4xx_hal.o
                0x0000000008002628                HAL_IncTick
 .text.HAL_GetTick
                0x0000000008002650       0x18 build/stm32f4xx_hal.o
                0x0000000008002650                HAL_GetTick
 .text.HAL_UART_Init
                0x0000000008002668       0x9a build/stm32f4xx_hal_uart.o
                0x0000000008002668                HAL_UART_Init
 .text.HAL_UART_Transmit
                0x0000000008002702      0x132 build/stm32f4xx_hal_uart.o
                0x0000000008002702                HAL_UART_Transmit
 .text.UART_WaitOnFlagUntilTimeout
                0x0000000008002834       0x94 build/stm32f4xx_hal_uart.o
 .text.UART_SetConfig
                0x00000000080028c8      0x438 build/stm32f4xx_hal_uart.o
 .text.HAL_InitTick
                0x0000000008002d00      0x1c4 build/stm32f4xx_hal_timebase_rtc_alarm_template.o
                0x0000000008002d00                HAL_InitTick
 .text.HAL_RTC_AlarmAEventCallback
                0x0000000008002ec4       0x8c build/stm32f4xx_hal_timebase_rtc_alarm_template.o
                0x0000000008002ec4                HAL_RTC_AlarmAEventCallback
 .text.RTC_Alarm_IRQHandler
                0x0000000008002f50       0x14 build/stm32f4xx_hal_timebase_rtc_alarm_template.o
                0x0000000008002f50                RTC_Alarm_IRQHandler
 .text.HAL_MspInit
                0x0000000008002f64        0xe build/stm32f4xx_hal_msp_template.o
                0x0000000008002f64                HAL_MspInit
 *fill*         0x0000000008002f72        0x2 
 .text.Reset_Handler
                0x0000000008002f74       0x50 build/startup_stm32f429xx.o
                0x0000000008002f74                Reset_Handler
 .text.Default_Handler
                0x0000000008002fc4        0x2 build/startup_stm32f429xx.o
                0x0000000008002fc4                HASH_RNG_IRQHandler
                0x0000000008002fc4                EXTI2_IRQHandler
                0x0000000008002fc4                TIM8_CC_IRQHandler
                0x0000000008002fc4                UART8_IRQHandler
                0x0000000008002fc4                SPI4_IRQHandler
                0x0000000008002fc4                TIM1_CC_IRQHandler
                0x0000000008002fc4                DMA2_Stream5_IRQHandler
                0x0000000008002fc4                DMA1_Stream5_IRQHandler
                0x0000000008002fc4                PVD_IRQHandler
                0x0000000008002fc4                SDIO_IRQHandler
                0x0000000008002fc4                TAMP_STAMP_IRQHandler
                0x0000000008002fc4                CAN2_RX1_IRQHandler
                0x0000000008002fc4                EXTI3_IRQHandler
                0x0000000008002fc4                TIM8_TRG_COM_TIM14_IRQHandler
                0x0000000008002fc4                TIM1_UP_TIM10_IRQHandler
                0x0000000008002fc4                TIM8_UP_TIM13_IRQHandler
                0x0000000008002fc4                I2C3_ER_IRQHandler
                0x0000000008002fc4                EXTI0_IRQHandler
                0x0000000008002fc4                I2C2_EV_IRQHandler
                0x0000000008002fc4                DMA1_Stream2_IRQHandler
                0x0000000008002fc4                CAN1_RX0_IRQHandler
                0x0000000008002fc4                FPU_IRQHandler
                0x0000000008002fc4                OTG_HS_WKUP_IRQHandler
                0x0000000008002fc4                LTDC_ER_IRQHandler
                0x0000000008002fc4                CAN2_SCE_IRQHandler
                0x0000000008002fc4                DMA2_Stream2_IRQHandler
                0x0000000008002fc4                SPI1_IRQHandler
                0x0000000008002fc4                TIM6_DAC_IRQHandler
                0x0000000008002fc4                TIM1_BRK_TIM9_IRQHandler
                0x0000000008002fc4                DCMI_IRQHandler
                0x0000000008002fc4                CAN2_RX0_IRQHandler
                0x0000000008002fc4                DMA2_Stream3_IRQHandler
                0x0000000008002fc4                USART6_IRQHandler
                0x0000000008002fc4                USART3_IRQHandler
                0x0000000008002fc4                CAN1_RX1_IRQHandler
                0x0000000008002fc4                UART5_IRQHandler
                0x0000000008002fc4                DMA2_Stream0_IRQHandler
                0x0000000008002fc4                TIM4_IRQHandler
                0x0000000008002fc4                I2C1_EV_IRQHandler
                0x0000000008002fc4                DMA1_Stream6_IRQHandler
                0x0000000008002fc4                DMA1_Stream1_IRQHandler
                0x0000000008002fc4                UART4_IRQHandler
                0x0000000008002fc4                TIM3_IRQHandler
                0x0000000008002fc4                RCC_IRQHandler
                0x0000000008002fc4                TIM8_BRK_TIM12_IRQHandler
                0x0000000008002fc4                Default_Handler
                0x0000000008002fc4                EXTI15_10_IRQHandler
                0x0000000008002fc4                ADC_IRQHandler
                0x0000000008002fc4                DMA1_Stream7_IRQHandler
                0x0000000008002fc4                SPI5_IRQHandler
                0x0000000008002fc4                TIM7_IRQHandler
                0x0000000008002fc4                CAN2_TX_IRQHandler
                0x0000000008002fc4                TIM5_IRQHandler
                0x0000000008002fc4                DMA2_Stream7_IRQHandler
                0x0000000008002fc4                I2C3_EV_IRQHandler
                0x0000000008002fc4                EXTI9_5_IRQHandler
                0x0000000008002fc4                RTC_WKUP_IRQHandler
                0x0000000008002fc4                LTDC_IRQHandler
                0x0000000008002fc4                ETH_WKUP_IRQHandler
                0x0000000008002fc4                SPI2_IRQHandler
                0x0000000008002fc4                OTG_HS_EP1_IN_IRQHandler
                0x0000000008002fc4                DMA1_Stream0_IRQHandler
                0x0000000008002fc4                CAN1_TX_IRQHandler
                0x0000000008002fc4                EXTI4_IRQHandler
                0x0000000008002fc4                ETH_IRQHandler
                0x0000000008002fc4                OTG_HS_EP1_OUT_IRQHandler
                0x0000000008002fc4                WWDG_IRQHandler
                0x0000000008002fc4                SPI6_IRQHandler
                0x0000000008002fc4                TIM2_IRQHandler
                0x0000000008002fc4                OTG_FS_WKUP_IRQHandler
                0x0000000008002fc4                TIM1_TRG_COM_TIM11_IRQHandler
                0x0000000008002fc4                OTG_HS_IRQHandler
                0x0000000008002fc4                DMA2D_IRQHandler
                0x0000000008002fc4                EXTI1_IRQHandler
                0x0000000008002fc4                UART7_IRQHandler
                0x0000000008002fc4                USART2_IRQHandler
                0x0000000008002fc4                I2C2_ER_IRQHandler
                0x0000000008002fc4                DMA2_Stream1_IRQHandler
                0x0000000008002fc4                CAN1_SCE_IRQHandler
                0x0000000008002fc4                FLASH_IRQHandler
                0x0000000008002fc4                DMA2_Stream4_IRQHandler
                0x0000000008002fc4                USART1_IRQHandler
                0x0000000008002fc4                OTG_FS_IRQHandler
                0x0000000008002fc4                SPI3_IRQHandler
                0x0000000008002fc4                DMA1_Stream4_IRQHandler
                0x0000000008002fc4                I2C1_ER_IRQHandler
                0x0000000008002fc4                FMC_IRQHandler
                0x0000000008002fc4                DMA2_Stream6_IRQHandler
                0x0000000008002fc4                SAI1_IRQHandler
                0x0000000008002fc4                DMA1_Stream3_IRQHandler
 *fill*         0x0000000008002fc6        0x2 
 .text.__errno  0x0000000008002fc8        0xc /home/hao/Documents/gcc-arm-none-eabi/bin/../lib/gcc/arm-none-eabi/10.2.1/../../../../arm-none-eabi/lib/thumb/v7e-m+fp/hard/libc_nano.a(lib_a-errno.o)
                0x0000000008002fc8                __errno
 .text.__libc_init_array
                0x0000000008002fd4       0x48 /home/hao/Documents/gcc-arm-none-eabi/bin/../lib/gcc/arm-none-eabi/10.2.1/../../../../arm-none-eabi/lib/thumb/v7e-m+fp/hard/libc_nano.a(lib_a-init.o)
                0x0000000008002fd4                __libc_init_array
 .text.memset   0x000000000800301c       0x10 /home/hao/Documents/gcc-arm-none-eabi/bin/../lib/gcc/arm-none-eabi/10.2.1/../../../../arm-none-eabi/lib/thumb/v7e-m+fp/hard/libc_nano.a(lib_a-memset.o)
                0x000000000800301c                memset
 .text.__cvt    0x000000000800302c       0xc4 /home/hao/Documents/gcc-arm-none-eabi/bin/../lib/gcc/arm-none-eabi/10.2.1/../../../../arm-none-eabi/lib/thumb/v7e-m+fp/hard/libc_nano.a(lib_a-nano-vfprintf_float.o)
                0x000000000800302c                __cvt
 .text.__exponent
                0x00000000080030f0       0x7c /home/hao/Documents/gcc-arm-none-eabi/bin/../lib/gcc/arm-none-eabi/10.2.1/../../../../arm-none-eabi/lib/thumb/v7e-m+fp/hard/libc_nano.a(lib_a-nano-vfprintf_float.o)
                0x00000000080030f0                __exponent
 .text._printf_float
                0x000000000800316c      0x46c /home/hao/Documents/gcc-arm-none-eabi/bin/../lib/gcc/arm-none-eabi/10.2.1/../../../../arm-none-eabi/lib/thumb/v7e-m+fp/hard/libc_nano.a(lib_a-nano-vfprintf_float.o)
                0x000000000800316c                _printf_float
 .text._printf_common
                0x00000000080035d8       0xda /home/hao/Documents/gcc-arm-none-eabi/bin/../lib/gcc/arm-none-eabi/10.2.1/../../../../arm-none-eabi/lib/thumb/v7e-m+fp/hard/libc_nano.a(lib_a-nano-vfprintf_i.o)
                0x00000000080035d8                _printf_common
 *fill*         0x00000000080036b2        0x2 
 .text._printf_i
                0x00000000080036b4      0x24c /home/hao/Documents/gcc-arm-none-eabi/bin/../lib/gcc/arm-none-eabi/10.2.1/../../../../arm-none-eabi/lib/thumb/v7e-m+fp/hard/libc_nano.a(lib_a-nano-vfprintf_i.o)
                0x00000000080036b4                _printf_i
 .text._puts_r  0x0000000008003900       0xdc /home/hao/Documents/gcc-arm-none-eabi/bin/../lib/gcc/arm-none-eabi/10.2.1/../../../../arm-none-eabi/lib/thumb/v7e-m+fp/hard/libc_nano.a(lib_a-puts.o)
                0x0000000008003900                _puts_r
 .text.puts     0x00000000080039dc       0x10 /home/hao/Documents/gcc-arm-none-eabi/bin/../lib/gcc/arm-none-eabi/10.2.1/../../../../arm-none-eabi/lib/thumb/v7e-m+fp/hard/libc_nano.a(lib_a-puts.o)
                0x00000000080039dc                puts
 .text.__swbuf_r
                0x00000000080039ec       0xa4 /home/hao/Documents/gcc-arm-none-eabi/bin/../lib/gcc/arm-none-eabi/10.2.1/../../../../arm-none-eabi/lib/thumb/v7e-m+fp/hard/libc_nano.a(lib_a-wbuf.o)
                0x00000000080039ec                __swbuf_r
 .text.__swsetup_r
                0x0000000008003a90       0xdc /home/hao/Documents/gcc-arm-none-eabi/bin/../lib/gcc/arm-none-eabi/10.2.1/../../../../arm-none-eabi/lib/thumb/v7e-m+fp/hard/libc_nano.a(lib_a-wsetup.o)
                0x0000000008003a90                __swsetup_r
 .text.quorem   0x0000000008003b6c      0x116 /home/hao/Documents/gcc-arm-none-eabi/bin/../lib/gcc/arm-none-eabi/10.2.1/../../../../arm-none-eabi/lib/thumb/v7e-m+fp/hard/libc_nano.a(lib_a-dtoa.o)
 *fill*         0x0000000008003c82        0x6 
 .text._dtoa_r  0x0000000008003c88      0xbdc /home/hao/Documents/gcc-arm-none-eabi/bin/../lib/gcc/arm-none-eabi/10.2.1/../../../../arm-none-eabi/lib/thumb/v7e-m+fp/hard/libc_nano.a(lib_a-dtoa.o)
                0x0000000008003c88                _dtoa_r
 .text.__sflush_r
                0x0000000008004864      0x10c /home/hao/Documents/gcc-arm-none-eabi/bin/../lib/gcc/arm-none-eabi/10.2.1/../../../../arm-none-eabi/lib/thumb/v7e-m+fp/hard/libc_nano.a(lib_a-fflush.o)
                0x0000000008004864                __sflush_r
 .text._fflush_r
                0x0000000008004970       0x78 /home/hao/Documents/gcc-arm-none-eabi/bin/../lib/gcc/arm-none-eabi/10.2.1/../../../../arm-none-eabi/lib/thumb/v7e-m+fp/hard/libc_nano.a(lib_a-fflush.o)
                0x0000000008004970                _fflush_r
 .text.std      0x00000000080049e8       0x48 /home/hao/Documents/gcc-arm-none-eabi/bin/../lib/gcc/arm-none-eabi/10.2.1/../../../../arm-none-eabi/lib/thumb/v7e-m+fp/hard/libc_nano.a(lib_a-findfp.o)
 .text._cleanup_r
                0x0000000008004a30        0xc /home/hao/Documents/gcc-arm-none-eabi/bin/../lib/gcc/arm-none-eabi/10.2.1/../../../../arm-none-eabi/lib/thumb/v7e-m+fp/hard/libc_nano.a(lib_a-findfp.o)
                0x0000000008004a30                _cleanup_r
 .text.__sfmoreglue
                0x0000000008004a3c       0x2c /home/hao/Documents/gcc-arm-none-eabi/bin/../lib/gcc/arm-none-eabi/10.2.1/../../../../arm-none-eabi/lib/thumb/v7e-m+fp/hard/libc_nano.a(lib_a-findfp.o)
                0x0000000008004a3c                __sfmoreglue
 .text.__sfp_lock_acquire
                0x0000000008004a68        0xc /home/hao/Documents/gcc-arm-none-eabi/bin/../lib/gcc/arm-none-eabi/10.2.1/../../../../arm-none-eabi/lib/thumb/v7e-m+fp/hard/libc_nano.a(lib_a-findfp.o)
                0x0000000008004a68                __sfp_lock_acquire
 .text.__sfp_lock_release
                0x0000000008004a74        0xc /home/hao/Documents/gcc-arm-none-eabi/bin/../lib/gcc/arm-none-eabi/10.2.1/../../../../arm-none-eabi/lib/thumb/v7e-m+fp/hard/libc_nano.a(lib_a-findfp.o)
                0x0000000008004a74                __sfp_lock_release
 .text.__sinit_lock_acquire
                0x0000000008004a80        0xc /home/hao/Documents/gcc-arm-none-eabi/bin/../lib/gcc/arm-none-eabi/10.2.1/../../../../arm-none-eabi/lib/thumb/v7e-m+fp/hard/libc_nano.a(lib_a-findfp.o)
                0x0000000008004a80                __sinit_lock_acquire
 .text.__sinit_lock_release
                0x0000000008004a8c        0xc /home/hao/Documents/gcc-arm-none-eabi/bin/../lib/gcc/arm-none-eabi/10.2.1/../../../../arm-none-eabi/lib/thumb/v7e-m+fp/hard/libc_nano.a(lib_a-findfp.o)
                0x0000000008004a8c                __sinit_lock_release
 .text.__sinit  0x0000000008004a98       0x70 /home/hao/Documents/gcc-arm-none-eabi/bin/../lib/gcc/arm-none-eabi/10.2.1/../../../../arm-none-eabi/lib/thumb/v7e-m+fp/hard/libc_nano.a(lib_a-findfp.o)
                0x0000000008004a98                __sinit
 .text.__sfp    0x0000000008004b08       0x8c /home/hao/Documents/gcc-arm-none-eabi/bin/../lib/gcc/arm-none-eabi/10.2.1/../../../../arm-none-eabi/lib/thumb/v7e-m+fp/hard/libc_nano.a(lib_a-findfp.o)
                0x0000000008004b08                __sfp
 .text._fwalk_reent
                0x0000000008004b94       0x3e /home/hao/Documents/gcc-arm-none-eabi/bin/../lib/gcc/arm-none-eabi/10.2.1/../../../../arm-none-eabi/lib/thumb/v7e-m+fp/hard/libc_nano.a(lib_a-fwalk.o)
                0x0000000008004b94                _fwalk_reent
 *fill*         0x0000000008004bd2        0x2 
 .text._localeconv_r
                0x0000000008004bd4        0x8 /home/hao/Documents/gcc-arm-none-eabi/bin/../lib/gcc/arm-none-eabi/10.2.1/../../../../arm-none-eabi/lib/thumb/v7e-m+fp/hard/libc_nano.a(lib_a-localeconv.o)
                0x0000000008004bd4                _localeconv_r
 .text.__retarget_lock_init_recursive
                0x0000000008004bdc        0x2 /home/hao/Documents/gcc-arm-none-eabi/bin/../lib/gcc/arm-none-eabi/10.2.1/../../../../arm-none-eabi/lib/thumb/v7e-m+fp/hard/libc_nano.a(lib_a-lock.o)
                0x0000000008004bdc                __retarget_lock_init_recursive
 .text.__retarget_lock_acquire_recursive
                0x0000000008004bde        0x2 /home/hao/Documents/gcc-arm-none-eabi/bin/../lib/gcc/arm-none-eabi/10.2.1/../../../../arm-none-eabi/lib/thumb/v7e-m+fp/hard/libc_nano.a(lib_a-lock.o)
                0x0000000008004bde                __retarget_lock_acquire_recursive
 .text.__retarget_lock_release_recursive
                0x0000000008004be0        0x2 /home/hao/Documents/gcc-arm-none-eabi/bin/../lib/gcc/arm-none-eabi/10.2.1/../../../../arm-none-eabi/lib/thumb/v7e-m+fp/hard/libc_nano.a(lib_a-lock.o)
                0x0000000008004be0                __retarget_lock_release_recursive
 .text.__swhatbuf_r
                0x0000000008004be2       0x4a /home/hao/Documents/gcc-arm-none-eabi/bin/../lib/gcc/arm-none-eabi/10.2.1/../../../../arm-none-eabi/lib/thumb/v7e-m+fp/hard/libc_nano.a(lib_a-makebuf.o)
                0x0000000008004be2                __swhatbuf_r
 .text.__smakebuf_r
                0x0000000008004c2c       0x80 /home/hao/Documents/gcc-arm-none-eabi/bin/../lib/gcc/arm-none-eabi/10.2.1/../../../../arm-none-eabi/lib/thumb/v7e-m+fp/hard/libc_nano.a(lib_a-makebuf.o)
                0x0000000008004c2c                __smakebuf_r
 .text.malloc   0x0000000008004cac       0x10 /home/hao/Documents/gcc-arm-none-eabi/bin/../lib/gcc/arm-none-eabi/10.2.1/../../../../arm-none-eabi/lib/thumb/v7e-m+fp/hard/libc_nano.a(lib_a-malloc.o)
                0x0000000008004cac                malloc
 .text.memcpy   0x0000000008004cbc       0x1c /home/hao/Documents/gcc-arm-none-eabi/bin/../lib/gcc/arm-none-eabi/10.2.1/../../../../arm-none-eabi/lib/thumb/v7e-m+fp/hard/libc_nano.a(lib_a-memcpy-stub.o)
                0x0000000008004cbc                memcpy
 .text._Balloc  0x0000000008004cd8       0x80 /home/hao/Documents/gcc-arm-none-eabi/bin/../lib/gcc/arm-none-eabi/10.2.1/../../../../arm-none-eabi/lib/thumb/v7e-m+fp/hard/libc_nano.a(lib_a-mprec.o)
                0x0000000008004cd8                _Balloc
 .text._Bfree   0x0000000008004d58       0x44 /home/hao/Documents/gcc-arm-none-eabi/bin/../lib/gcc/arm-none-eabi/10.2.1/../../../../arm-none-eabi/lib/thumb/v7e-m+fp/hard/libc_nano.a(lib_a-mprec.o)
                0x0000000008004d58                _Bfree
 .text.__multadd
                0x0000000008004d9c       0x8c /home/hao/Documents/gcc-arm-none-eabi/bin/../lib/gcc/arm-none-eabi/10.2.1/../../../../arm-none-eabi/lib/thumb/v7e-m+fp/hard/libc_nano.a(lib_a-mprec.o)
                0x0000000008004d9c                __multadd
 .text.__hi0bits
                0x0000000008004e28       0x40 /home/hao/Documents/gcc-arm-none-eabi/bin/../lib/gcc/arm-none-eabi/10.2.1/../../../../arm-none-eabi/lib/thumb/v7e-m+fp/hard/libc_nano.a(lib_a-mprec.o)
                0x0000000008004e28                __hi0bits
 .text.__lo0bits
                0x0000000008004e68       0x5e /home/hao/Documents/gcc-arm-none-eabi/bin/../lib/gcc/arm-none-eabi/10.2.1/../../../../arm-none-eabi/lib/thumb/v7e-m+fp/hard/libc_nano.a(lib_a-mprec.o)
                0x0000000008004e68                __lo0bits
 *fill*         0x0000000008004ec6        0x2 
 .text.__i2b    0x0000000008004ec8       0x2c /home/hao/Documents/gcc-arm-none-eabi/bin/../lib/gcc/arm-none-eabi/10.2.1/../../../../arm-none-eabi/lib/thumb/v7e-m+fp/hard/libc_nano.a(lib_a-mprec.o)
                0x0000000008004ec8                __i2b
 .text.__multiply
                0x0000000008004ef4      0x154 /home/hao/Documents/gcc-arm-none-eabi/bin/../lib/gcc/arm-none-eabi/10.2.1/../../../../arm-none-eabi/lib/thumb/v7e-m+fp/hard/libc_nano.a(lib_a-mprec.o)
                0x0000000008004ef4                __multiply
 .text.__pow5mult
                0x0000000008005048       0xb4 /home/hao/Documents/gcc-arm-none-eabi/bin/../lib/gcc/arm-none-eabi/10.2.1/../../../../arm-none-eabi/lib/thumb/v7e-m+fp/hard/libc_nano.a(lib_a-mprec.o)
                0x0000000008005048                __pow5mult
 .text.__lshift
                0x00000000080050fc       0xe0 /home/hao/Documents/gcc-arm-none-eabi/bin/../lib/gcc/arm-none-eabi/10.2.1/../../../../arm-none-eabi/lib/thumb/v7e-m+fp/hard/libc_nano.a(lib_a-mprec.o)
                0x00000000080050fc                __lshift
 .text.__mcmp   0x00000000080051dc       0x38 /home/hao/Documents/gcc-arm-none-eabi/bin/../lib/gcc/arm-none-eabi/10.2.1/../../../../arm-none-eabi/lib/thumb/v7e-m+fp/hard/libc_nano.a(lib_a-mprec.o)
                0x00000000080051dc                __mcmp
 .text.__mdiff  0x0000000008005214      0x114 /home/hao/Documents/gcc-arm-none-eabi/bin/../lib/gcc/arm-none-eabi/10.2.1/../../../../arm-none-eabi/lib/thumb/v7e-m+fp/hard/libc_nano.a(lib_a-mprec.o)
                0x0000000008005214                __mdiff
 .text.__d2b    0x0000000008005328       0xb8 /home/hao/Documents/gcc-arm-none-eabi/bin/../lib/gcc/arm-none-eabi/10.2.1/../../../../arm-none-eabi/lib/thumb/v7e-m+fp/hard/libc_nano.a(lib_a-mprec.o)
                0x0000000008005328                __d2b
 .text._calloc_r
                0x00000000080053e0       0x1e /home/hao/Documents/gcc-arm-none-eabi/bin/../lib/gcc/arm-none-eabi/10.2.1/../../../../arm-none-eabi/lib/thumb/v7e-m+fp/hard/libc_nano.a(lib_a-nano-callocr.o)
                0x00000000080053e0                _calloc_r
 *fill*         0x00000000080053fe        0x2 
 .text._free_r  0x0000000008005400       0x98 /home/hao/Documents/gcc-arm-none-eabi/bin/../lib/gcc/arm-none-eabi/10.2.1/../../../../arm-none-eabi/lib/thumb/v7e-m+fp/hard/libc_nano.a(lib_a-nano-freer.o)
                0x0000000008005400                _free_r
 .text._malloc_r
                0x0000000008005498       0xb4 /home/hao/Documents/gcc-arm-none-eabi/bin/../lib/gcc/arm-none-eabi/10.2.1/../../../../arm-none-eabi/lib/thumb/v7e-m+fp/hard/libc_nano.a(lib_a-nano-mallocr.o)
                0x0000000008005498                _malloc_r
 .text._sbrk_r  0x000000000800554c       0x20 /home/hao/Documents/gcc-arm-none-eabi/bin/../lib/gcc/arm-none-eabi/10.2.1/../../../../arm-none-eabi/lib/thumb/v7e-m+fp/hard/libc_nano.a(lib_a-sbrkr.o)
                0x000000000800554c                _sbrk_r
 .text.__sread  0x000000000800556c       0x22 /home/hao/Documents/gcc-arm-none-eabi/bin/../lib/gcc/arm-none-eabi/10.2.1/../../../../arm-none-eabi/lib/thumb/v7e-m+fp/hard/libc_nano.a(lib_a-stdio.o)
                0x000000000800556c                __sread
 .text.__swrite
                0x000000000800558e       0x38 /home/hao/Documents/gcc-arm-none-eabi/bin/../lib/gcc/arm-none-eabi/10.2.1/../../../../arm-none-eabi/lib/thumb/v7e-m+fp/hard/libc_nano.a(lib_a-stdio.o)
                0x000000000800558e                __swrite
 .text.__sseek  0x00000000080055c6       0x24 /home/hao/Documents/gcc-arm-none-eabi/bin/../lib/gcc/arm-none-eabi/10.2.1/../../../../arm-none-eabi/lib/thumb/v7e-m+fp/hard/libc_nano.a(lib_a-stdio.o)
                0x00000000080055c6                __sseek
 .text.__sclose
                0x00000000080055ea        0x8 /home/hao/Documents/gcc-arm-none-eabi/bin/../lib/gcc/arm-none-eabi/10.2.1/../../../../arm-none-eabi/lib/thumb/v7e-m+fp/hard/libc_nano.a(lib_a-stdio.o)
                0x00000000080055ea                __sclose
 *fill*         0x00000000080055f2        0x2 
 .text._write_r
                0x00000000080055f4       0x24 /home/hao/Documents/gcc-arm-none-eabi/bin/../lib/gcc/arm-none-eabi/10.2.1/../../../../arm-none-eabi/lib/thumb/v7e-m+fp/hard/libc_nano.a(lib_a-writer.o)
                0x00000000080055f4                _write_r
 .text.__assert_func
                0x0000000008005618       0x3c /home/hao/Documents/gcc-arm-none-eabi/bin/../lib/gcc/arm-none-eabi/10.2.1/../../../../arm-none-eabi/lib/thumb/v7e-m+fp/hard/libc_nano.a(lib_a-assert.o)
                0x0000000008005618                __assert_func
 .text._close_r
                0x0000000008005654       0x20 /home/hao/Documents/gcc-arm-none-eabi/bin/../lib/gcc/arm-none-eabi/10.2.1/../../../../arm-none-eabi/lib/thumb/v7e-m+fp/hard/libc_nano.a(lib_a-closer.o)
                0x0000000008005654                _close_r
 .text.fprintf  0x0000000008005674       0x24 /home/hao/Documents/gcc-arm-none-eabi/bin/../lib/gcc/arm-none-eabi/10.2.1/../../../../arm-none-eabi/lib/thumb/v7e-m+fp/hard/libc_nano.a(lib_a-fprintf.o)
                0x0000000008005674                fprintf
                0x0000000008005674                fiprintf
 .text._fstat_r
                0x0000000008005698       0x24 /home/hao/Documents/gcc-arm-none-eabi/bin/../lib/gcc/arm-none-eabi/10.2.1/../../../../arm-none-eabi/lib/thumb/v7e-m+fp/hard/libc_nano.a(lib_a-fstatr.o)
                0x0000000008005698                _fstat_r
 .text._isatty_r
                0x00000000080056bc       0x20 /home/hao/Documents/gcc-arm-none-eabi/bin/../lib/gcc/arm-none-eabi/10.2.1/../../../../arm-none-eabi/lib/thumb/v7e-m+fp/hard/libc_nano.a(lib_a-isattyr.o)
                0x00000000080056bc                _isatty_r
 .text._lseek_r
                0x00000000080056dc       0x24 /home/hao/Documents/gcc-arm-none-eabi/bin/../lib/gcc/arm-none-eabi/10.2.1/../../../../arm-none-eabi/lib/thumb/v7e-m+fp/hard/libc_nano.a(lib_a-lseekr.o)
                0x00000000080056dc                _lseek_r
 .text.__ascii_mbtowc
                0x0000000008005700       0x24 /home/hao/Documents/gcc-arm-none-eabi/bin/../lib/gcc/arm-none-eabi/10.2.1/../../../../arm-none-eabi/lib/thumb/v7e-m+fp/hard/libc_nano.a(lib_a-mbtowc_r.o)
                0x0000000008005700                __ascii_mbtowc
 .text.__malloc_lock
                0x0000000008005724        0xc /home/hao/Documents/gcc-arm-none-eabi/bin/../lib/gcc/arm-none-eabi/10.2.1/../../../../arm-none-eabi/lib/thumb/v7e-m+fp/hard/libc_nano.a(lib_a-mlock.o)
                0x0000000008005724                __malloc_lock
 .text.__malloc_unlock
                0x0000000008005730        0xc /home/hao/Documents/gcc-arm-none-eabi/bin/../lib/gcc/arm-none-eabi/10.2.1/../../../../arm-none-eabi/lib/thumb/v7e-m+fp/hard/libc_nano.a(lib_a-mlock.o)
                0x0000000008005730                __malloc_unlock
 .text.__sfputc_r
                0x000000000800573c       0x2e /home/hao/Documents/gcc-arm-none-eabi/bin/../lib/gcc/arm-none-eabi/10.2.1/../../../../arm-none-eabi/lib/thumb/v7e-m+fp/hard/libc_nano.a(lib_a-nano-vfprintf.o)
 .text.__sfputs_r
                0x000000000800576a       0x24 /home/hao/Documents/gcc-arm-none-eabi/bin/../lib/gcc/arm-none-eabi/10.2.1/../../../../arm-none-eabi/lib/thumb/v7e-m+fp/hard/libc_nano.a(lib_a-nano-vfprintf.o)
                0x000000000800576a                __sfputs_r
 *fill*         0x000000000800578e        0x2 
 .text._vfprintf_r
                0x0000000008005790      0x260 /home/hao/Documents/gcc-arm-none-eabi/bin/../lib/gcc/arm-none-eabi/10.2.1/../../../../arm-none-eabi/lib/thumb/v7e-m+fp/hard/libc_nano.a(lib_a-nano-vfprintf.o)
                0x0000000008005790                _vfiprintf_r
                0x0000000008005790                _vfprintf_r
 .text._read_r  0x00000000080059f0       0x24 /home/hao/Documents/gcc-arm-none-eabi/bin/../lib/gcc/arm-none-eabi/10.2.1/../../../../arm-none-eabi/lib/thumb/v7e-m+fp/hard/libc_nano.a(lib_a-readr.o)
                0x00000000080059f0                _read_r
 .text.__ascii_wctomb
                0x0000000008005a14       0x1a /home/hao/Documents/gcc-arm-none-eabi/bin/../lib/gcc/arm-none-eabi/10.2.1/../../../../arm-none-eabi/lib/thumb/v7e-m+fp/hard/libc_nano.a(lib_a-wctomb_r.o)
                0x0000000008005a14                __ascii_wctomb
 .text.abort    0x0000000008005a2e        0xe /home/hao/Documents/gcc-arm-none-eabi/bin/../lib/gcc/arm-none-eabi/10.2.1/../../../../arm-none-eabi/lib/thumb/v7e-m+fp/hard/libc_nano.a(lib_a-abort.o)
                0x0000000008005a2e                abort
 .text._raise_r
                0x0000000008005a3c       0x50 /home/hao/Documents/gcc-arm-none-eabi/bin/../lib/gcc/arm-none-eabi/10.2.1/../../../../arm-none-eabi/lib/thumb/v7e-m+fp/hard/libc_nano.a(lib_a-signal.o)
                0x0000000008005a3c                _raise_r
 .text.raise    0x0000000008005a8c       0x10 /home/hao/Documents/gcc-arm-none-eabi/bin/../lib/gcc/arm-none-eabi/10.2.1/../../../../arm-none-eabi/lib/thumb/v7e-m+fp/hard/libc_nano.a(lib_a-signal.o)
                0x0000000008005a8c                raise
 .text._kill_r  0x0000000008005a9c       0x24 /home/hao/Documents/gcc-arm-none-eabi/bin/../lib/gcc/arm-none-eabi/10.2.1/../../../../arm-none-eabi/lib/thumb/v7e-m+fp/hard/libc_nano.a(lib_a-signalr.o)
                0x0000000008005a9c                _kill_r
 .text._getpid_r
                0x0000000008005ac0        0x4 /home/hao/Documents/gcc-arm-none-eabi/bin/../lib/gcc/arm-none-eabi/10.2.1/../../../../arm-none-eabi/lib/thumb/v7e-m+fp/hard/libc_nano.a(lib_a-signalr.o)
                0x0000000008005ac0                _getpid_r
 .text._close   0x0000000008005ac4       0x10 /home/hao/Documents/gcc-arm-none-eabi/bin/../lib/gcc/arm-none-eabi/10.2.1/../../../../arm-none-eabi/lib/thumb/v7e-m+fp/hard/libnosys.a(close.o)
                0x0000000008005ac4                _close
 .text._fstat   0x0000000008005ad4       0x10 /home/hao/Documents/gcc-arm-none-eabi/bin/../lib/gcc/arm-none-eabi/10.2.1/../../../../arm-none-eabi/lib/thumb/v7e-m+fp/hard/libnosys.a(fstat.o)
                0x0000000008005ad4                _fstat
 .text._getpid  0x0000000008005ae4       0x10 /home/hao/Documents/gcc-arm-none-eabi/bin/../lib/gcc/arm-none-eabi/10.2.1/../../../../arm-none-eabi/lib/thumb/v7e-m+fp/hard/libnosys.a(getpid.o)
                0x0000000008005ae4                _getpid
 .text._isatty  0x0000000008005af4       0x10 /home/hao/Documents/gcc-arm-none-eabi/bin/../lib/gcc/arm-none-eabi/10.2.1/../../../../arm-none-eabi/lib/thumb/v7e-m+fp/hard/libnosys.a(isatty.o)
                0x0000000008005af4                _isatty
 .text._kill    0x0000000008005b04       0x10 /home/hao/Documents/gcc-arm-none-eabi/bin/../lib/gcc/arm-none-eabi/10.2.1/../../../../arm-none-eabi/lib/thumb/v7e-m+fp/hard/libnosys.a(kill.o)
                0x0000000008005b04                _kill
 .text._lseek   0x0000000008005b14       0x10 /home/hao/Documents/gcc-arm-none-eabi/bin/../lib/gcc/arm-none-eabi/10.2.1/../../../../arm-none-eabi/lib/thumb/v7e-m+fp/hard/libnosys.a(lseek.o)
                0x0000000008005b14                _lseek
 .text._read    0x0000000008005b24       0x10 /home/hao/Documents/gcc-arm-none-eabi/bin/../lib/gcc/arm-none-eabi/10.2.1/../../../../arm-none-eabi/lib/thumb/v7e-m+fp/hard/libnosys.a(read.o)
                0x0000000008005b24                _read
 .text._sbrk    0x0000000008005b34       0x1c /home/hao/Documents/gcc-arm-none-eabi/bin/../lib/gcc/arm-none-eabi/10.2.1/../../../../arm-none-eabi/lib/thumb/v7e-m+fp/hard/libnosys.a(sbrk.o)
                0x0000000008005b34                _sbrk
 .text._exit    0x0000000008005b50        0x4 /home/hao/Documents/gcc-arm-none-eabi/bin/../lib/gcc/arm-none-eabi/10.2.1/../../../../arm-none-eabi/lib/thumb/v7e-m+fp/hard/libnosys.a(_exit.o)
                0x0000000008005b50                _exit
 *(.glue_7)
 .glue_7        0x0000000008005b54        0x0 linker stubs
 *(.glue_7t)
 .glue_7t       0x0000000008005b54        0x0 linker stubs
 *(.eh_frame)
 .eh_frame      0x0000000008005b54        0x0 /home/hao/Documents/gcc-arm-none-eabi/bin/../lib/gcc/arm-none-eabi/10.2.1/thumb/v7e-m+fp/hard/crtbegin.o
 *(.init)
 .init          0x0000000008005b54        0x4 /home/hao/Documents/gcc-arm-none-eabi/bin/../lib/gcc/arm-none-eabi/10.2.1/thumb/v7e-m+fp/hard/crti.o
                0x0000000008005b54                _init
 .init          0x0000000008005b58        0x8 /home/hao/Documents/gcc-arm-none-eabi/bin/../lib/gcc/arm-none-eabi/10.2.1/thumb/v7e-m+fp/hard/crtn.o
 *(.fini)
 .fini          0x0000000008005b60        0x4 /home/hao/Documents/gcc-arm-none-eabi/bin/../lib/gcc/arm-none-eabi/10.2.1/thumb/v7e-m+fp/hard/crti.o
                0x0000000008005b60                _fini
 .fini          0x0000000008005b64        0x8 /home/hao/Documents/gcc-arm-none-eabi/bin/../lib/gcc/arm-none-eabi/10.2.1/thumb/v7e-m+fp/hard/crtn.o
                0x0000000008005b6c                . = ALIGN (0x4)
                0x0000000008005b6c                _etext = .

.vfp11_veneer   0x0000000008005b6c        0x0
 .vfp11_veneer  0x0000000008005b6c        0x0 linker stubs

.v4_bx          0x0000000008005b6c        0x0
 .v4_bx         0x0000000008005b6c        0x0 linker stubs

.iplt           0x0000000008005b6c        0x0
 .iplt          0x0000000008005b6c        0x0 /home/hao/Documents/gcc-arm-none-eabi/bin/../lib/gcc/arm-none-eabi/10.2.1/thumb/v7e-m+fp/hard/crtbegin.o

.rodata         0x0000000008005b70      0x44c
                0x0000000008005b70                . = ALIGN (0x4)
 *(.rodata)
 .rodata        0x0000000008005b70        0xd build/main.o
 *(.rodata*)
 *fill*         0x0000000008005b7d        0x3 
 .rodata.AHBPrescTable
                0x0000000008005b80       0x10 build/system_stm32f4xx.o
                0x0000000008005b80                AHBPrescTable
 .rodata.APBPrescTable
                0x0000000008005b90        0x8 build/system_stm32f4xx.o
                0x0000000008005b90                APBPrescTable
 .rodata._global_impure_ptr
                0x0000000008005b98        0x4 /home/hao/Documents/gcc-arm-none-eabi/bin/../lib/gcc/arm-none-eabi/10.2.1/../../../../arm-none-eabi/lib/thumb/v7e-m+fp/hard/libc_nano.a(lib_a-impure.o)
                0x0000000008005b98                _global_impure_ptr
 .rodata._printf_float.str1.1
                0x0000000008005b9c       0x12 /home/hao/Documents/gcc-arm-none-eabi/bin/../lib/gcc/arm-none-eabi/10.2.1/../../../../arm-none-eabi/lib/thumb/v7e-m+fp/hard/libc_nano.a(lib_a-nano-vfprintf_float.o)
 .rodata._printf_i.str1.1
                0x0000000008005bae       0x22 /home/hao/Documents/gcc-arm-none-eabi/bin/../lib/gcc/arm-none-eabi/10.2.1/../../../../arm-none-eabi/lib/thumb/v7e-m+fp/hard/libc_nano.a(lib_a-nano-vfprintf_i.o)
 .rodata._dtoa_r.str1.1
                0x0000000008005bd0       0xb2 /home/hao/Documents/gcc-arm-none-eabi/bin/../lib/gcc/arm-none-eabi/10.2.1/../../../../arm-none-eabi/lib/thumb/v7e-m+fp/hard/libc_nano.a(lib_a-dtoa.o)
                                         0xb4 (size before relaxing)
 *fill*         0x0000000008005c82        0x2 
 .rodata.__sf_fake_stderr
                0x0000000008005c84       0x20 /home/hao/Documents/gcc-arm-none-eabi/bin/../lib/gcc/arm-none-eabi/10.2.1/../../../../arm-none-eabi/lib/thumb/v7e-m+fp/hard/libc_nano.a(lib_a-findfp.o)
                0x0000000008005c84                __sf_fake_stderr
 .rodata.__sf_fake_stdin
                0x0000000008005ca4       0x20 /home/hao/Documents/gcc-arm-none-eabi/bin/../lib/gcc/arm-none-eabi/10.2.1/../../../../arm-none-eabi/lib/thumb/v7e-m+fp/hard/libc_nano.a(lib_a-findfp.o)
                0x0000000008005ca4                __sf_fake_stdin
 .rodata.__sf_fake_stdout
                0x0000000008005cc4       0x20 /home/hao/Documents/gcc-arm-none-eabi/bin/../lib/gcc/arm-none-eabi/10.2.1/../../../../arm-none-eabi/lib/thumb/v7e-m+fp/hard/libc_nano.a(lib_a-findfp.o)
                0x0000000008005cc4                __sf_fake_stdout
 .rodata._Balloc.str1.1
                0x0000000008005ce4       0x7e /home/hao/Documents/gcc-arm-none-eabi/bin/../lib/gcc/arm-none-eabi/10.2.1/../../../../arm-none-eabi/lib/thumb/v7e-m+fp/hard/libc_nano.a(lib_a-mprec.o)
                                         0x95 (size before relaxing)
 .rodata.__multadd.str1.1
                0x0000000008005d62       0x11 /home/hao/Documents/gcc-arm-none-eabi/bin/../lib/gcc/arm-none-eabi/10.2.1/../../../../arm-none-eabi/lib/thumb/v7e-m+fp/hard/libc_nano.a(lib_a-mprec.o)
 *fill*         0x0000000008005d62        0x6 
 .rodata.__mprec_bigtens
                0x0000000008005d68       0x28 /home/hao/Documents/gcc-arm-none-eabi/bin/../lib/gcc/arm-none-eabi/10.2.1/../../../../arm-none-eabi/lib/thumb/v7e-m+fp/hard/libc_nano.a(lib_a-mprec.o)
                0x0000000008005d68                __mprec_bigtens
 .rodata.__mprec_tens
                0x0000000008005d90       0xc8 /home/hao/Documents/gcc-arm-none-eabi/bin/../lib/gcc/arm-none-eabi/10.2.1/../../../../arm-none-eabi/lib/thumb/v7e-m+fp/hard/libc_nano.a(lib_a-mprec.o)
                0x0000000008005d90                __mprec_tens
 .rodata.p05.0  0x0000000008005e58        0xc /home/hao/Documents/gcc-arm-none-eabi/bin/../lib/gcc/arm-none-eabi/10.2.1/../../../../arm-none-eabi/lib/thumb/v7e-m+fp/hard/libc_nano.a(lib_a-mprec.o)
 .rodata.__assert_func.str1.1
                0x0000000008005e64       0x3c /home/hao/Documents/gcc-arm-none-eabi/bin/../lib/gcc/arm-none-eabi/10.2.1/../../../../arm-none-eabi/lib/thumb/v7e-m+fp/hard/libc_nano.a(lib_a-assert.o)
                                         0x3d (size before relaxing)
 .rodata._setlocale_r.str1.1
                0x0000000008005ea0        0x8 /home/hao/Documents/gcc-arm-none-eabi/bin/../lib/gcc/arm-none-eabi/10.2.1/../../../../arm-none-eabi/lib/thumb/v7e-m+fp/hard/libc_nano.a(lib_a-locale.o)
                                          0x9 (size before relaxing)
 .rodata.str1.1
                0x0000000008005ea8        0x2 /home/hao/Documents/gcc-arm-none-eabi/bin/../lib/gcc/arm-none-eabi/10.2.1/../../../../arm-none-eabi/lib/thumb/v7e-m+fp/hard/libc_nano.a(lib_a-locale.o)
 .rodata._vfprintf_r.str1.1
                0x0000000008005eaa       0x11 /home/hao/Documents/gcc-arm-none-eabi/bin/../lib/gcc/arm-none-eabi/10.2.1/../../../../arm-none-eabi/lib/thumb/v7e-m+fp/hard/libc_nano.a(lib_a-nano-vfprintf.o)
 .rodata._ctype_
                0x0000000008005ebb      0x101 /home/hao/Documents/gcc-arm-none-eabi/bin/../lib/gcc/arm-none-eabi/10.2.1/../../../../arm-none-eabi/lib/thumb/v7e-m+fp/hard/libc_nano.a(lib_a-ctype_.o)
                0x0000000008005ebb                _ctype_
                0x0000000008005fbc                . = ALIGN (0x4)

.ARM.extab
 *(.ARM.extab* .gnu.linkonce.armextab.*)

.ARM            0x0000000008005fbc        0x8
                0x0000000008005fbc                __exidx_start = .
 *(.ARM.exidx*)
 .ARM.exidx     0x0000000008005fbc        0x8 /home/hao/Documents/gcc-arm-none-eabi/bin/../lib/gcc/arm-none-eabi/10.2.1/thumb/v7e-m+fp/hard/libgcc.a(_udivmoddi4.o)
                0x0000000008005fc4                __exidx_end = .

.rel.dyn        0x0000000008005fc4        0x0
 .rel.iplt      0x0000000008005fc4        0x0 /home/hao/Documents/gcc-arm-none-eabi/bin/../lib/gcc/arm-none-eabi/10.2.1/thumb/v7e-m+fp/hard/crtbegin.o

.preinit_array  0x0000000008005fc4        0x0
                0x0000000008005fc4                PROVIDE (__preinit_array_start = .)
 *(.preinit_array*)
                0x0000000008005fc4                PROVIDE (__preinit_array_end = .)

.init_array     0x0000000008005fc4        0x4
                0x0000000008005fc4                PROVIDE (__init_array_start = .)
 *(SORT_BY_NAME(.init_array.*))
 *(.init_array*)
 .init_array    0x0000000008005fc4        0x4 /home/hao/Documents/gcc-arm-none-eabi/bin/../lib/gcc/arm-none-eabi/10.2.1/thumb/v7e-m+fp/hard/crtbegin.o
                0x0000000008005fc8                PROVIDE (__init_array_end = .)

.fini_array     0x0000000008005fc8        0x4
                [!provide]                        PROVIDE (__fini_array_start = .)
 *(SORT_BY_NAME(.fini_array.*))
 *(.fini_array*)
 .fini_array    0x0000000008005fc8        0x4 /home/hao/Documents/gcc-arm-none-eabi/bin/../lib/gcc/arm-none-eabi/10.2.1/thumb/v7e-m+fp/hard/crtbegin.o
                [!provide]                        PROVIDE (__fini_array_end = .)
                0x0000000008005fcc                _sidata = LOADADDR (.data)

.data           0x0000000020000000      0x1d8 load address 0x0000000008005fcc
                0x0000000020000000                . = ALIGN (0x4)
                0x0000000020000000                _sdata = .
 *(.data)
 *(.data*)
 .data.SystemCoreClock
                0x0000000020000000        0x4 build/system_stm32f4xx.o
                0x0000000020000000                SystemCoreClock
 .data.uwTickFreq
                0x0000000020000004        0x1 build/stm32f4xx_hal.o
                0x0000000020000004                uwTickFreq
 *fill*         0x0000000020000005        0x3 
 .data._impure_ptr
                0x0000000020000008        0x4 /home/hao/Documents/gcc-arm-none-eabi/bin/../lib/gcc/arm-none-eabi/10.2.1/../../../../arm-none-eabi/lib/thumb/v7e-m+fp/hard/libc_nano.a(lib_a-impure.o)
                0x0000000020000008                _impure_ptr
 .data.impure_data
                0x000000002000000c       0x60 /home/hao/Documents/gcc-arm-none-eabi/bin/../lib/gcc/arm-none-eabi/10.2.1/../../../../arm-none-eabi/lib/thumb/v7e-m+fp/hard/libc_nano.a(lib_a-impure.o)
 .data.__global_locale
                0x000000002000006c      0x16c /home/hao/Documents/gcc-arm-none-eabi/bin/../lib/gcc/arm-none-eabi/10.2.1/../../../../arm-none-eabi/lib/thumb/v7e-m+fp/hard/libc_nano.a(lib_a-locale.o)
                0x000000002000006c                __global_locale
                0x00000000200001d8                . = ALIGN (0x4)
                0x00000000200001d8                _edata = .
                0x00000000080061a4                _siccmram = LOADADDR (.ccmram)

.igot.plt       0x00000000200001d8        0x0 load address 0x00000000080061a4
 .igot.plt      0x00000000200001d8        0x0 /home/hao/Documents/gcc-arm-none-eabi/bin/../lib/gcc/arm-none-eabi/10.2.1/thumb/v7e-m+fp/hard/crtbegin.o

.ccmram         0x0000000010000000        0x0 load address 0x00000000080061a4
                0x0000000010000000                . = ALIGN (0x4)
                0x0000000010000000                _sccmram = .
 *(.ccmram)
 *(.ccmram*)
                0x0000000010000000                . = ALIGN (0x4)
                0x0000000010000000                _eccmram = .
                0x0000000010000000                . = ALIGN (0x4)

.bss            0x00000000200001d8       0x94
                0x00000000200001d8                _sbss = .
                0x00000000200001d8                __bss_start__ = _sbss
 *(.bss)
 .bss           0x00000000200001d8       0x1c /home/hao/Documents/gcc-arm-none-eabi/bin/../lib/gcc/arm-none-eabi/10.2.1/thumb/v7e-m+fp/hard/crtbegin.o
 *(.bss*)
 .bss.UartHandle
                0x00000000200001f4       0x40 build/bsp_debug_usart.o
                0x00000000200001f4                UartHandle
 .bss.uwTick    0x0000000020000234        0x4 build/stm32f4xx_hal.o
                0x0000000020000234                uwTick
 .bss.hRTC_Handle
                0x0000000020000238       0x20 build/stm32f4xx_hal_timebase_rtc_alarm_template.o
                0x0000000020000238                hRTC_Handle
 .bss.__lock___malloc_recursive_mutex
                0x0000000020000258        0x1 /home/hao/Documents/gcc-arm-none-eabi/bin/../lib/gcc/arm-none-eabi/10.2.1/../../../../arm-none-eabi/lib/thumb/v7e-m+fp/hard/libc_nano.a(lib_a-lock.o)
                0x0000000020000258                __lock___malloc_recursive_mutex
 .bss.__lock___sfp_recursive_mutex
                0x0000000020000259        0x1 /home/hao/Documents/gcc-arm-none-eabi/bin/../lib/gcc/arm-none-eabi/10.2.1/../../../../arm-none-eabi/lib/thumb/v7e-m+fp/hard/libc_nano.a(lib_a-lock.o)
                0x0000000020000259                __lock___sfp_recursive_mutex
 .bss.__lock___sinit_recursive_mutex
                0x000000002000025a        0x1 /home/hao/Documents/gcc-arm-none-eabi/bin/../lib/gcc/arm-none-eabi/10.2.1/../../../../arm-none-eabi/lib/thumb/v7e-m+fp/hard/libc_nano.a(lib_a-lock.o)
                0x000000002000025a                __lock___sinit_recursive_mutex
 *fill*         0x000000002000025b        0x1 
 .bss.__malloc_free_list
                0x000000002000025c        0x4 /home/hao/Documents/gcc-arm-none-eabi/bin/../lib/gcc/arm-none-eabi/10.2.1/../../../../arm-none-eabi/lib/thumb/v7e-m+fp/hard/libc_nano.a(lib_a-nano-mallocr.o)
                0x000000002000025c                __malloc_free_list
 .bss.__malloc_sbrk_start
                0x0000000020000260        0x4 /home/hao/Documents/gcc-arm-none-eabi/bin/../lib/gcc/arm-none-eabi/10.2.1/../../../../arm-none-eabi/lib/thumb/v7e-m+fp/hard/libc_nano.a(lib_a-nano-mallocr.o)
                0x0000000020000260                __malloc_sbrk_start
 .bss.errno     0x0000000020000264        0x4 /home/hao/Documents/gcc-arm-none-eabi/bin/../lib/gcc/arm-none-eabi/10.2.1/../../../../arm-none-eabi/lib/thumb/v7e-m+fp/hard/libc_nano.a(lib_a-reent.o)
                0x0000000020000264                errno
 .bss.heap_end.0
                0x0000000020000268        0x4 /home/hao/Documents/gcc-arm-none-eabi/bin/../lib/gcc/arm-none-eabi/10.2.1/../../../../arm-none-eabi/lib/thumb/v7e-m+fp/hard/libnosys.a(sbrk.o)
 *(COMMON)
                0x000000002000026c                . = ALIGN (0x4)
                0x000000002000026c                _ebss = .
                0x000000002000026c                __bss_end__ = _ebss

._user_heap_stack
                0x000000002000026c      0x604
                0x0000000020000270                . = ALIGN (0x8)
 *fill*         0x000000002000026c        0x4 
                0x0000000020000270                PROVIDE (end = .)
                [!provide]                        PROVIDE (_end = .)
                0x0000000020000470                . = (. + _Min_Heap_Size)
 *fill*         0x0000000020000270      0x200 
                0x0000000020000870                . = (. + _Min_Stack_Size)
 *fill*         0x0000000020000470      0x400 
                0x0000000020000870                . = ALIGN (0x8)

/DISCARD/
 libc.a(*)
 libm.a(*)
 libgcc.a(*)

.ARM.attributes
                0x0000000000000000       0x30
 *(.ARM.attributes)
 .ARM.attributes
                0x0000000000000000       0x1e /home/hao/Documents/gcc-arm-none-eabi/bin/../lib/gcc/arm-none-eabi/10.2.1/thumb/v7e-m+fp/hard/crti.o
 .ARM.attributes
                0x000000000000001e       0x34 /home/hao/Documents/gcc-arm-none-eabi/bin/../lib/gcc/arm-none-eabi/10.2.1/thumb/v7e-m+fp/hard/crtbegin.o
 .ARM.attributes
                0x0000000000000052       0x34 build/main.o
 .ARM.attributes
                0x0000000000000086       0x34 build/stm32f4xx_it.o
 .ARM.attributes
                0x00000000000000ba       0x34 build/bsp_debug_usart.o
 .ARM.attributes
                0x00000000000000ee       0x34 build/system_stm32f4xx.o
 .ARM.attributes
                0x0000000000000122       0x34 build/stm32f4xx_hal_rtc_ex.o
 .ARM.attributes
                0x0000000000000156       0x34 build/stm32f4xx_hal_rcc_ex.o
 .ARM.attributes
                0x000000000000018a       0x34 build/stm32f4xx_hal_rtc.o
 .ARM.attributes
                0x00000000000001be       0x34 build/stm32f4xx_hal_pwr_ex.o
 .ARM.attributes
                0x00000000000001f2       0x34 build/stm32f4xx_hal_rcc.o
 .ARM.attributes
                0x0000000000000226       0x34 build/stm32f4xx_hal_cortex.o
 .ARM.attributes
                0x000000000000025a       0x34 build/stm32f4xx_hal_gpio.o
 .ARM.attributes
                0x000000000000028e       0x34 build/stm32f4xx_hal.o
 .ARM.attributes
                0x00000000000002c2       0x34 build/stm32f4xx_hal_uart.o
 .ARM.attributes
                0x00000000000002f6       0x34 build/stm32f4xx_hal_timebase_rtc_alarm_template.o
 .ARM.attributes
                0x000000000000032a       0x34 build/stm32f4xx_hal_msp_template.o
 .ARM.attributes
                0x000000000000035e       0x21 build/startup_stm32f429xx.o
 .ARM.attributes
                0x000000000000037f       0x34 /home/hao/Documents/gcc-arm-none-eabi/bin/../lib/gcc/arm-none-eabi/10.2.1/../../../../arm-none-eabi/lib/thumb/v7e-m+fp/hard/libc_nano.a(lib_a-errno.o)
 .ARM.attributes
                0x00000000000003b3       0x32 /home/hao/Documents/gcc-arm-none-eabi/bin/../lib/gcc/arm-none-eabi/10.2.1/../../../../arm-none-eabi/lib/thumb/v7e-m+fp/hard/libc_nano.a(lib_a-impure.o)
 .ARM.attributes
                0x00000000000003e5       0x34 /home/hao/Documents/gcc-arm-none-eabi/bin/../lib/gcc/arm-none-eabi/10.2.1/../../../../arm-none-eabi/lib/thumb/v7e-m+fp/hard/libc_nano.a(lib_a-init.o)
 .ARM.attributes
                0x0000000000000419       0x34 /home/hao/Documents/gcc-arm-none-eabi/bin/../lib/gcc/arm-none-eabi/10.2.1/../../../../arm-none-eabi/lib/thumb/v7e-m+fp/hard/libc_nano.a(lib_a-memset.o)
 .ARM.attributes
                0x000000000000044d       0x34 /home/hao/Documents/gcc-arm-none-eabi/bin/../lib/gcc/arm-none-eabi/10.2.1/../../../../arm-none-eabi/lib/thumb/v7e-m+fp/hard/libc_nano.a(lib_a-nano-vfprintf_float.o)
 .ARM.attributes
                0x0000000000000481       0x34 /home/hao/Documents/gcc-arm-none-eabi/bin/../lib/gcc/arm-none-eabi/10.2.1/../../../../arm-none-eabi/lib/thumb/v7e-m+fp/hard/libc_nano.a(lib_a-nano-vfprintf_i.o)
 .ARM.attributes
                0x00000000000004b5       0x34 /home/hao/Documents/gcc-arm-none-eabi/bin/../lib/gcc/arm-none-eabi/10.2.1/../../../../arm-none-eabi/lib/thumb/v7e-m+fp/hard/libc_nano.a(lib_a-puts.o)
 .ARM.attributes
                0x00000000000004e9       0x17 /home/hao/Documents/gcc-arm-none-eabi/bin/../lib/gcc/arm-none-eabi/10.2.1/../../../../arm-none-eabi/lib/thumb/v7e-m+fp/hard/libc_nano.a(lib_a-strlen.o)
 .ARM.attributes
                0x0000000000000500       0x34 /home/hao/Documents/gcc-arm-none-eabi/bin/../lib/gcc/arm-none-eabi/10.2.1/../../../../arm-none-eabi/lib/thumb/v7e-m+fp/hard/libc_nano.a(lib_a-wbuf.o)
 .ARM.attributes
                0x0000000000000534       0x34 /home/hao/Documents/gcc-arm-none-eabi/bin/../lib/gcc/arm-none-eabi/10.2.1/../../../../arm-none-eabi/lib/thumb/v7e-m+fp/hard/libc_nano.a(lib_a-wsetup.o)
 .ARM.attributes
                0x0000000000000568       0x34 /home/hao/Documents/gcc-arm-none-eabi/bin/../lib/gcc/arm-none-eabi/10.2.1/../../../../arm-none-eabi/lib/thumb/v7e-m+fp/hard/libc_nano.a(lib_a-dtoa.o)
 .ARM.attributes
                0x000000000000059c       0x34 /home/hao/Documents/gcc-arm-none-eabi/bin/../lib/gcc/arm-none-eabi/10.2.1/../../../../arm-none-eabi/lib/thumb/v7e-m+fp/hard/libc_nano.a(lib_a-fflush.o)
 .ARM.attributes
                0x00000000000005d0       0x34 /home/hao/Documents/gcc-arm-none-eabi/bin/../lib/gcc/arm-none-eabi/10.2.1/../../../../arm-none-eabi/lib/thumb/v7e-m+fp/hard/libc_nano.a(lib_a-findfp.o)
 .ARM.attributes
                0x0000000000000604       0x34 /home/hao/Documents/gcc-arm-none-eabi/bin/../lib/gcc/arm-none-eabi/10.2.1/../../../../arm-none-eabi/lib/thumb/v7e-m+fp/hard/libc_nano.a(lib_a-fwalk.o)
 .ARM.attributes
                0x0000000000000638       0x34 /home/hao/Documents/gcc-arm-none-eabi/bin/../lib/gcc/arm-none-eabi/10.2.1/../../../../arm-none-eabi/lib/thumb/v7e-m+fp/hard/libc_nano.a(lib_a-localeconv.o)
 .ARM.attributes
                0x000000000000066c       0x34 /home/hao/Documents/gcc-arm-none-eabi/bin/../lib/gcc/arm-none-eabi/10.2.1/../../../../arm-none-eabi/lib/thumb/v7e-m+fp/hard/libc_nano.a(lib_a-lock.o)
 .ARM.attributes
                0x00000000000006a0       0x34 /home/hao/Documents/gcc-arm-none-eabi/bin/../lib/gcc/arm-none-eabi/10.2.1/../../../../arm-none-eabi/lib/thumb/v7e-m+fp/hard/libc_nano.a(lib_a-makebuf.o)
 .ARM.attributes
                0x00000000000006d4       0x34 /home/hao/Documents/gcc-arm-none-eabi/bin/../lib/gcc/arm-none-eabi/10.2.1/../../../../arm-none-eabi/lib/thumb/v7e-m+fp/hard/libc_nano.a(lib_a-malloc.o)
 .ARM.attributes
                0x0000000000000708       0x1c /home/hao/Documents/gcc-arm-none-eabi/bin/../lib/gcc/arm-none-eabi/10.2.1/../../../../arm-none-eabi/lib/thumb/v7e-m+fp/hard/libc_nano.a(lib_a-memchr.o)
 .ARM.attributes
                0x0000000000000724       0x34 /home/hao/Documents/gcc-arm-none-eabi/bin/../lib/gcc/arm-none-eabi/10.2.1/../../../../arm-none-eabi/lib/thumb/v7e-m+fp/hard/libc_nano.a(lib_a-memcpy-stub.o)
 .ARM.attributes
                0x0000000000000758       0x34 /home/hao/Documents/gcc-arm-none-eabi/bin/../lib/gcc/arm-none-eabi/10.2.1/../../../../arm-none-eabi/lib/thumb/v7e-m+fp/hard/libc_nano.a(lib_a-mprec.o)
 .ARM.attributes
                0x000000000000078c       0x34 /home/hao/Documents/gcc-arm-none-eabi/bin/../lib/gcc/arm-none-eabi/10.2.1/../../../../arm-none-eabi/lib/thumb/v7e-m+fp/hard/libc_nano.a(lib_a-nano-callocr.o)
 .ARM.attributes
                0x00000000000007c0       0x34 /home/hao/Documents/gcc-arm-none-eabi/bin/../lib/gcc/arm-none-eabi/10.2.1/../../../../arm-none-eabi/lib/thumb/v7e-m+fp/hard/libc_nano.a(lib_a-nano-freer.o)
 .ARM.attributes
                0x00000000000007f4       0x34 /home/hao/Documents/gcc-arm-none-eabi/bin/../lib/gcc/arm-none-eabi/10.2.1/../../../../arm-none-eabi/lib/thumb/v7e-m+fp/hard/libc_nano.a(lib_a-nano-mallocr.o)
 .ARM.attributes
                0x0000000000000828       0x34 /home/hao/Documents/gcc-arm-none-eabi/bin/../lib/gcc/arm-none-eabi/10.2.1/../../../../arm-none-eabi/lib/thumb/v7e-m+fp/hard/libc_nano.a(lib_a-sbrkr.o)
 .ARM.attributes
                0x000000000000085c       0x34 /home/hao/Documents/gcc-arm-none-eabi/bin/../lib/gcc/arm-none-eabi/10.2.1/../../../../arm-none-eabi/lib/thumb/v7e-m+fp/hard/libc_nano.a(lib_a-stdio.o)
 .ARM.attributes
                0x0000000000000890       0x34 /home/hao/Documents/gcc-arm-none-eabi/bin/../lib/gcc/arm-none-eabi/10.2.1/../../../../arm-none-eabi/lib/thumb/v7e-m+fp/hard/libc_nano.a(lib_a-writer.o)
 .ARM.attributes
                0x00000000000008c4       0x34 /home/hao/Documents/gcc-arm-none-eabi/bin/../lib/gcc/arm-none-eabi/10.2.1/../../../../arm-none-eabi/lib/thumb/v7e-m+fp/hard/libc_nano.a(lib_a-assert.o)
 .ARM.attributes
                0x00000000000008f8       0x34 /home/hao/Documents/gcc-arm-none-eabi/bin/../lib/gcc/arm-none-eabi/10.2.1/../../../../arm-none-eabi/lib/thumb/v7e-m+fp/hard/libc_nano.a(lib_a-closer.o)
 .ARM.attributes
                0x000000000000092c       0x34 /home/hao/Documents/gcc-arm-none-eabi/bin/../lib/gcc/arm-none-eabi/10.2.1/../../../../arm-none-eabi/lib/thumb/v7e-m+fp/hard/libc_nano.a(lib_a-fprintf.o)
 .ARM.attributes
                0x0000000000000960       0x34 /home/hao/Documents/gcc-arm-none-eabi/bin/../lib/gcc/arm-none-eabi/10.2.1/../../../../arm-none-eabi/lib/thumb/v7e-m+fp/hard/libc_nano.a(lib_a-fstatr.o)
 .ARM.attributes
                0x0000000000000994       0x34 /home/hao/Documents/gcc-arm-none-eabi/bin/../lib/gcc/arm-none-eabi/10.2.1/../../../../arm-none-eabi/lib/thumb/v7e-m+fp/hard/libc_nano.a(lib_a-isattyr.o)
 .ARM.attributes
                0x00000000000009c8       0x34 /home/hao/Documents/gcc-arm-none-eabi/bin/../lib/gcc/arm-none-eabi/10.2.1/../../../../arm-none-eabi/lib/thumb/v7e-m+fp/hard/libc_nano.a(lib_a-locale.o)
 .ARM.attributes
                0x00000000000009fc       0x34 /home/hao/Documents/gcc-arm-none-eabi/bin/../lib/gcc/arm-none-eabi/10.2.1/../../../../arm-none-eabi/lib/thumb/v7e-m+fp/hard/libc_nano.a(lib_a-lseekr.o)
 .ARM.attributes
                0x0000000000000a30       0x34 /home/hao/Documents/gcc-arm-none-eabi/bin/../lib/gcc/arm-none-eabi/10.2.1/../../../../arm-none-eabi/lib/thumb/v7e-m+fp/hard/libc_nano.a(lib_a-mbtowc_r.o)
 .ARM.attributes
                0x0000000000000a64       0x34 /home/hao/Documents/gcc-arm-none-eabi/bin/../lib/gcc/arm-none-eabi/10.2.1/../../../../arm-none-eabi/lib/thumb/v7e-m+fp/hard/libc_nano.a(lib_a-mlock.o)
 .ARM.attributes
                0x0000000000000a98       0x34 /home/hao/Documents/gcc-arm-none-eabi/bin/../lib/gcc/arm-none-eabi/10.2.1/../../../../arm-none-eabi/lib/thumb/v7e-m+fp/hard/libc_nano.a(lib_a-nano-vfprintf.o)
 .ARM.attributes
                0x0000000000000acc       0x34 /home/hao/Documents/gcc-arm-none-eabi/bin/../lib/gcc/arm-none-eabi/10.2.1/../../../../arm-none-eabi/lib/thumb/v7e-m+fp/hard/libc_nano.a(lib_a-readr.o)
 .ARM.attributes
                0x0000000000000b00       0x34 /home/hao/Documents/gcc-arm-none-eabi/bin/../lib/gcc/arm-none-eabi/10.2.1/../../../../arm-none-eabi/lib/thumb/v7e-m+fp/hard/libc_nano.a(lib_a-reent.o)
 .ARM.attributes
                0x0000000000000b34       0x34 /home/hao/Documents/gcc-arm-none-eabi/bin/../lib/gcc/arm-none-eabi/10.2.1/../../../../arm-none-eabi/lib/thumb/v7e-m+fp/hard/libc_nano.a(lib_a-wctomb_r.o)
 .ARM.attributes
                0x0000000000000b68       0x34 /home/hao/Documents/gcc-arm-none-eabi/bin/../lib/gcc/arm-none-eabi/10.2.1/../../../../arm-none-eabi/lib/thumb/v7e-m+fp/hard/libc_nano.a(lib_a-abort.o)
 .ARM.attributes
                0x0000000000000b9c       0x32 /home/hao/Documents/gcc-arm-none-eabi/bin/../lib/gcc/arm-none-eabi/10.2.1/../../../../arm-none-eabi/lib/thumb/v7e-m+fp/hard/libc_nano.a(lib_a-ctype_.o)
 .ARM.attributes
                0x0000000000000bce       0x34 /home/hao/Documents/gcc-arm-none-eabi/bin/../lib/gcc/arm-none-eabi/10.2.1/../../../../arm-none-eabi/lib/thumb/v7e-m+fp/hard/libc_nano.a(lib_a-signal.o)
 .ARM.attributes
                0x0000000000000c02       0x34 /home/hao/Documents/gcc-arm-none-eabi/bin/../lib/gcc/arm-none-eabi/10.2.1/../../../../arm-none-eabi/lib/thumb/v7e-m+fp/hard/libc_nano.a(lib_a-signalr.o)
 .ARM.attributes
                0x0000000000000c36       0x34 /home/hao/Documents/gcc-arm-none-eabi/bin/../lib/gcc/arm-none-eabi/10.2.1/../../../../arm-none-eabi/lib/thumb/v7e-m+fp/hard/libnosys.a(close.o)
 .ARM.attributes
                0x0000000000000c6a       0x34 /home/hao/Documents/gcc-arm-none-eabi/bin/../lib/gcc/arm-none-eabi/10.2.1/../../../../arm-none-eabi/lib/thumb/v7e-m+fp/hard/libnosys.a(fstat.o)
 .ARM.attributes
                0x0000000000000c9e       0x34 /home/hao/Documents/gcc-arm-none-eabi/bin/../lib/gcc/arm-none-eabi/10.2.1/../../../../arm-none-eabi/lib/thumb/v7e-m+fp/hard/libnosys.a(getpid.o)
 .ARM.attributes
                0x0000000000000cd2       0x34 /home/hao/Documents/gcc-arm-none-eabi/bin/../lib/gcc/arm-none-eabi/10.2.1/../../../../arm-none-eabi/lib/thumb/v7e-m+fp/hard/libnosys.a(isatty.o)
 .ARM.attributes
                0x0000000000000d06       0x34 /home/hao/Documents/gcc-arm-none-eabi/bin/../lib/gcc/arm-none-eabi/10.2.1/../../../../arm-none-eabi/lib/thumb/v7e-m+fp/hard/libnosys.a(kill.o)
 .ARM.attributes
                0x0000000000000d3a       0x34 /home/hao/Documents/gcc-arm-none-eabi/bin/../lib/gcc/arm-none-eabi/10.2.1/../../../../arm-none-eabi/lib/thumb/v7e-m+fp/hard/libnosys.a(lseek.o)
 .ARM.attributes
                0x0000000000000d6e       0x34 /home/hao/Documents/gcc-arm-none-eabi/bin/../lib/gcc/arm-none-eabi/10.2.1/../../../../arm-none-eabi/lib/thumb/v7e-m+fp/hard/libnosys.a(read.o)
 .ARM.attributes
                0x0000000000000da2       0x34 /home/hao/Documents/gcc-arm-none-eabi/bin/../lib/gcc/arm-none-eabi/10.2.1/../../../../arm-none-eabi/lib/thumb/v7e-m+fp/hard/libnosys.a(sbrk.o)
 .ARM.attributes
                0x0000000000000dd6       0x34 /home/hao/Documents/gcc-arm-none-eabi/bin/../lib/gcc/arm-none-eabi/10.2.1/../../../../arm-none-eabi/lib/thumb/v7e-m+fp/hard/libnosys.a(_exit.o)
 .ARM.attributes
                0x0000000000000e0a       0x1e /home/hao/Documents/gcc-arm-none-eabi/bin/../lib/gcc/arm-none-eabi/10.2.1/thumb/v7e-m+fp/hard/libgcc.a(_arm_addsubdf3.o)
 .ARM.attributes
                0x0000000000000e28       0x1e /home/hao/Documents/gcc-arm-none-eabi/bin/../lib/gcc/arm-none-eabi/10.2.1/thumb/v7e-m+fp/hard/libgcc.a(_arm_muldivdf3.o)
 .ARM.attributes
                0x0000000000000e46       0x1e /home/hao/Documents/gcc-arm-none-eabi/bin/../lib/gcc/arm-none-eabi/10.2.1/thumb/v7e-m+fp/hard/libgcc.a(_arm_cmpdf2.o)
 .ARM.attributes
                0x0000000000000e64       0x1e /home/hao/Documents/gcc-arm-none-eabi/bin/../lib/gcc/arm-none-eabi/10.2.1/thumb/v7e-m+fp/hard/libgcc.a(_arm_unorddf2.o)
 .ARM.attributes
                0x0000000000000e82       0x1e /home/hao/Documents/gcc-arm-none-eabi/bin/../lib/gcc/arm-none-eabi/10.2.1/thumb/v7e-m+fp/hard/libgcc.a(_arm_fixdfsi.o)
 .ARM.attributes
                0x0000000000000ea0       0x1e /home/hao/Documents/gcc-arm-none-eabi/bin/../lib/gcc/arm-none-eabi/10.2.1/thumb/v7e-m+fp/hard/libgcc.a(_aeabi_uldivmod.o)
 .ARM.attributes
                0x0000000000000ebe       0x34 /home/hao/Documents/gcc-arm-none-eabi/bin/../lib/gcc/arm-none-eabi/10.2.1/thumb/v7e-m+fp/hard/libgcc.a(_udivmoddi4.o)
 .ARM.attributes
                0x0000000000000ef2       0x1e /home/hao/Documents/gcc-arm-none-eabi/bin/../lib/gcc/arm-none-eabi/10.2.1/thumb/v7e-m+fp/hard/libgcc.a(_dvmd_tls.o)
 .ARM.attributes
                0x0000000000000f10       0x1e /home/hao/Documents/gcc-arm-none-eabi/bin/../lib/gcc/arm-none-eabi/10.2.1/thumb/v7e-m+fp/hard/crtn.o
OUTPUT(build/Hao.elf elf32-littlearm)
LOAD linker stubs
LOAD /home/hao/Documents/gcc-arm-none-eabi/bin/../lib/gcc/arm-none-eabi/10.2.1/../../../../arm-none-eabi/lib/thumb/v7e-m+fp/hard/libc.a
LOAD /home/hao/Documents/gcc-arm-none-eabi/bin/../lib/gcc/arm-none-eabi/10.2.1/../../../../arm-none-eabi/lib/thumb/v7e-m+fp/hard/libm.a
LOAD /home/hao/Documents/gcc-arm-none-eabi/bin/../lib/gcc/arm-none-eabi/10.2.1/thumb/v7e-m+fp/hard/libgcc.a

.debug_info     0x0000000000000000     0x9076
 .debug_info    0x0000000000000000      0x798 build/main.o
 .debug_info    0x0000000000000798      0x14d build/stm32f4xx_it.o
 .debug_info    0x00000000000008e5      0xa72 build/bsp_debug_usart.o
 .debug_info    0x0000000000001357      0x5c5 build/system_stm32f4xx.o
 .debug_info    0x000000000000191c     0x106b build/stm32f4xx_hal_rtc_ex.o
 .debug_info    0x0000000000002987      0x6f0 build/stm32f4xx_hal_rcc_ex.o
 .debug_info    0x0000000000003077      0xcb6 build/stm32f4xx_hal_rtc.o
 .debug_info    0x0000000000003d2d      0x7c1 build/stm32f4xx_hal_pwr_ex.o
 .debug_info    0x00000000000044ee      0xa0b build/stm32f4xx_hal_rcc.o
 .debug_info    0x0000000000004ef9      0xf62 build/stm32f4xx_hal_cortex.o
 .debug_info    0x0000000000005e5b      0x81c build/stm32f4xx_hal_gpio.o
 .debug_info    0x0000000000006677      0xa59 build/stm32f4xx_hal.o
 .debug_info    0x00000000000070d0     0x13d7 build/stm32f4xx_hal_uart.o
 .debug_info    0x00000000000084a7      0xad3 build/stm32f4xx_hal_timebase_rtc_alarm_template.o
 .debug_info    0x0000000000008f7a       0xda build/stm32f4xx_hal_msp_template.o
 .debug_info    0x0000000000009054       0x22 build/startup_stm32f429xx.o

.debug_abbrev   0x0000000000000000     0x18f3
 .debug_abbrev  0x0000000000000000      0x1d7 build/main.o
 .debug_abbrev  0x00000000000001d7       0x46 build/stm32f4xx_it.o
 .debug_abbrev  0x000000000000021d      0x1c0 build/bsp_debug_usart.o
 .debug_abbrev  0x00000000000003dd      0x115 build/system_stm32f4xx.o
 .debug_abbrev  0x00000000000004f2      0x1e6 build/stm32f4xx_hal_rtc_ex.o
 .debug_abbrev  0x00000000000006d8      0x174 build/stm32f4xx_hal_rcc_ex.o
 .debug_abbrev  0x000000000000084c      0x1b7 build/stm32f4xx_hal_rtc.o
 .debug_abbrev  0x0000000000000a03      0x1b9 build/stm32f4xx_hal_pwr_ex.o
 .debug_abbrev  0x0000000000000bbc      0x261 build/stm32f4xx_hal_rcc.o
 .debug_abbrev  0x0000000000000e1d      0x2d6 build/stm32f4xx_hal_cortex.o
 .debug_abbrev  0x00000000000010f3      0x1c3 build/stm32f4xx_hal_gpio.o
 .debug_abbrev  0x00000000000012b6      0x1e4 build/stm32f4xx_hal.o
 .debug_abbrev  0x000000000000149a      0x241 build/stm32f4xx_hal_uart.o
 .debug_abbrev  0x00000000000016db      0x1c0 build/stm32f4xx_hal_timebase_rtc_alarm_template.o
 .debug_abbrev  0x000000000000189b       0x46 build/stm32f4xx_hal_msp_template.o
 .debug_abbrev  0x00000000000018e1       0x12 build/startup_stm32f429xx.o

.debug_loc      0x0000000000000000     0x48d6
 .debug_loc     0x0000000000000000      0x132 build/main.o
 .debug_loc     0x0000000000000132      0x204 build/stm32f4xx_it.o
 .debug_loc     0x0000000000000336       0xcc build/bsp_debug_usart.o
 .debug_loc     0x0000000000000402       0xa0 build/system_stm32f4xx.o
 .debug_loc     0x00000000000004a2      0xbd4 build/stm32f4xx_hal_rtc_ex.o
 .debug_loc     0x0000000000001076      0x298 build/stm32f4xx_hal_rcc_ex.o
 .debug_loc     0x000000000000130e      0x688 build/stm32f4xx_hal_rtc.o
 .debug_loc     0x0000000000001996      0x2b8 build/stm32f4xx_hal_pwr_ex.o
 .debug_loc     0x0000000000001c4e      0x3d2 build/stm32f4xx_hal_rcc.o
 .debug_loc     0x0000000000002020      0x9f4 build/stm32f4xx_hal_cortex.o
 .debug_loc     0x0000000000002a14      0x2d4 build/stm32f4xx_hal_gpio.o
 .debug_loc     0x0000000000002ce8      0x738 build/stm32f4xx_hal.o
 .debug_loc     0x0000000000003420     0x1250 build/stm32f4xx_hal_uart.o
 .debug_loc     0x0000000000004670      0x156 build/stm32f4xx_hal_timebase_rtc_alarm_template.o
 .debug_loc     0x00000000000047c6      0x110 build/stm32f4xx_hal_msp_template.o

.debug_aranges  0x0000000000000000      0x8f0
 .debug_aranges
                0x0000000000000000       0x40 build/main.o
 .debug_aranges
                0x0000000000000040       0x60 build/stm32f4xx_it.o
 .debug_aranges
                0x00000000000000a0       0x30 build/bsp_debug_usart.o
 .debug_aranges
                0x00000000000000d0       0x28 build/system_stm32f4xx.o
 .debug_aranges
                0x00000000000000f8      0x130 build/stm32f4xx_hal_rtc_ex.o
 .debug_aranges
                0x0000000000000228       0x58 build/stm32f4xx_hal_rcc_ex.o
 .debug_aranges
                0x0000000000000280       0xb8 build/stm32f4xx_hal_rtc.o
 .debug_aranges
                0x0000000000000338       0x60 build/stm32f4xx_hal_pwr_ex.o
 .debug_aranges
                0x0000000000000398       0x88 build/stm32f4xx_hal_rcc.o
 .debug_aranges
                0x0000000000000420      0x118 build/stm32f4xx_hal_cortex.o
 .debug_aranges
                0x0000000000000538       0x58 build/stm32f4xx_hal_gpio.o
 .debug_aranges
                0x0000000000000590       0xf0 build/stm32f4xx_hal.o
 .debug_aranges
                0x0000000000000680      0x1d0 build/stm32f4xx_hal_uart.o
 .debug_aranges
                0x0000000000000850       0x40 build/stm32f4xx_hal_timebase_rtc_alarm_template.o
 .debug_aranges
                0x0000000000000890       0x38 build/stm32f4xx_hal_msp_template.o
 .debug_aranges
                0x00000000000008c8       0x28 build/startup_stm32f429xx.o

.debug_ranges   0x0000000000000000      0x7f8
 .debug_ranges  0x0000000000000000       0x30 build/main.o
 .debug_ranges  0x0000000000000030       0x50 build/stm32f4xx_it.o
 .debug_ranges  0x0000000000000080       0x20 build/bsp_debug_usart.o
 .debug_ranges  0x00000000000000a0       0x18 build/system_stm32f4xx.o
 .debug_ranges  0x00000000000000b8      0x120 build/stm32f4xx_hal_rtc_ex.o
 .debug_ranges  0x00000000000001d8       0x48 build/stm32f4xx_hal_rcc_ex.o
 .debug_ranges  0x0000000000000220       0xa8 build/stm32f4xx_hal_rtc.o
 .debug_ranges  0x00000000000002c8       0x50 build/stm32f4xx_hal_pwr_ex.o
 .debug_ranges  0x0000000000000318       0x78 build/stm32f4xx_hal_rcc.o
 .debug_ranges  0x0000000000000390      0x108 build/stm32f4xx_hal_cortex.o
 .debug_ranges  0x0000000000000498       0x48 build/stm32f4xx_hal_gpio.o
 .debug_ranges  0x00000000000004e0       0xe0 build/stm32f4xx_hal.o
 .debug_ranges  0x00000000000005c0      0x1c0 build/stm32f4xx_hal_uart.o
 .debug_ranges  0x0000000000000780       0x30 build/stm32f4xx_hal_timebase_rtc_alarm_template.o
 .debug_ranges  0x00000000000007b0       0x28 build/stm32f4xx_hal_msp_template.o
 .debug_ranges  0x00000000000007d8       0x20 build/startup_stm32f429xx.o

.debug_line     0x0000000000000000     0x5f2f
 .debug_line    0x0000000000000000      0x2ad build/main.o
 .debug_line    0x00000000000002ad       0xfd build/stm32f4xx_it.o
 .debug_line    0x00000000000003aa      0x23a build/bsp_debug_usart.o
 .debug_line    0x00000000000005e4      0x226 build/system_stm32f4xx.o
 .debug_line    0x000000000000080a      0xfc1 build/stm32f4xx_hal_rtc_ex.o
 .debug_line    0x00000000000017cb      0x669 build/stm32f4xx_hal_rcc_ex.o
 .debug_line    0x0000000000001e34      0xbb9 build/stm32f4xx_hal_rtc.o
 .debug_line    0x00000000000029ed      0x3f6 build/stm32f4xx_hal_pwr_ex.o
 .debug_line    0x0000000000002de3      0x7f2 build/stm32f4xx_hal_rcc.o
 .debug_line    0x00000000000035d5      0x748 build/stm32f4xx_hal_cortex.o
 .debug_line    0x0000000000003d1d      0x62a build/stm32f4xx_hal_gpio.o
 .debug_line    0x0000000000004347      0x4e3 build/stm32f4xx_hal.o
 .debug_line    0x000000000000482a     0x125d build/stm32f4xx_hal_uart.o
 .debug_line    0x0000000000005a87      0x36e build/stm32f4xx_hal_timebase_rtc_alarm_template.o
 .debug_line    0x0000000000005df5       0xae build/stm32f4xx_hal_msp_template.o
 .debug_line    0x0000000000005ea3       0x8c build/startup_stm32f429xx.o

.debug_str      0x0000000000000000     0x2d76
 .debug_str     0x0000000000000000      0x450 build/main.o
                                        0x4bf (size before relaxing)
 .debug_str     0x0000000000000450       0xaa build/stm32f4xx_it.o
                                        0x208 (size before relaxing)
 .debug_str     0x00000000000004fa      0x4aa build/bsp_debug_usart.o
                                        0x7a5 (size before relaxing)
 .debug_str     0x00000000000009a4       0x86 build/system_stm32f4xx.o
                                        0x36d (size before relaxing)
 .debug_str     0x0000000000000a2a      0x7f1 build/stm32f4xx_hal_rtc_ex.o
                                        0xa48 (size before relaxing)
 .debug_str     0x000000000000121b      0x23a build/stm32f4xx_hal_rcc_ex.o
                                        0x546 (size before relaxing)
 .debug_str     0x0000000000001455      0x23f build/stm32f4xx_hal_rtc.o
                                        0x702 (size before relaxing)
 .debug_str     0x0000000000001694      0x15d build/stm32f4xx_hal_pwr_ex.o
                                        0x4c5 (size before relaxing)
 .debug_str     0x00000000000017f1      0x1c3 build/stm32f4xx_hal_rcc.o
                                        0x6b2 (size before relaxing)
 .debug_str     0x00000000000019b4      0x90c build/stm32f4xx_hal_cortex.o
                                        0xc67 (size before relaxing)
 .debug_str     0x00000000000022c0      0x158 build/stm32f4xx_hal_gpio.o
                                        0x4da (size before relaxing)
 .debug_str     0x0000000000002418      0x2fa build/stm32f4xx_hal.o
                                        0xb85 (size before relaxing)
 .debug_str     0x0000000000002712      0x536 build/stm32f4xx_hal_uart.o
                                        0xb63 (size before relaxing)
 .debug_str     0x0000000000002c48       0x8e build/stm32f4xx_hal_timebase_rtc_alarm_template.o
                                        0xbc6 (size before relaxing)
 .debug_str     0x0000000000002cd6       0x64 build/stm32f4xx_hal_msp_template.o
                                        0x1dc (size before relaxing)
 .debug_str     0x0000000000002d3a       0x3c build/startup_stm32f429xx.o
                                         0x60 (size before relaxing)

.comment        0x0000000000000000       0x4d
 .comment       0x0000000000000000       0x4d build/main.o
                                         0x4e (size before relaxing)
 .comment       0x000000000000004d       0x4e build/stm32f4xx_it.o
 .comment       0x000000000000004d       0x4e build/bsp_debug_usart.o
 .comment       0x000000000000004d       0x4e build/system_stm32f4xx.o
 .comment       0x000000000000004d       0x4e build/stm32f4xx_hal_rtc_ex.o
 .comment       0x000000000000004d       0x4e build/stm32f4xx_hal_rcc_ex.o
 .comment       0x000000000000004d       0x4e build/stm32f4xx_hal_rtc.o
 .comment       0x000000000000004d       0x4e build/stm32f4xx_hal_pwr_ex.o
 .comment       0x000000000000004d       0x4e build/stm32f4xx_hal_rcc.o
 .comment       0x000000000000004d       0x4e build/stm32f4xx_hal_cortex.o
 .comment       0x000000000000004d       0x4e build/stm32f4xx_hal_gpio.o
 .comment       0x000000000000004d       0x4e build/stm32f4xx_hal.o
 .comment       0x000000000000004d       0x4e build/stm32f4xx_hal_uart.o
 .comment       0x000000000000004d       0x4e build/stm32f4xx_hal_timebase_rtc_alarm_template.o
 .comment       0x000000000000004d       0x4e build/stm32f4xx_hal_msp_template.o

.debug_frame    0x0000000000000000     0x3474
 .debug_frame   0x0000000000000000       0xac build/main.o
 .debug_frame   0x00000000000000ac      0x110 build/stm32f4xx_it.o
 .debug_frame   0x00000000000001bc       0x74 build/bsp_debug_usart.o
 .debug_frame   0x0000000000000230       0x58 build/system_stm32f4xx.o
 .debug_frame   0x0000000000000288      0x548 build/stm32f4xx_hal_rtc_ex.o
 .debug_frame   0x00000000000007d0      0x13c build/stm32f4xx_hal_rcc_ex.o
 .debug_frame   0x000000000000090c      0x308 build/stm32f4xx_hal_rtc.o
 .debug_frame   0x0000000000000c14      0x14c build/stm32f4xx_hal_pwr_ex.o
 .debug_frame   0x0000000000000d60      0x1f4 build/stm32f4xx_hal_rcc.o
 .debug_frame   0x0000000000000f54      0x498 build/stm32f4xx_hal_cortex.o
 .debug_frame   0x00000000000013ec      0x14c build/stm32f4xx_hal_gpio.o
 .debug_frame   0x0000000000001538      0x37c build/stm32f4xx_hal.o
 .debug_frame   0x00000000000018b4      0x83c build/stm32f4xx_hal_uart.o
 .debug_frame   0x00000000000020f0       0xb4 build/stm32f4xx_hal_timebase_rtc_alarm_template.o
 .debug_frame   0x00000000000021a4       0x90 build/stm32f4xx_hal_msp_template.o
 .debug_frame   0x0000000000002234       0x20 /home/hao/Documents/gcc-arm-none-eabi/bin/../lib/gcc/arm-none-eabi/10.2.1/../../../../arm-none-eabi/lib/thumb/v7e-m+fp/hard/libc_nano.a(lib_a-errno.o)
 .debug_frame   0x0000000000002254       0x2c /home/hao/Documents/gcc-arm-none-eabi/bin/../lib/gcc/arm-none-eabi/10.2.1/../../../../arm-none-eabi/lib/thumb/v7e-m+fp/hard/libc_nano.a(lib_a-init.o)
 .debug_frame   0x0000000000002280       0x20 /home/hao/Documents/gcc-arm-none-eabi/bin/../lib/gcc/arm-none-eabi/10.2.1/../../../../arm-none-eabi/lib/thumb/v7e-m+fp/hard/libc_nano.a(lib_a-memset.o)
 .debug_frame   0x00000000000022a0       0xa0 /home/hao/Documents/gcc-arm-none-eabi/bin/../lib/gcc/arm-none-eabi/10.2.1/../../../../arm-none-eabi/lib/thumb/v7e-m+fp/hard/libc_nano.a(lib_a-nano-vfprintf_float.o)
 .debug_frame   0x0000000000002340       0x60 /home/hao/Documents/gcc-arm-none-eabi/bin/../lib/gcc/arm-none-eabi/10.2.1/../../../../arm-none-eabi/lib/thumb/v7e-m+fp/hard/libc_nano.a(lib_a-nano-vfprintf_i.o)
 .debug_frame   0x00000000000023a0       0x3c /home/hao/Documents/gcc-arm-none-eabi/bin/../lib/gcc/arm-none-eabi/10.2.1/../../../../arm-none-eabi/lib/thumb/v7e-m+fp/hard/libc_nano.a(lib_a-puts.o)
 .debug_frame   0x00000000000023dc       0x40 /home/hao/Documents/gcc-arm-none-eabi/bin/../lib/gcc/arm-none-eabi/10.2.1/../../../../arm-none-eabi/lib/thumb/v7e-m+fp/hard/libc_nano.a(lib_a-wbuf.o)
 .debug_frame   0x000000000000241c       0x2c /home/hao/Documents/gcc-arm-none-eabi/bin/../lib/gcc/arm-none-eabi/10.2.1/../../../../arm-none-eabi/lib/thumb/v7e-m+fp/hard/libc_nano.a(lib_a-wsetup.o)
 .debug_frame   0x0000000000002448       0x88 /home/hao/Documents/gcc-arm-none-eabi/bin/../lib/gcc/arm-none-eabi/10.2.1/../../../../arm-none-eabi/lib/thumb/v7e-m+fp/hard/libc_nano.a(lib_a-dtoa.o)
 .debug_frame   0x00000000000024d0       0x5c /home/hao/Documents/gcc-arm-none-eabi/bin/../lib/gcc/arm-none-eabi/10.2.1/../../../../arm-none-eabi/lib/thumb/v7e-m+fp/hard/libc_nano.a(lib_a-fflush.o)
 .debug_frame   0x000000000000252c      0x14c /home/hao/Documents/gcc-arm-none-eabi/bin/../lib/gcc/arm-none-eabi/10.2.1/../../../../arm-none-eabi/lib/thumb/v7e-m+fp/hard/libc_nano.a(lib_a-findfp.o)
 .debug_frame   0x0000000000002678       0x54 /home/hao/Documents/gcc-arm-none-eabi/bin/../lib/gcc/arm-none-eabi/10.2.1/../../../../arm-none-eabi/lib/thumb/v7e-m+fp/hard/libc_nano.a(lib_a-fwalk.o)
 .debug_frame   0x00000000000026cc       0x40 /home/hao/Documents/gcc-arm-none-eabi/bin/../lib/gcc/arm-none-eabi/10.2.1/../../../../arm-none-eabi/lib/thumb/v7e-m+fp/hard/libc_nano.a(lib_a-localeconv.o)
 .debug_frame   0x000000000000270c       0xb0 /home/hao/Documents/gcc-arm-none-eabi/bin/../lib/gcc/arm-none-eabi/10.2.1/../../../../arm-none-eabi/lib/thumb/v7e-m+fp/hard/libc_nano.a(lib_a-lock.o)
 .debug_frame   0x00000000000027bc       0x58 /home/hao/Documents/gcc-arm-none-eabi/bin/../lib/gcc/arm-none-eabi/10.2.1/../../../../arm-none-eabi/lib/thumb/v7e-m+fp/hard/libc_nano.a(lib_a-makebuf.o)
 .debug_frame   0x0000000000002814       0x30 /home/hao/Documents/gcc-arm-none-eabi/bin/../lib/gcc/arm-none-eabi/10.2.1/../../../../arm-none-eabi/lib/thumb/v7e-m+fp/hard/libc_nano.a(lib_a-malloc.o)
 .debug_frame   0x0000000000002844       0x28 /home/hao/Documents/gcc-arm-none-eabi/bin/../lib/gcc/arm-none-eabi/10.2.1/../../../../arm-none-eabi/lib/thumb/v7e-m+fp/hard/libc_nano.a(lib_a-memcpy-stub.o)
 .debug_frame   0x000000000000286c      0x25c /home/hao/Documents/gcc-arm-none-eabi/bin/../lib/gcc/arm-none-eabi/10.2.1/../../../../arm-none-eabi/lib/thumb/v7e-m+fp/hard/libc_nano.a(lib_a-mprec.o)
 .debug_frame   0x0000000000002ac8       0x2c /home/hao/Documents/gcc-arm-none-eabi/bin/../lib/gcc/arm-none-eabi/10.2.1/../../../../arm-none-eabi/lib/thumb/v7e-m+fp/hard/libc_nano.a(lib_a-nano-callocr.o)
 .debug_frame   0x0000000000002af4       0x38 /home/hao/Documents/gcc-arm-none-eabi/bin/../lib/gcc/arm-none-eabi/10.2.1/../../../../arm-none-eabi/lib/thumb/v7e-m+fp/hard/libc_nano.a(lib_a-nano-freer.o)
 .debug_frame   0x0000000000002b2c       0x30 /home/hao/Documents/gcc-arm-none-eabi/bin/../lib/gcc/arm-none-eabi/10.2.1/../../../../arm-none-eabi/lib/thumb/v7e-m+fp/hard/libc_nano.a(lib_a-nano-mallocr.o)
 .debug_frame   0x0000000000002b5c       0x2c /home/hao/Documents/gcc-arm-none-eabi/bin/../lib/gcc/arm-none-eabi/10.2.1/../../../../arm-none-eabi/lib/thumb/v7e-m+fp/hard/libc_nano.a(lib_a-sbrkr.o)
 .debug_frame   0x0000000000002b88       0x88 /home/hao/Documents/gcc-arm-none-eabi/bin/../lib/gcc/arm-none-eabi/10.2.1/../../../../arm-none-eabi/lib/thumb/v7e-m+fp/hard/libc_nano.a(lib_a-stdio.o)
 .debug_frame   0x0000000000002c10       0x2c /home/hao/Documents/gcc-arm-none-eabi/bin/../lib/gcc/arm-none-eabi/10.2.1/../../../../arm-none-eabi/lib/thumb/v7e-m+fp/hard/libc_nano.a(lib_a-writer.o)
 .debug_frame   0x0000000000002c3c       0x40 /home/hao/Documents/gcc-arm-none-eabi/bin/../lib/gcc/arm-none-eabi/10.2.1/../../../../arm-none-eabi/lib/thumb/v7e-m+fp/hard/libc_nano.a(lib_a-assert.o)
 .debug_frame   0x0000000000002c7c       0x2c /home/hao/Documents/gcc-arm-none-eabi/bin/../lib/gcc/arm-none-eabi/10.2.1/../../../../arm-none-eabi/lib/thumb/v7e-m+fp/hard/libc_nano.a(lib_a-closer.o)