Archive member included to satisfy reference by file (symbol)

/home/hao/Documents/gcc-arm-none-eabi/bin/../lib/gcc/arm-none-eabi/10.2.1/../../../../arm-none-eabi/lib/thumb/v7e-m+fp/hard/libc_nano.a(lib_a-errno.o)
                              build/bsp_debug_usart.o (__errno)
/home/hao/Documents/gcc-arm-none-eabi/bin/../lib/gcc/arm-none-eabi/10.2.1/../../../../arm-none-eabi/lib/thumb/v7e-m+fp/hard/libc_nano.a(lib_a-exit.o)
                              /home/hao/Documents/gcc-arm-none-eabi/bin/../lib/gcc/arm-none-eabi/10.2.1/../../../../arm-none-eabi/lib/thumb/v7e-m+fp/hard/crt0.o (exit)
/home/hao/Documents/gcc-arm-none-eabi/bin/../lib/gcc/arm-none-eabi/10.2.1/../../../../arm-none-eabi/lib/thumb/v7e-m+fp/hard/libc_nano.a(lib_a-impure.o)
                              /home/hao/Documents/gcc-arm-none-eabi/bin/../lib/gcc/arm-none-eabi/10.2.1/../../../../arm-none-eabi/lib/thumb/v7e-m+fp/hard/libc_nano.a(lib_a-exit.o) (_global_impure_ptr)
/home/hao/Documents/gcc-arm-none-eabi/bin/../lib/gcc/arm-none-eabi/10.2.1/../../../../arm-none-eabi/lib/thumb/v7e-m+fp/hard/libc_nano.a(lib_a-init.o)
                              /home/hao/Documents/gcc-arm-none-eabi/bin/../lib/gcc/arm-none-eabi/10.2.1/../../../../arm-none-eabi/lib/thumb/v7e-m+fp/hard/crt0.o (__libc_init_array)
/home/hao/Documents/gcc-arm-none-eabi/bin/../lib/gcc/arm-none-eabi/10.2.1/../../../../arm-none-eabi/lib/thumb/v7e-m+fp/hard/libc_nano.a(lib_a-memcpy-stub.o)
                              build/queue.o (memcpy)
/home/hao/Documents/gcc-arm-none-eabi/bin/../lib/gcc/arm-none-eabi/10.2.1/../../../../arm-none-eabi/lib/thumb/v7e-m+fp/hard/libc_nano.a(lib_a-memset.o)
                              /home/hao/Documents/gcc-arm-none-eabi/bin/../lib/gcc/arm-none-eabi/10.2.1/../../../../arm-none-eabi/lib/thumb/v7e-m+fp/hard/crt0.o (memset)
/home/hao/Documents/gcc-arm-none-eabi/bin/../lib/gcc/arm-none-eabi/10.2.1/../../../../arm-none-eabi/lib/thumb/v7e-m+fp/hard/libc_nano.a(lib_a-nano-vfprintf_float.o)
                              (_printf_float)
/home/hao/Documents/gcc-arm-none-eabi/bin/../lib/gcc/arm-none-eabi/10.2.1/../../../../arm-none-eabi/lib/thumb/v7e-m+fp/hard/libc_nano.a(lib_a-nano-vfprintf_i.o)
                              /home/hao/Documents/gcc-arm-none-eabi/bin/../lib/gcc/arm-none-eabi/10.2.1/../../../../arm-none-eabi/lib/thumb/v7e-m+fp/hard/libc_nano.a(lib_a-nano-vfprintf_float.o) (_printf_common)
/home/hao/Documents/gcc-arm-none-eabi/bin/../lib/gcc/arm-none-eabi/10.2.1/../../../../arm-none-eabi/lib/thumb/v7e-m+fp/hard/libc_nano.a(lib_a-printf.o)
                              build/event_groups.o (printf)
/home/hao/Documents/gcc-arm-none-eabi/bin/../lib/gcc/arm-none-eabi/10.2.1/../../../../arm-none-eabi/lib/thumb/v7e-m+fp/hard/libc_nano.a(lib_a-puts.o)
                              build/main.o (puts)
/home/hao/Documents/gcc-arm-none-eabi/bin/../lib/gcc/arm-none-eabi/10.2.1/../../../../arm-none-eabi/lib/thumb/v7e-m+fp/hard/libc_nano.a(lib_a-strlen.o)
                              /home/hao/Documents/gcc-arm-none-eabi/bin/../lib/gcc/arm-none-eabi/10.2.1/../../../../arm-none-eabi/lib/thumb/v7e-m+fp/hard/libc_nano.a(lib_a-nano-vfprintf_float.o) (strlen)
/home/hao/Documents/gcc-arm-none-eabi/bin/../lib/gcc/arm-none-eabi/10.2.1/../../../../arm-none-eabi/lib/thumb/v7e-m+fp/hard/libc_nano.a(lib_a-wbuf.o)
                              /home/hao/Documents/gcc-arm-none-eabi/bin/../lib/gcc/arm-none-eabi/10.2.1/../../../../arm-none-eabi/lib/thumb/v7e-m+fp/hard/libc_nano.a(lib_a-puts.o) (__swbuf_r)
/home/hao/Documents/gcc-arm-none-eabi/bin/../lib/gcc/arm-none-eabi/10.2.1/../../../../arm-none-eabi/lib/thumb/v7e-m+fp/hard/libc_nano.a(lib_a-wsetup.o)
                              /home/hao/Documents/gcc-arm-none-eabi/bin/../lib/gcc/arm-none-eabi/10.2.1/../../../../arm-none-eabi/lib/thumb/v7e-m+fp/hard/libc_nano.a(lib_a-puts.o) (__swsetup_r)
/home/hao/Documents/gcc-arm-none-eabi/bin/../lib/gcc/arm-none-eabi/10.2.1/../../../../arm-none-eabi/lib/thumb/v7e-m+fp/hard/libc_nano.a(lib_a-dtoa.o)
                              /home/hao/Documents/gcc-arm-none-eabi/bin/../lib/gcc/arm-none-eabi/10.2.1/../../../../arm-none-eabi/lib/thumb/v7e-m+fp/hard/libc_nano.a(lib_a-nano-vfprintf_float.o) (_dtoa_r)
/home/hao/Documents/gcc-arm-none-eabi/bin/../lib/gcc/arm-none-eabi/10.2.1/../../../../arm-none-eabi/lib/thumb/v7e-m+fp/hard/libc_nano.a(lib_a-fflush.o)
                              /home/hao/Documents/gcc-arm-none-eabi/bin/../lib/gcc/arm-none-eabi/10.2.1/../../../../arm-none-eabi/lib/thumb/v7e-m+fp/hard/libc_nano.a(lib_a-wbuf.o) (_fflush_r)
/home/hao/Documents/gcc-arm-none-eabi/bin/../lib/gcc/arm-none-eabi/10.2.1/../../../../arm-none-eabi/lib/thumb/v7e-m+fp/hard/libc_nano.a(lib_a-findfp.o)
                              /home/hao/Documents/gcc-arm-none-eabi/bin/../lib/gcc/arm-none-eabi/10.2.1/../../../../arm-none-eabi/lib/thumb/v7e-m+fp/hard/libc_nano.a(lib_a-printf.o) (__sinit)
[...]
Memory Configuration

Name             Origin             Length             Attributes
RAM              0x0000000020000000 0x0000000000030000 xrw
CCMRAM           0x0000000010000000 0x0000000000010000 xrw
FLASH            0x0000000008000000 0x0000000000100000 xr
*default*        0x0000000000000000 0xffffffffffffffff

Linker script and memory map

LOAD /home/hao/Documents/gcc-arm-none-eabi/bin/../lib/gcc/arm-none-eabi/10.2.1/thumb/v7e-m+fp/hard/crti.o
LOAD /home/hao/Documents/gcc-arm-none-eabi/bin/../lib/gcc/arm-none-eabi/10.2.1/thumb/v7e-m+fp/hard/crtbegin.o
LOAD /home/hao/Documents/gcc-arm-none-eabi/bin/../lib/gcc/arm-none-eabi/10.2.1/../../../../arm-none-eabi/lib/thumb/v7e-m+fp/hard/crt0.o
LOAD build/main.o
LOAD build/stm32f4xx_it.o
LOAD build/bsp_debug_usart.o
LOAD build/timers.o
LOAD build/croutine.o
LOAD build/list.o
LOAD build/event_groups.o
LOAD build/queue.o
LOAD build/tasks.o
LOAD build/heap_4.o
LOAD build/port.o
LOAD build/system_stm32f4xx.o
LOAD build/stm32f4xx_hal_rtc_ex.o
LOAD build/stm32f4xx_ll_adc.o
LOAD build/stm32f4xx_hal_i2c.o
LOAD build/stm32f4xx_hal_pccard.o
LOAD build/stm32f4xx_hal_fmpi2c_ex.o
LOAD build/stm32f4xx_ll_crc.o
LOAD build/stm32f4xx_ll_usb.o
LOAD build/stm32f4xx_hal_pcd.o
LOAD build/stm32f4xx_ll_dma.o
LOAD build/stm32f4xx_hal_ltdc.o
LOAD build/stm32f4xx_hal_dma2d.o
LOAD build/stm32f4xx_hal_rcc_ex.o
LOAD build/stm32f4xx_hal_dsi.o
LOAD build/stm32f4xx_hal_spi.o
LOAD build/stm32f4xx_hal_lptim.o
LOAD build/stm32f4xx_hal_hcd.o
LOAD build/stm32f4xx_ll_pwr.o
LOAD build/stm32f4xx_hal_fmpi2c.o
LOAD build/stm32f4xx_hal_mmc.o
LOAD build/stm32f4xx_ll_sdmmc.o
LOAD build/stm32f4xx_ll_fsmc.o
LOAD build/stm32f4xx_ll_rng.o
LOAD build/stm32f4xx_ll_usart.o
LOAD build/stm32f4xx_hal_iwdg.o
LOAD build/stm32f4xx_hal_dcmi.o
LOAD build/stm32f4xx_ll_gpio.o
LOAD build/stm32f4xx_hal_sai_ex.o
LOAD build/stm32f4xx_hal_tim_ex.o
LOAD build/stm32f4xx_hal_i2s.o
LOAD build/stm32f4xx_hal_cec.o
LOAD build/stm32f4xx_hal_rtc.o
LOAD build/stm32f4xx_hal_i2s_ex.o
LOAD build/stm32f4xx_hal_nor.o
LOAD build/stm32f4xx_hal_pwr_ex.o
LOAD build/stm32f4xx_hal_hash.o
LOAD build/stm32f4xx_hal_adc_ex.o
LOAD build/stm32f4xx_hal_rcc.o
LOAD build/stm32f4xx_hal_flash.o
LOAD build/stm32f4xx_hal_usart.o
LOAD build/stm32f4xx_ll_fmc.o
LOAD build/stm32f4xx_ll_rtc.o
LOAD build/stm32f4xx_hal_cortex.o
LOAD build/stm32f4xx_hal_sd.o
LOAD build/stm32f4xx_hal_gpio.o
LOAD build/stm32f4xx_hal_tim.o
LOAD build/stm32f4xx_hal_dac.o
LOAD build/stm32f4xx_ll_i2c.o
LOAD build/stm32f4xx_hal_flash_ramfunc.o
LOAD build/stm32f4xx_hal_dma.o
LOAD build/stm32f4xx_ll_dac.o
LOAD build/stm32f4xx_hal_smartcard.o
LOAD build/stm32f4xx_hal_sram.o
LOAD build/stm32f4xx_hal.o
LOAD build/stm32f4xx_hal_adc.o
LOAD build/stm32f4xx_ll_utils.o
LOAD build/stm32f4xx_hal_sdram.o
LOAD build/stm32f4xx_hal_crc.o
LOAD build/stm32f4xx_ll_exti.o
LOAD build/stm32f4xx_hal_wwdg.o
LOAD build/stm32f4xx_ll_spi.o
LOAD build/stm32f4xx_ll_dma2d.o
LOAD build/stm32f4xx_hal_cryp_ex.o
LOAD build/stm32f4xx_hal_hash_ex.o
LOAD build/stm32f4xx_ll_rcc.o
LOAD build/stm32f4xx_ll_lptim.o
LOAD build/stm32f4xx_hal_uart.o
LOAD build/stm32f4xx_hal_pcd_ex.o
LOAD build/stm32f4xx_hal_nand.o
LOAD build/stm32f4xx_hal_dcmi_ex.o
LOAD build/stm32f4xx_hal_dma_ex.o
LOAD build/stm32f4xx_hal_i2c_ex.o
LOAD build/stm32f4xx_hal_pwr.o
LOAD build/stm32f4xx_hal_qspi.o
LOAD build/stm32f4xx_hal_timebase_rtc_alarm_template.o
LOAD build/stm32f4xx_hal_rng.o
LOAD build/stm32f4xx_ll_tim.o
LOAD build/stm32f4xx_hal_ltdc_ex.o
LOAD build/stm32f4xx_hal_dfsdm.o
LOAD build/stm32f4xx_hal_irda.o
LOAD build/stm32f4xx_hal_cryp.o
LOAD build/stm32f4xx_hal_sai.o
LOAD build/stm32f4xx_hal_msp_template.o
LOAD build/stm32f4xx_hal_flash_ex.o
LOAD build/stm32f4xx_hal_dac_ex.o
LOAD build/startup_stm32f429xx.o
LOAD /home/hao/Documents/gcc-arm-none-eabi/bin/../lib/gcc/arm-none-eabi/10.2.1/../../../../arm-none-eabi/lib/thumb/v7e-m+fp/hard/libc_nano.a
LOAD /home/hao/Documents/gcc-arm-none-eabi/bin/../lib/gcc/arm-none-eabi/10.2.1/../../../../arm-none-eabi/lib/thumb/v7e-m+fp/hard/libm.a
LOAD /home/hao/Documents/gcc-arm-none-eabi/bin/../lib/gcc/arm-none-eabi/10.2.1/../../../../arm-none-eabi/lib/thumb/v7e-m+fp/hard/libnosys.a
LOAD /home/hao/Documents/gcc-arm-none-eabi/bin/../lib/gcc/arm-none-eabi/10.2.1/../../../../arm-none-eabi/lib/thumb/v7e-m+fp/hard/libc_nano.a
LOAD /home/hao/Documents/gcc-arm-none-eabi/bin/../lib/gcc/arm-none-eabi/10.2.1/../../../../arm-none-eabi/lib/thumb/v7e-m+fp/hard/librdimon_nano.a
START GROUP
LOAD /home/hao/Documents/gcc-arm-none-eabi/bin/../lib/gcc/arm-none-eabi/10.2.1/thumb/v7e-m+fp/hard/libgcc.a
LOAD /home/hao/Documents/gcc-arm-none-eabi/bin/../lib/gcc/arm-none-eabi/10.2.1/../../../../arm-none-eabi/lib/thumb/v7e-m+fp/hard/libc_nano.a
END GROUP
START GROUP
LOAD /home/hao/Documents/gcc-arm-none-eabi/bin/../lib/gcc/arm-none-eabi/10.2.1/thumb/v7e-m+fp/hard/libgcc.a
LOAD /home/hao/Documents/gcc-arm-none-eabi/bin/../lib/gcc/arm-none-eabi/10.2.1/../../../../arm-none-eabi/lib/thumb/v7e-m+fp/hard/libc_nano.a
END GROUP
LOAD /home/hao/Documents/gcc-arm-none-eabi/bin/../lib/gcc/arm-none-eabi/10.2.1/thumb/v7e-m+fp/hard/crtend.o
LOAD /home/hao/Documents/gcc-arm-none-eabi/bin/../lib/gcc/arm-none-eabi/10.2.1/thumb/v7e-m+fp/hard/crtn.o
                0x0000000020030000                _estack = 0x20030000
                0x0000000000000200                _Min_Heap_Size = 0x200
                0x0000000000000400                _Min_Stack_Size = 0x400

.isr_vector     0x0000000008000000      0x1ac
                0x0000000008000000                . = ALIGN (0x4)
 *(.isr_vector)
 .isr_vector    0x0000000008000000      0x1ac build/startup_stm32f429xx.o
                0x0000000008000000                g_pfnVectors
                0x00000000080001ac                . = ALIGN (0x4)

.text           0x00000000080001b0     0x5260
                0x00000000080001b0                . = ALIGN (0x4)
 *(.text)
 .text          0x00000000080001b0       0x40 /home/hao/Documents/gcc-arm-none-eabi/bin/../lib/gcc/arm-none-eabi/10.2.1/thumb/v7e-m+fp/hard/crtbegin.o
 .text          0x00000000080001f0       0x10 /home/hao/Documents/gcc-arm-none-eabi/bin/../lib/gcc/arm-none-eabi/10.2.1/../../../../arm-none-eabi/lib/thumb/v7e-m+fp/hard/libc_nano.a(lib_a-strlen.o)
                0x00000000080001f0                strlen
 .text          0x0000000008000200       0xa0 /home/hao/Documents/gcc-arm-none-eabi/bin/../lib/gcc/arm-none-eabi/10.2.1/../../../../arm-none-eabi/lib/thumb/v7e-m+fp/hard/libc_nano.a(lib_a-memchr.o)
                0x0000000008000200                memchr
 .text          0x00000000080002a0      0x378 /home/hao/Documents/gcc-arm-none-eabi/bin/../lib/gcc/arm-none-eabi/10.2.1/thumb/v7e-m+fp/hard/libgcc.a(_arm_addsubdf3.o)
                0x00000000080002a0                __aeabi_drsub
                0x00000000080002a8                __aeabi_dsub
                0x00000000080002a8                __subdf3
                0x00000000080002ac                __adddf3
                0x00000000080002ac                __aeabi_dadd
                0x0000000008000524                __aeabi_ui2d
                0x0000000008000524                __floatunsidf
                0x0000000008000544                __floatsidf
                0x0000000008000544                __aeabi_i2d
                0x0000000008000568                __extendsfdf2
                0x0000000008000568                __aeabi_f2d
                0x00000000080005ac                __aeabi_ul2d
                0x00000000080005ac                __floatundidf
                0x00000000080005bc                __floatdidf
                0x00000000080005bc                __aeabi_l2d
 .text          0x0000000008000618      0x424 /home/hao/Documents/gcc-arm-none-eabi/bin/../lib/gcc/arm-none-eabi/10.2.1/thumb/v7e-m+fp/hard/libgcc.a(_arm_muldivdf3.o)
                0x0000000008000618                __aeabi_dmul
                0x0000000008000618                __muldf3
                0x000000000800086c                __aeabi_ddiv
                0x000000000800086c                __divdf3
 .text          0x0000000008000a3c      0x110 /home/hao/Documents/gcc-arm-none-eabi/bin/../lib/gcc/arm-none-eabi/10.2.1/thumb/v7e-m+fp/hard/libgcc.a(_arm_cmpdf2.o)
                0x0000000008000a3c                __gtdf2
                0x0000000008000a3c                __gedf2
                0x0000000008000a44                __ltdf2
                0x0000000008000a44                __ledf2
                0x0000000008000a4c                __cmpdf2
                0x0000000008000a4c                __eqdf2
                0x0000000008000a4c                __nedf2
                0x0000000008000ac8                __aeabi_cdrcmple
                0x0000000008000ad8                __aeabi_cdcmple
                0x0000000008000ad8                __aeabi_cdcmpeq
                0x0000000008000ae8                __aeabi_dcmpeq
                0x0000000008000afc                __aeabi_dcmplt
                0x0000000008000b10                __aeabi_dcmple
                0x0000000008000b24                __aeabi_dcmpge
                0x0000000008000b38                __aeabi_dcmpgt
 .text          0x0000000008000b4c       0x2c /home/hao/Documents/gcc-arm-none-eabi/bin/../lib/gcc/arm-none-eabi/10.2.1/thumb/v7e-m+fp/hard/libgcc.a(_arm_unorddf2.o)
                0x0000000008000b4c                __aeabi_dcmpun
                0x0000000008000b4c                __unorddf2
 .text          0x0000000008000b78       0x50 /home/hao/Documents/gcc-arm-none-eabi/bin/../lib/gcc/arm-none-eabi/10.2.1/thumb/v7e-m+fp/hard/libgcc.a(_arm_fixdfsi.o)
                0x0000000008000b78                __fixdfsi
                0x0000000008000b78                __aeabi_d2iz
 .text          0x0000000008000bc8       0x30 /home/hao/Documents/gcc-arm-none-eabi/bin/../lib/gcc/arm-none-eabi/10.2.1/thumb/v7e-m+fp/hard/libgcc.a(_aeabi_uldivmod.o)
                0x0000000008000bc8                __aeabi_uldivmod
 .text          0x0000000008000bf8      0x2d0 /home/hao/Documents/gcc-arm-none-eabi/bin/../lib/gcc/arm-none-eabi/10.2.1/thumb/v7e-m+fp/hard/libgcc.a(_udivmoddi4.o)
                0x0000000008000bf8                __udivmoddi4
 .text          0x0000000008000ec8        0x4 /home/hao/Documents/gcc-arm-none-eabi/bin/../lib/gcc/arm-none-eabi/10.2.1/thumb/v7e-m+fp/hard/libgcc.a(_dvmd_tls.o)
                0x0000000008000ec8                __aeabi_ldiv0
                0x0000000008000ec8                __aeabi_idiv0
 *(.text*)
 .text.Error_Handler
                0x0000000008000ecc        0x4 build/main.o
                0x0000000008000ecc                Error_Handler
 .text.SystemClock_Config
                0x0000000008000ed0       0xb4 build/main.o
                0x0000000008000ed0                SystemClock_Config
 .text.BSP_Init
                0x0000000008000f84       0x2c build/main.o
 .text.main     0x0000000008000fb0       0x14 build/main.o
                0x0000000008000fb0                main
 .text.NMI_Handler
                0x0000000008000fc4        0x2 build/stm32f4xx_it.o
                0x0000000008000fc4                NMI_Handler
 .text.HardFault_Handler
                0x0000000008000fc6        0x2 build/stm32f4xx_it.o
                0x0000000008000fc6                HardFault_Handler
 .text.MemManage_Handler
                0x0000000008000fc8        0x2 build/stm32f4xx_it.o
                0x0000000008000fc8                MemManage_Handler
 .text.BusFault_Handler
                0x0000000008000fca        0x2 build/stm32f4xx_it.o
                0x0000000008000fca                BusFault_Handler
 .text.UsageFault_Handler
                0x0000000008000fcc        0x2 build/stm32f4xx_it.o
                0x0000000008000fcc                UsageFault_Handler
 .text.DebugMon_Handler
                0x0000000008000fce        0x2 build/stm32f4xx_it.o
                0x0000000008000fce                DebugMon_Handler
 .text.SysTick_Handler
                0x0000000008000fd0       0x12 build/stm32f4xx_it.o
                0x0000000008000fd0                SysTick_Handler
 *fill*         0x0000000008000fe2        0x2 
 .text.DEBUG_USART_Config
                0x0000000008000fe4       0x2c build/bsp_debug_usart.o
                0x0000000008000fe4                DEBUG_USART_Config
 .text.HAL_UART_MspInit
                0x0000000008001010       0x80 build/bsp_debug_usart.o
                0x0000000008001010                HAL_UART_MspInit
 .text._write   0x0000000008001090       0x34 build/bsp_debug_usart.o
                0x0000000008001090                _write
 .text.vListInsertEnd
                0x00000000080010c4       0x16 build/list.o
                0x00000000080010c4                vListInsertEnd
 .text.uxListRemove
                0x00000000080010da       0x24 build/list.o
                0x00000000080010da                uxListRemove
 *fill*         0x00000000080010fe        0x2 
 .text.prvResetNextTaskUnblockTime
                0x0000000008001100       0x2c build/tasks.o
 .text.xTaskIncrementTick
                0x000000000800112c      0x11c build/tasks.o
                0x000000000800112c                xTaskIncrementTick
 .text.vTaskSwitchContext
                0x0000000008001248       0x98 build/tasks.o
                0x0000000008001248                vTaskSwitchContext
 .text.xTaskGetSchedulerState
                0x00000000080012e0       0x20 build/tasks.o
                0x00000000080012e0                xTaskGetSchedulerState
 .text.SVC_Handler
                0x0000000008001300       0x24 build/port.o
                0x0000000008001300                SVC_Handler
 *fill*         0x0000000008001324        0xc 
 .text.PendSV_Handler
                0x0000000008001330       0x64 build/port.o
                0x0000000008001330                PendSV_Handler
 .text.xPortSysTickHandler
                0x0000000008001394       0x2c build/port.o
                0x0000000008001394                xPortSysTickHandler
 .text.SystemInit
                0x00000000080013c0       0x4c build/system_stm32f4xx.o
                0x00000000080013c0                SystemInit
 .text.HAL_RTCEx_AlarmBEventCallback
                0x000000000800140c        0x2 build/stm32f4xx_hal_rtc_ex.o
                0x000000000800140c                HAL_RTCEx_AlarmBEventCallback
 *fill*         0x000000000800140e        0x2 
 .text.HAL_RCCEx_PeriphCLKConfig
                0x0000000008001410      0x268 build/stm32f4xx_hal_rcc_ex.o
                0x0000000008001410                HAL_RCCEx_PeriphCLKConfig
 .text.HAL_RTC_MspInit
                0x0000000008001678        0x2 build/stm32f4xx_hal_rtc.o
                0x0000000008001678                HAL_RTC_MspInit
 *fill*         0x000000000800167a        0x2 
 .text.HAL_RTC_AlarmIRQHandler
                0x000000000800167c       0x60 build/stm32f4xx_hal_rtc.o
                0x000000000800167c                HAL_RTC_AlarmIRQHandler
 .text.HAL_RTC_WaitForSynchro
                0x00000000080016dc       0x32 build/stm32f4xx_hal_rtc.o
                0x00000000080016dc                HAL_RTC_WaitForSynchro
 .text.RTC_EnterInitMode
                0x000000000800170e       0x3c build/stm32f4xx_hal_rtc.o
                0x000000000800170e                RTC_EnterInitMode
 .text.HAL_RTC_Init
                0x000000000800174a       0xc4 build/stm32f4xx_hal_rtc.o
                0x000000000800174a                HAL_RTC_Init
 *fill*         0x000000000800180e        0x2 
 .text.HAL_PWREx_EnableOverDrive
                0x0000000008001810       0x7c build/stm32f4xx_hal_pwr_ex.o
                0x0000000008001810                HAL_PWREx_EnableOverDrive
 .text.HAL_RCC_OscConfig
                0x000000000800188c      0x398 build/stm32f4xx_hal_rcc.o
                0x000000000800188c                HAL_RCC_OscConfig
 .text.HAL_RCC_GetSysClockFreq
                0x0000000008001c24       0xa4 build/stm32f4xx_hal_rcc.o
                0x0000000008001c24                HAL_RCC_GetSysClockFreq
 .text.HAL_RCC_ClockConfig
                0x0000000008001cc8      0x15c build/stm32f4xx_hal_rcc.o
                0x0000000008001cc8                HAL_RCC_ClockConfig
 .text.HAL_RCC_GetHCLKFreq
                0x0000000008001e24        0xc build/stm32f4xx_hal_rcc.o
                0x0000000008001e24                HAL_RCC_GetHCLKFreq
 .text.HAL_RCC_GetPCLK1Freq
                0x0000000008001e30       0x20 build/stm32f4xx_hal_rcc.o
                0x0000000008001e30                HAL_RCC_GetPCLK1Freq
 .text.HAL_RCC_GetPCLK2Freq
                0x0000000008001e50       0x20 build/stm32f4xx_hal_rcc.o
                0x0000000008001e50                HAL_RCC_GetPCLK2Freq
 .text.HAL_NVIC_SetPriorityGrouping
                0x0000000008001e70       0x24 build/stm32f4xx_hal_cortex.o
                0x0000000008001e70                HAL_NVIC_SetPriorityGrouping
 .text.HAL_NVIC_SetPriority
                0x0000000008001e94       0x70 build/stm32f4xx_hal_cortex.o
                0x0000000008001e94                HAL_NVIC_SetPriority
 .text.HAL_NVIC_EnableIRQ
                0x0000000008001f04       0x18 build/stm32f4xx_hal_cortex.o
                0x0000000008001f04                HAL_NVIC_EnableIRQ
 .text.HAL_GPIO_Init
                0x0000000008001f1c      0x1e4 build/stm32f4xx_hal_gpio.o
                0x0000000008001f1c                HAL_GPIO_Init
 .text.HAL_Init
                0x0000000008002100       0x34 build/stm32f4xx_hal.o
                0x0000000008002100                HAL_Init
 .text.HAL_IncTick
                0x0000000008002134       0x18 build/stm32f4xx_hal.o
                0x0000000008002134                HAL_IncTick
 .text.HAL_GetTick
                0x000000000800214c        0xc build/stm32f4xx_hal.o
                0x000000000800214c                HAL_GetTick
 .text.UART_SetConfig
                0x0000000008002158      0x328 build/stm32f4xx_hal_uart.o
 .text.UART_WaitOnFlagUntilTimeout
                0x0000000008002480       0x6c build/stm32f4xx_hal_uart.o
 .text.HAL_UART_Init
                0x00000000080024ec       0x5e build/stm32f4xx_hal_uart.o
                0x00000000080024ec                HAL_UART_Init
 .text.HAL_UART_Transmit
                0x000000000800254a       0xde build/stm32f4xx_hal_uart.o
                0x000000000800254a                HAL_UART_Transmit
 .text.HAL_InitTick
                0x0000000008002628      0x144 build/stm32f4xx_hal_timebase_rtc_alarm_template.o
                0x0000000008002628                HAL_InitTick
 .text.HAL_RTC_AlarmAEventCallback
                0x000000000800276c       0x68 build/stm32f4xx_hal_timebase_rtc_alarm_template.o
                0x000000000800276c                HAL_RTC_AlarmAEventCallback
 .text.RTC_Alarm_IRQHandler
                0x00000000080027d4       0x10 build/stm32f4xx_hal_timebase_rtc_alarm_template.o
                0x00000000080027d4                RTC_Alarm_IRQHandler
 .text.HAL_MspInit
                0x00000000080027e4        0x2 build/stm32f4xx_hal_msp_template.o
                0x00000000080027e4                HAL_MspInit
 *fill*         0x00000000080027e6        0x2 
 .text.Reset_Handler
                0x00000000080027e8       0x50 build/startup_stm32f429xx.o
                0x00000000080027e8                Reset_Handler
 .text.Default_Handler
                0x0000000008002838        0x2 build/startup_stm32f429xx.o
                0x0000000008002838                HASH_RNG_IRQHandler
                0x0000000008002838                EXTI2_IRQHandler
                0x0000000008002838                TIM8_CC_IRQHandler
                0x0000000008002838                UART8_IRQHandler
                0x0000000008002838                SPI4_IRQHandler
                0x0000000008002838                TIM1_CC_IRQHandler
                0x0000000008002838                DMA2_Stream5_IRQHandler
                0x0000000008002838                DMA1_Stream5_IRQHandler
                0x0000000008002838                PVD_IRQHandler
                0x0000000008002838                SDIO_IRQHandler
                0x0000000008002838                TAMP_STAMP_IRQHandler
                0x0000000008002838                CAN2_RX1_IRQHandler
                0x0000000008002838                EXTI3_IRQHandler
                0x0000000008002838                TIM8_TRG_COM_TIM14_IRQHandler
                0x0000000008002838                TIM1_UP_TIM10_IRQHandler
                0x0000000008002838                TIM8_UP_TIM13_IRQHandler
                0x0000000008002838                I2C3_ER_IRQHandler
                0x0000000008002838                EXTI0_IRQHandler
                0x0000000008002838                I2C2_EV_IRQHandler
                0x0000000008002838                DMA1_Stream2_IRQHandler
                0x0000000008002838                CAN1_RX0_IRQHandler
                0x0000000008002838                FPU_IRQHandler
                0x0000000008002838                OTG_HS_WKUP_IRQHandler
                0x0000000008002838                LTDC_ER_IRQHandler
                0x0000000008002838                CAN2_SCE_IRQHandler
                0x0000000008002838                DMA2_Stream2_IRQHandler
                0x0000000008002838                SPI1_IRQHandler
                0x0000000008002838                TIM6_DAC_IRQHandler
                0x0000000008002838                TIM1_BRK_TIM9_IRQHandler
                0x0000000008002838                DCMI_IRQHandler
                0x0000000008002838                CAN2_RX0_IRQHandler
                0x0000000008002838                DMA2_Stream3_IRQHandler
                0x0000000008002838                USART6_IRQHandler
                0x0000000008002838                USART3_IRQHandler
                0x0000000008002838                CAN1_RX1_IRQHandler
                0x0000000008002838                UART5_IRQHandler
                0x0000000008002838                DMA2_Stream0_IRQHandler
                0x0000000008002838                TIM4_IRQHandler
                0x0000000008002838                I2C1_EV_IRQHandler
                0x0000000008002838                DMA1_Stream6_IRQHandler
                0x0000000008002838                DMA1_Stream1_IRQHandler
                0x0000000008002838                UART4_IRQHandler
                0x0000000008002838                TIM3_IRQHandler
                0x0000000008002838                RCC_IRQHandler
                0x0000000008002838                TIM8_BRK_TIM12_IRQHandler
                0x0000000008002838                Default_Handler
                0x0000000008002838                EXTI15_10_IRQHandler
                0x0000000008002838                ADC_IRQHandler
                0x0000000008002838                DMA1_Stream7_IRQHandler
                0x0000000008002838                SPI5_IRQHandler
                0x0000000008002838                TIM7_IRQHandler
                0x0000000008002838                CAN2_TX_IRQHandler
                0x0000000008002838                TIM5_IRQHandler
                0x0000000008002838                DMA2_Stream7_IRQHandler
                0x0000000008002838                I2C3_EV_IRQHandler
                0x0000000008002838                EXTI9_5_IRQHandler
                0x0000000008002838                RTC_WKUP_IRQHandler
                0x0000000008002838                LTDC_IRQHandler
                0x0000000008002838                ETH_WKUP_IRQHandler
                0x0000000008002838                SPI2_IRQHandler
                0x0000000008002838                OTG_HS_EP1_IN_IRQHandler
                0x0000000008002838                DMA1_Stream0_IRQHandler
                0x0000000008002838                CAN1_TX_IRQHandler
                0x0000000008002838                EXTI4_IRQHandler
                0x0000000008002838                ETH_IRQHandler
                0x0000000008002838                OTG_HS_EP1_OUT_IRQHandler
                0x0000000008002838                WWDG_IRQHandler
                0x0000000008002838                SPI6_IRQHandler
                0x0000000008002838                TIM2_IRQHandler
                0x0000000008002838                OTG_FS_WKUP_IRQHandler
                0x0000000008002838                TIM1_TRG_COM_TIM11_IRQHandler
                0x0000000008002838                OTG_HS_IRQHandler
                0x0000000008002838                DMA2D_IRQHandler
                0x0000000008002838                EXTI1_IRQHandler
                0x0000000008002838                UART7_IRQHandler
                0x0000000008002838                USART2_IRQHandler
                0x0000000008002838                I2C2_ER_IRQHandler
                0x0000000008002838                DMA2_Stream1_IRQHandler
                0x0000000008002838                CAN1_SCE_IRQHandler
                0x0000000008002838                FLASH_IRQHandler
                0x0000000008002838                DMA2_Stream4_IRQHandler
                0x0000000008002838                USART1_IRQHandler
                0x0000000008002838                OTG_FS_IRQHandler
                0x0000000008002838                SPI3_IRQHandler
                0x0000000008002838                DMA1_Stream4_IRQHandler
                0x0000000008002838                I2C1_ER_IRQHandler
                0x0000000008002838                FMC_IRQHandler
                0x0000000008002838                DMA2_Stream6_IRQHandler
                0x0000000008002838                SAI1_IRQHandler
                0x0000000008002838                DMA1_Stream3_IRQHandler
 *fill*         0x000000000800283a        0x2 
 .text.__errno  0x000000000800283c        0xc /home/hao/Documents/gcc-arm-none-eabi/bin/../lib/gcc/arm-none-eabi/10.2.1/../../../../arm-none-eabi/lib/thumb/v7e-m+fp/hard/libc_nano.a(lib_a-errno.o)
                0x000000000800283c                __errno
 .text.__libc_init_array
                0x0000000008002848       0x48 /home/hao/Documents/gcc-arm-none-eabi/bin/../lib/gcc/arm-none-eabi/10.2.1/../../../../arm-none-eabi/lib/thumb/v7e-m+fp/hard/libc_nano.a(lib_a-init.o)
                0x0000000008002848                __libc_init_array
 .text.memcpy   0x0000000008002890       0x1c /home/hao/Documents/gcc-arm-none-eabi/bin/../lib/gcc/arm-none-eabi/10.2.1/../../../../arm-none-eabi/lib/thumb/v7e-m+fp/hard/libc_nano.a(lib_a-memcpy-stub.o)
                0x0000000008002890                memcpy
 .text.memset   0x00000000080028ac       0x10 /home/hao/Documents/gcc-arm-none-eabi/bin/../lib/gcc/arm-none-eabi/10.2.1/../../../../arm-none-eabi/lib/thumb/v7e-m+fp/hard/libc_nano.a(lib_a-memset.o)
                0x00000000080028ac                memset
 .text.__cvt    0x00000000080028bc       0xc4 /home/hao/Documents/gcc-arm-none-eabi/bin/../lib/gcc/arm-none-eabi/10.2.1/../../../../arm-none-eabi/lib/thumb/v7e-m+fp/hard/libc_nano.a(lib_a-nano-vfprintf_float.o)
                0x00000000080028bc                __cvt
 .text.__exponent
                0x0000000008002980       0x7c /home/hao/Documents/gcc-arm-none-eabi/bin/../lib/gcc/arm-none-eabi/10.2.1/../../../../arm-none-eabi/lib/thumb/v7e-m+fp/hard/libc_nano.a(lib_a-nano-vfprintf_float.o)
                0x0000000008002980                __exponent
 .text._printf_float
                0x00000000080029fc      0x46c /home/hao/Documents/gcc-arm-none-eabi/bin/../lib/gcc/arm-none-eabi/10.2.1/../../../../arm-none-eabi/lib/thumb/v7e-m+fp/hard/libc_nano.a(lib_a-nano-vfprintf_float.o)
                0x00000000080029fc                _printf_float
 .text._printf_common
                0x0000000008002e68       0xda /home/hao/Documents/gcc-arm-none-eabi/bin/../lib/gcc/arm-none-eabi/10.2.1/../../../../arm-none-eabi/lib/thumb/v7e-m+fp/hard/libc_nano.a(lib_a-nano-vfprintf_i.o)
                0x0000000008002e68                _printf_common
 *fill*         0x0000000008002f42        0x2 
 .text._printf_i
                0x0000000008002f44      0x24c /home/hao/Documents/gcc-arm-none-eabi/bin/../lib/gcc/arm-none-eabi/10.2.1/../../../../arm-none-eabi/lib/thumb/v7e-m+fp/hard/libc_nano.a(lib_a-nano-vfprintf_i.o)
                0x0000000008002f44                _printf_i
 .text.printf   0x0000000008003190       0x30 /home/hao/Documents/gcc-arm-none-eabi/bin/../lib/gcc/arm-none-eabi/10.2.1/../../../../arm-none-eabi/lib/thumb/v7e-m+fp/hard/libc_nano.a(lib_a-printf.o)
                0x0000000008003190                printf
                0x0000000008003190                iprintf
 .text._puts_r  0x00000000080031c0       0xdc /home/hao/Documents/gcc-arm-none-eabi/bin/../lib/gcc/arm-none-eabi/10.2.1/../../../../arm-none-eabi/lib/thumb/v7e-m+fp/hard/libc_nano.a(lib_a-puts.o)
                0x00000000080031c0                _puts_r
 .text.puts     0x000000000800329c       0x10 /home/hao/Documents/gcc-arm-none-eabi/bin/../lib/gcc/arm-none-eabi/10.2.1/../../../../arm-none-eabi/lib/thumb/v7e-m+fp/hard/libc_nano.a(lib_a-puts.o)
                0x000000000800329c                puts
 .text.__swbuf_r
                0x00000000080032ac       0xa4 /home/hao/Documents/gcc-arm-none-eabi/bin/../lib/gcc/arm-none-eabi/10.2.1/../../../../arm-none-eabi/lib/thumb/v7e-m+fp/hard/libc_nano.a(lib_a-wbuf.o)
                0x00000000080032ac                __swbuf_r
 .text.__swsetup_r
                0x0000000008003350       0xdc /home/hao/Documents/gcc-arm-none-eabi/bin/../lib/gcc/arm-none-eabi/10.2.1/../../../../arm-none-eabi/lib/thumb/v7e-m+fp/hard/libc_nano.a(lib_a-wsetup.o)
                0x0000000008003350                __swsetup_r
 .text.quorem   0x000000000800342c      0x116 /home/hao/Documents/gcc-arm-none-eabi/bin/../lib/gcc/arm-none-eabi/10.2.1/../../../../arm-none-eabi/lib/thumb/v7e-m+fp/hard/libc_nano.a(lib_a-dtoa.o)
 *fill*         0x0000000008003542        0x6 
 .text._dtoa_r  0x0000000008003548      0xbdc /home/hao/Documents/gcc-arm-none-eabi/bin/../lib/gcc/arm-none-eabi/10.2.1/../../../../arm-none-eabi/lib/thumb/v7e-m+fp/hard/libc_nano.a(lib_a-dtoa.o)
                0x0000000008003548                _dtoa_r
 .text.__sflush_r
                0x0000000008004124      0x10c /home/hao/Documents/gcc-arm-none-eabi/bin/../lib/gcc/arm-none-eabi/10.2.1/../../../../arm-none-eabi/lib/thumb/v7e-m+fp/hard/libc_nano.a(lib_a-fflush.o)
                0x0000000008004124                __sflush_r
 .text._fflush_r
                0x0000000008004230       0x78 /home/hao/Documents/gcc-arm-none-eabi/bin/../lib/gcc/arm-none-eabi/10.2.1/../../../../arm-none-eabi/lib/thumb/v7e-m+fp/hard/libc_nano.a(lib_a-fflush.o)
                0x0000000008004230                _fflush_r
 .text.std      0x00000000080042a8       0x48 /home/hao/Documents/gcc-arm-none-eabi/bin/../lib/gcc/arm-none-eabi/10.2.1/../../../../arm-none-eabi/lib/thumb/v7e-m+fp/hard/libc_nano.a(lib_a-findfp.o)
 .text._cleanup_r
                0x00000000080042f0        0xc /home/hao/Documents/gcc-arm-none-eabi/bin/../lib/gcc/arm-none-eabi/10.2.1/../../../../arm-none-eabi/lib/thumb/v7e-m+fp/hard/libc_nano.a(lib_a-findfp.o)
                0x00000000080042f0                _cleanup_r
 .text.__sfmoreglue
                0x00000000080042fc       0x2c /home/hao/Documents/gcc-arm-none-eabi/bin/../lib/gcc/arm-none-eabi/10.2.1/../../../../arm-none-eabi/lib/thumb/v7e-m+fp/hard/libc_nano.a(lib_a-findfp.o)
                0x00000000080042fc                __sfmoreglue
 .text.__sfp_lock_acquire
                0x0000000008004328        0xc /home/hao/Documents/gcc-arm-none-eabi/bin/../lib/gcc/arm-none-eabi/10.2.1/../../../../arm-none-eabi/lib/thumb/v7e-m+fp/hard/libc_nano.a(lib_a-findfp.o)
                0x0000000008004328                __sfp_lock_acquire
 .text.__sfp_lock_release
                0x0000000008004334        0xc /home/hao/Documents/gcc-arm-none-eabi/bin/../lib/gcc/arm-none-eabi/10.2.1/../../../../arm-none-eabi/lib/thumb/v7e-m+fp/hard/libc_nano.a(lib_a-findfp.o)
                0x0000000008004334                __sfp_lock_release
 .text.__sinit_lock_acquire
                0x0000000008004340        0xc /home/hao/Documents/gcc-arm-none-eabi/bin/../lib/gcc/arm-none-eabi/10.2.1/../../../../arm-none-eabi/lib/thumb/v7e-m+fp/hard/libc_nano.a(lib_a-findfp.o)
                0x0000000008004340                __sinit_lock_acquire
 .text.__sinit_lock_release
                0x000000000800434c        0xc /home/hao/Documents/gcc-arm-none-eabi/bin/../lib/gcc/arm-none-eabi/10.2.1/../../../../arm-none-eabi/lib/thumb/v7e-m+fp/hard/libc_nano.a(lib_a-findfp.o)
                0x000000000800434c                __sinit_lock_release
 .text.__sinit  0x0000000008004358       0x70 /home/hao/Documents/gcc-arm-none-eabi/bin/../lib/gcc/arm-none-eabi/10.2.1/../../../../arm-none-eabi/lib/thumb/v7e-m+fp/hard/libc_nano.a(lib_a-findfp.o)
                0x0000000008004358                __sinit
 .text.__sfp    0x00000000080043c8       0x8c /home/hao/Documents/gcc-arm-none-eabi/bin/../lib/gcc/arm-none-eabi/10.2.1/../../../../arm-none-eabi/lib/thumb/v7e-m+fp/hard/libc_nano.a(lib_a-findfp.o)
                0x00000000080043c8                __sfp
 .text._fwalk_reent
                0x0000000008004454       0x3e /home/hao/Documents/gcc-arm-none-eabi/bin/../lib/gcc/arm-none-eabi/10.2.1/../../../../arm-none-eabi/lib/thumb/v7e-m+fp/hard/libc_nano.a(lib_a-fwalk.o)
                0x0000000008004454                _fwalk_reent
 *fill*         0x0000000008004492        0x2 
 .text._localeconv_r
                0x0000000008004494        0x8 /home/hao/Documents/gcc-arm-none-eabi/bin/../lib/gcc/arm-none-eabi/10.2.1/../../../../arm-none-eabi/lib/thumb/v7e-m+fp/hard/libc_nano.a(lib_a-localeconv.o)
                0x0000000008004494                _localeconv_r
 .text.__retarget_lock_init_recursive
                0x000000000800449c        0x2 /home/hao/Documents/gcc-arm-none-eabi/bin/../lib/gcc/arm-none-eabi/10.2.1/../../../../arm-none-eabi/lib/thumb/v7e-m+fp/hard/libc_nano.a(lib_a-lock.o)
                0x000000000800449c                __retarget_lock_init_recursive
 .text.__retarget_lock_acquire_recursive
                0x000000000800449e        0x2 /home/hao/Documents/gcc-arm-none-eabi/bin/../lib/gcc/arm-none-eabi/10.2.1/../../../../arm-none-eabi/lib/thumb/v7e-m+fp/hard/libc_nano.a(lib_a-lock.o)
                0x000000000800449e                __retarget_lock_acquire_recursive
 .text.__retarget_lock_release_recursive
                0x00000000080044a0        0x2 /home/hao/Documents/gcc-arm-none-eabi/bin/../lib/gcc/arm-none-eabi/10.2.1/../../../../arm-none-eabi/lib/thumb/v7e-m+fp/hard/libc_nano.a(lib_a-lock.o)
                0x00000000080044a0                __retarget_lock_release_recursive
 .text.__swhatbuf_r
                0x00000000080044a2       0x4a /home/hao/Documents/gcc-arm-none-eabi/bin/../lib/gcc/arm-none-eabi/10.2.1/../../../../arm-none-eabi/lib/thumb/v7e-m+fp/hard/libc_nano.a(lib_a-makebuf.o)
                0x00000000080044a2                __swhatbuf_r
 .text.__smakebuf_r
                0x00000000080044ec       0x80 /home/hao/Documents/gcc-arm-none-eabi/bin/../lib/gcc/arm-none-eabi/10.2.1/../../../../arm-none-eabi/lib/thumb/v7e-m+fp/hard/libc_nano.a(lib_a-makebuf.o)
                0x00000000080044ec                __smakebuf_r
 .text.malloc   0x000000000800456c       0x10 /home/hao/Documents/gcc-arm-none-eabi/bin/../lib/gcc/arm-none-eabi/10.2.1/../../../../arm-none-eabi/lib/thumb/v7e-m+fp/hard/libc_nano.a(lib_a-malloc.o)
                0x000000000800456c                malloc
 .text._Balloc  0x000000000800457c       0x80 /home/hao/Documents/gcc-arm-none-eabi/bin/../lib/gcc/arm-none-eabi/10.2.1/../../../../arm-none-eabi/lib/thumb/v7e-m+fp/hard/libc_nano.a(lib_a-mprec.o)
                0x000000000800457c                _Balloc
 .text._Bfree   0x00000000080045fc       0x44 /home/hao/Documents/gcc-arm-none-eabi/bin/../lib/gcc/arm-none-eabi/10.2.1/../../../../arm-none-eabi/lib/thumb/v7e-m+fp/hard/libc_nano.a(lib_a-mprec.o)
                0x00000000080045fc                _Bfree
 .text.__multadd
                0x0000000008004640       0x8c /home/hao/Documents/gcc-arm-none-eabi/bin/../lib/gcc/arm-none-eabi/10.2.1/../../../../arm-none-eabi/lib/thumb/v7e-m+fp/hard/libc_nano.a(lib_a-mprec.o)
                0x0000000008004640                __multadd
 .text.__hi0bits
                0x00000000080046cc       0x40 /home/hao/Documents/gcc-arm-none-eabi/bin/../lib/gcc/arm-none-eabi/10.2.1/../../../../arm-none-eabi/lib/thumb/v7e-m+fp/hard/libc_nano.a(lib_a-mprec.o)
                0x00000000080046cc                __hi0bits
 .text.__lo0bits
                0x000000000800470c       0x5e /home/hao/Documents/gcc-arm-none-eabi/bin/../lib/gcc/arm-none-eabi/10.2.1/../../../../arm-none-eabi/lib/thumb/v7e-m+fp/hard/libc_nano.a(lib_a-mprec.o)
                0x000000000800470c                __lo0bits
 *fill*         0x000000000800476a        0x2 
 .text.__i2b    0x000000000800476c       0x2c /home/hao/Documents/gcc-arm-none-eabi/bin/../lib/gcc/arm-none-eabi/10.2.1/../../../../arm-none-eabi/lib/thumb/v7e-m+fp/hard/libc_nano.a(lib_a-mprec.o)
                0x000000000800476c                __i2b
 .text.__multiply
                0x0000000008004798      0x154 /home/hao/Documents/gcc-arm-none-eabi/bin/../lib/gcc/arm-none-eabi/10.2.1/../../../../arm-none-eabi/lib/thumb/v7e-m+fp/hard/libc_nano.a(lib_a-mprec.o)
                0x0000000008004798                __multiply
 .text.__pow5mult
                0x00000000080048ec       0xb4 /home/hao/Documents/gcc-arm-none-eabi/bin/../lib/gcc/arm-none-eabi/10.2.1/../../../../arm-none-eabi/lib/thumb/v7e-m+fp/hard/libc_nano.a(lib_a-mprec.o)
                0x00000000080048ec                __pow5mult
 .text.__lshift
                0x00000000080049a0       0xe0 /home/hao/Documents/gcc-arm-none-eabi/bin/../lib/gcc/arm-none-eabi/10.2.1/../../../../arm-none-eabi/lib/thumb/v7e-m+fp/hard/libc_nano.a(lib_a-mprec.o)
                0x00000000080049a0                __lshift
 .text.__mcmp   0x0000000008004a80       0x38 /home/hao/Documents/gcc-arm-none-eabi/bin/../lib/gcc/arm-none-eabi/10.2.1/../../../../arm-none-eabi/lib/thumb/v7e-m+fp/hard/libc_nano.a(lib_a-mprec.o)
                0x0000000008004a80                __mcmp
 .text.__mdiff  0x0000000008004ab8      0x114 /home/hao/Documents/gcc-arm-none-eabi/bin/../lib/gcc/arm-none-eabi/10.2.1/../../../../arm-none-eabi/lib/thumb/v7e-m+fp/hard/libc_nano.a(lib_a-mprec.o)
                0x0000000008004ab8                __mdiff
 .text.__d2b    0x0000000008004bcc       0xb8 /home/hao/Documents/gcc-arm-none-eabi/bin/../lib/gcc/arm-none-eabi/10.2.1/../../../../arm-none-eabi/lib/thumb/v7e-m+fp/hard/libc_nano.a(lib_a-mprec.o)
                0x0000000008004bcc                __d2b
 .text._calloc_r
                0x0000000008004c84       0x1e /home/hao/Documents/gcc-arm-none-eabi/bin/../lib/gcc/arm-none-eabi/10.2.1/../../../../arm-none-eabi/lib/thumb/v7e-m+fp/hard/libc_nano.a(lib_a-nano-callocr.o)
                0x0000000008004c84                _calloc_r
 *fill*         0x0000000008004ca2        0x2 
 .text._free_r  0x0000000008004ca4       0x98 /home/hao/Documents/gcc-arm-none-eabi/bin/../lib/gcc/arm-none-eabi/10.2.1/../../../../arm-none-eabi/lib/thumb/v7e-m+fp/hard/libc_nano.a(lib_a-nano-freer.o)
                0x0000000008004ca4                _free_r
 .text._malloc_r
                0x0000000008004d3c       0xb4 /home/hao/Documents/gcc-arm-none-eabi/bin/../lib/gcc/arm-none-eabi/10.2.1/../../../../arm-none-eabi/lib/thumb/v7e-m+fp/hard/libc_nano.a(lib_a-nano-mallocr.o)
                0x0000000008004d3c                _malloc_r
 .text.__sfputc_r
                0x0000000008004df0       0x2e /home/hao/Documents/gcc-arm-none-eabi/bin/../lib/gcc/arm-none-eabi/10.2.1/../../../../arm-none-eabi/lib/thumb/v7e-m+fp/hard/libc_nano.a(lib_a-nano-vfprintf.o)
 .text.__sfputs_r
                0x0000000008004e1e       0x24 /home/hao/Documents/gcc-arm-none-eabi/bin/../lib/gcc/arm-none-eabi/10.2.1/../../../../arm-none-eabi/lib/thumb/v7e-m+fp/hard/libc_nano.a(lib_a-nano-vfprintf.o)
                0x0000000008004e1e                __sfputs_r
 *fill*         0x0000000008004e42        0x2 
 .text._vfprintf_r
                0x0000000008004e44      0x260 /home/hao/Documents/gcc-arm-none-eabi/bin/../lib/gcc/arm-none-eabi/10.2.1/../../../../arm-none-eabi/lib/thumb/v7e-m+fp/hard/libc_nano.a(lib_a-nano-vfprintf.o)
                0x0000000008004e44                _vfiprintf_r
                0x0000000008004e44                _vfprintf_r
 .text._sbrk_r  0x00000000080050a4       0x20 /home/hao/Documents/gcc-arm-none-eabi/bin/../lib/gcc/arm-none-eabi/10.2.1/../../../../arm-none-eabi/lib/thumb/v7e-m+fp/hard/libc_nano.a(lib_a-sbrkr.o)
                0x00000000080050a4                _sbrk_r
 .text.__sread  0x00000000080050c4       0x22 /home/hao/Documents/gcc-arm-none-eabi/bin/../lib/gcc/arm-none-eabi/10.2.1/../../../../arm-none-eabi/lib/thumb/v7e-m+fp/hard/libc_nano.a(lib_a-stdio.o)
                0x00000000080050c4                __sread
 .text.__swrite
                0x00000000080050e6       0x38 /home/hao/Documents/gcc-arm-none-eabi/bin/../lib/gcc/arm-none-eabi/10.2.1/../../../../arm-none-eabi/lib/thumb/v7e-m+fp/hard/libc_nano.a(lib_a-stdio.o)
                0x00000000080050e6                __swrite
 .text.__sseek  0x000000000800511e       0x24 /home/hao/Documents/gcc-arm-none-eabi/bin/../lib/gcc/arm-none-eabi/10.2.1/../../../../arm-none-eabi/lib/thumb/v7e-m+fp/hard/libc_nano.a(lib_a-stdio.o)
                0x000000000800511e                __sseek
 .text.__sclose
                0x0000000008005142        0x8 /home/hao/Documents/gcc-arm-none-eabi/bin/../lib/gcc/arm-none-eabi/10.2.1/../../../../arm-none-eabi/lib/thumb/v7e-m+fp/hard/libc_nano.a(lib_a-stdio.o)
                0x0000000008005142                __sclose
 *fill*         0x000000000800514a        0x2 
 .text._write_r
                0x000000000800514c       0x24 /home/hao/Documents/gcc-arm-none-eabi/bin/../lib/gcc/arm-none-eabi/10.2.1/../../../../arm-none-eabi/lib/thumb/v7e-m+fp/hard/libc_nano.a(lib_a-writer.o)
                0x000000000800514c                _write_r
 .text.__assert_func
                0x0000000008005170       0x3c /home/hao/Documents/gcc-arm-none-eabi/bin/../lib/gcc/arm-none-eabi/10.2.1/../../../../arm-none-eabi/lib/thumb/v7e-m+fp/hard/libc_nano.a(lib_a-assert.o)
                0x0000000008005170                __assert_func
 .text._close_r
                0x00000000080051ac       0x20 /home/hao/Documents/gcc-arm-none-eabi/bin/../lib/gcc/arm-none-eabi/10.2.1/../../../../arm-none-eabi/lib/thumb/v7e-m+fp/hard/libc_nano.a(lib_a-closer.o)
                0x00000000080051ac                _close_r
 .text.fprintf  0x00000000080051cc       0x24 /home/hao/Documents/gcc-arm-none-eabi/bin/../lib/gcc/arm-none-eabi/10.2.1/../../../../arm-none-eabi/lib/thumb/v7e-m+fp/hard/libc_nano.a(lib_a-fprintf.o)
                0x00000000080051cc                fprintf
                0x00000000080051cc                fiprintf
 .text._fstat_r
                0x00000000080051f0       0x24 /home/hao/Documents/gcc-arm-none-eabi/bin/../lib/gcc/arm-none-eabi/10.2.1/../../../../arm-none-eabi/lib/thumb/v7e-m+fp/hard/libc_nano.a(lib_a-fstatr.o)
                0x00000000080051f0                _fstat_r
 .text._isatty_r
                0x0000000008005214       0x20 /home/hao/Documents/gcc-arm-none-eabi/bin/../lib/gcc/arm-none-eabi/10.2.1/../../../../arm-none-eabi/lib/thumb/v7e-m+fp/hard/libc_nano.a(lib_a-isattyr.o)
                0x0000000008005214                _isatty_r
 .text._lseek_r
                0x0000000008005234       0x24 /home/hao/Documents/gcc-arm-none-eabi/bin/../lib/gcc/arm-none-eabi/10.2.1/../../../../arm-none-eabi/lib/thumb/v7e-m+fp/hard/libc_nano.a(lib_a-lseekr.o)
                0x0000000008005234                _lseek_r
 .text.__ascii_mbtowc
                0x0000000008005258       0x24 /home/hao/Documents/gcc-arm-none-eabi/bin/../lib/gcc/arm-none-eabi/10.2.1/../../../../arm-none-eabi/lib/thumb/v7e-m+fp/hard/libc_nano.a(lib_a-mbtowc_r.o)
                0x0000000008005258                __ascii_mbtowc
 .text.__malloc_lock
                0x000000000800527c        0xc /home/hao/Documents/gcc-arm-none-eabi/bin/../lib/gcc/arm-none-eabi/10.2.1/../../../../arm-none-eabi/lib/thumb/v7e-m+fp/hard/libc_nano.a(lib_a-mlock.o)
                0x000000000800527c                __malloc_lock
 .text.__malloc_unlock
                0x0000000008005288        0xc /home/hao/Documents/gcc-arm-none-eabi/bin/../lib/gcc/arm-none-eabi/10.2.1/../../../../arm-none-eabi/lib/thumb/v7e-m+fp/hard/libc_nano.a(lib_a-mlock.o)
                0x0000000008005288                __malloc_unlock
 .text._read_r  0x0000000008005294       0x24 /home/hao/Documents/gcc-arm-none-eabi/bin/../lib/gcc/arm-none-eabi/10.2.1/../../../../arm-none-eabi/lib/thumb/v7e-m+fp/hard/libc_nano.a(lib_a-readr.o)
                0x0000000008005294                _read_r
 .text.__ascii_wctomb
                0x00000000080052b8       0x1a /home/hao/Documents/gcc-arm-none-eabi/bin/../lib/gcc/arm-none-eabi/10.2.1/../../../../arm-none-eabi/lib/thumb/v7e-m+fp/hard/libc_nano.a(lib_a-wctomb_r.o)
                0x00000000080052b8                __ascii_wctomb
 .text.abort    0x00000000080052d2        0xe /home/hao/Documents/gcc-arm-none-eabi/bin/../lib/gcc/arm-none-eabi/10.2.1/../../../../arm-none-eabi/lib/thumb/v7e-m+fp/hard/libc_nano.a(lib_a-abort.o)
                0x00000000080052d2                abort
 .text._raise_r
                0x00000000080052e0       0x50 /home/hao/Documents/gcc-arm-none-eabi/bin/../lib/gcc/arm-none-eabi/10.2.1/../../../../arm-none-eabi/lib/thumb/v7e-m+fp/hard/libc_nano.a(lib_a-signal.o)
                0x00000000080052e0                _raise_r
 .text.raise    0x0000000008005330       0x10 /home/hao/Documents/gcc-arm-none-eabi/bin/../lib/gcc/arm-none-eabi/10.2.1/../../../../arm-none-eabi/lib/thumb/v7e-m+fp/hard/libc_nano.a(lib_a-signal.o)
                0x0000000008005330                raise
 .text._kill_r  0x0000000008005340       0x24 /home/hao/Documents/gcc-arm-none-eabi/bin/../lib/gcc/arm-none-eabi/10.2.1/../../../../arm-none-eabi/lib/thumb/v7e-m+fp/hard/libc_nano.a(lib_a-signalr.o)
                0x0000000008005340                _kill_r
 .text._getpid_r
                0x0000000008005364        0x4 /home/hao/Documents/gcc-arm-none-eabi/bin/../lib/gcc/arm-none-eabi/10.2.1/../../../../arm-none-eabi/lib/thumb/v7e-m+fp/hard/libc_nano.a(lib_a-signalr.o)
                0x0000000008005364                _getpid_r
 .text._close   0x0000000008005368       0x10 /home/hao/Documents/gcc-arm-none-eabi/bin/../lib/gcc/arm-none-eabi/10.2.1/../../../../arm-none-eabi/lib/thumb/v7e-m+fp/hard/libnosys.a(close.o)
                0x0000000008005368                _close
 .text._fstat   0x0000000008005378       0x10 /home/hao/Documents/gcc-arm-none-eabi/bin/../lib/gcc/arm-none-eabi/10.2.1/../../../../arm-none-eabi/lib/thumb/v7e-m+fp/hard/libnosys.a(fstat.o)
                0x0000000008005378                _fstat
 .text._getpid  0x0000000008005388       0x10 /home/hao/Documents/gcc-arm-none-eabi/bin/../lib/gcc/arm-none-eabi/10.2.1/../../../../arm-none-eabi/lib/thumb/v7e-m+fp/hard/libnosys.a(getpid.o)
                0x0000000008005388                _getpid
 .text._isatty  0x0000000008005398       0x10 /home/hao/Documents/gcc-arm-none-eabi/bin/../lib/gcc/arm-none-eabi/10.2.1/../../../../arm-none-eabi/lib/thumb/v7e-m+fp/hard/libnosys.a(isatty.o)
                0x0000000008005398                _isatty
 .text._kill    0x00000000080053a8       0x10 /home/hao/Documents/gcc-arm-none-eabi/bin/../lib/gcc/arm-none-eabi/10.2.1/../../../../arm-none-eabi/lib/thumb/v7e-m+fp/hard/libnosys.a(kill.o)
                0x00000000080053a8                _kill
 .text._lseek   0x00000000080053b8       0x10 /home/hao/Documents/gcc-arm-none-eabi/bin/../lib/gcc/arm-none-eabi/10.2.1/../../../../arm-none-eabi/lib/thumb/v7e-m+fp/hard/libnosys.a(lseek.o)
                0x00000000080053b8                _lseek
 .text._read    0x00000000080053c8       0x10 /home/hao/Documents/gcc-arm-none-eabi/bin/../lib/gcc/arm-none-eabi/10.2.1/../../../../arm-none-eabi/lib/thumb/v7e-m+fp/hard/libnosys.a(read.o)
                0x00000000080053c8                _read
 .text._sbrk    0x00000000080053d8       0x1c /home/hao/Documents/gcc-arm-none-eabi/bin/../lib/gcc/arm-none-eabi/10.2.1/../../../../arm-none-eabi/lib/thumb/v7e-m+fp/hard/libnosys.a(sbrk.o)
                0x00000000080053d8                _sbrk
 .text._exit    0x00000000080053f4        0x4 /home/hao/Documents/gcc-arm-none-eabi/bin/../lib/gcc/arm-none-eabi/10.2.1/../../../../arm-none-eabi/lib/thumb/v7e-m+fp/hard/libnosys.a(_exit.o)
                0x00000000080053f4                _exit
 *(.glue_7)
 .glue_7        0x00000000080053f8        0x0 linker stubs
 *(.glue_7t)
 .glue_7t       0x00000000080053f8        0x0 linker stubs
 *(.eh_frame)
 .eh_frame      0x00000000080053f8        0x0 /home/hao/Documents/gcc-arm-none-eabi/bin/../lib/gcc/arm-none-eabi/10.2.1/thumb/v7e-m+fp/hard/crtbegin.o
 *(.init)
 .init          0x00000000080053f8        0x4 /home/hao/Documents/gcc-arm-none-eabi/bin/../lib/gcc/arm-none-eabi/10.2.1/thumb/v7e-m+fp/hard/crti.o
                0x00000000080053f8                _init
 .init          0x00000000080053fc        0x8 /home/hao/Documents/gcc-arm-none-eabi/bin/../lib/gcc/arm-none-eabi/10.2.1/thumb/v7e-m+fp/hard/crtn.o
 *(.fini)
 .fini          0x0000000008005404        0x4 /home/hao/Documents/gcc-arm-none-eabi/bin/../lib/gcc/arm-none-eabi/10.2.1/thumb/v7e-m+fp/hard/crti.o
                0x0000000008005404                _fini
 .fini          0x0000000008005408        0x8 /home/hao/Documents/gcc-arm-none-eabi/bin/../lib/gcc/arm-none-eabi/10.2.1/thumb/v7e-m+fp/hard/crtn.o
                0x0000000008005410                . = ALIGN (0x4)
                0x0000000008005410                _etext = .

.vfp11_veneer   0x0000000008005410        0x0
 .vfp11_veneer  0x0000000008005410        0x0 linker stubs

.v4_bx          0x0000000008005410        0x0
 .v4_bx         0x0000000008005410        0x0 linker stubs

.iplt           0x0000000008005410        0x0
 .iplt          0x0000000008005410        0x0 /home/hao/Documents/gcc-arm-none-eabi/bin/../lib/gcc/arm-none-eabi/10.2.1/thumb/v7e-m+fp/hard/crtbegin.o

.rodata         0x0000000008005410      0x474
                0x0000000008005410                . = ALIGN (0x4)
 *(.rodata)
 *(.rodata*)
 .rodata.main.str1.4
                0x0000000008005410        0xe build/main.o
 *fill*         0x000000000800541e        0x2 
 .rodata.prvTaskIsTaskSuspended.str1.4
                0x0000000008005420       0x26 build/tasks.o
 *fill*         0x0000000008005446        0x2 
 .rodata.AHBPrescTable
                0x0000000008005448       0x10 build/system_stm32f4xx.o
                0x0000000008005448                AHBPrescTable
 .rodata.APBPrescTable
                0x0000000008005458        0x8 build/system_stm32f4xx.o
                0x0000000008005458                APBPrescTable
 .rodata._global_impure_ptr
                0x0000000008005460        0x4 /home/hao/Documents/gcc-arm-none-eabi/bin/../lib/gcc/arm-none-eabi/10.2.1/../../../../arm-none-eabi/lib/thumb/v7e-m+fp/hard/libc_nano.a(lib_a-impure.o)
                0x0000000008005460                _global_impure_ptr
 .rodata._printf_float.str1.1
                0x0000000008005464       0x12 /home/hao/Documents/gcc-arm-none-eabi/bin/../lib/gcc/arm-none-eabi/10.2.1/../../../../arm-none-eabi/lib/thumb/v7e-m+fp/hard/libc_nano.a(lib_a-nano-vfprintf_float.o)
 .rodata._printf_i.str1.1
                0x0000000008005476       0x22 /home/hao/Documents/gcc-arm-none-eabi/bin/../lib/gcc/arm-none-eabi/10.2.1/../../../../arm-none-eabi/lib/thumb/v7e-m+fp/hard/libc_nano.a(lib_a-nano-vfprintf_i.o)
 .rodata._dtoa_r.str1.1
                0x0000000008005498       0xb2 /home/hao/Documents/gcc-arm-none-eabi/bin/../lib/gcc/arm-none-eabi/10.2.1/../../../../arm-none-eabi/lib/thumb/v7e-m+fp/hard/libc_nano.a(lib_a-dtoa.o)
                                         0xb4 (size before relaxing)
 *fill*         0x000000000800554a        0x2 
 .rodata.__sf_fake_stderr
                0x000000000800554c       0x20 /home/hao/Documents/gcc-arm-none-eabi/bin/../lib/gcc/arm-none-eabi/10.2.1/../../../../arm-none-eabi/lib/thumb/v7e-m+fp/hard/libc_nano.a(lib_a-findfp.o)
                0x000000000800554c                __sf_fake_stderr
 .rodata.__sf_fake_stdin
                0x000000000800556c       0x20 /home/hao/Documents/gcc-arm-none-eabi/bin/../lib/gcc/arm-none-eabi/10.2.1/../../../../arm-none-eabi/lib/thumb/v7e-m+fp/hard/libc_nano.a(lib_a-findfp.o)
                0x000000000800556c                __sf_fake_stdin
 .rodata.__sf_fake_stdout
                0x000000000800558c       0x20 /home/hao/Documents/gcc-arm-none-eabi/bin/../lib/gcc/arm-none-eabi/10.2.1/../../../../arm-none-eabi/lib/thumb/v7e-m+fp/hard/libc_nano.a(lib_a-findfp.o)
                0x000000000800558c                __sf_fake_stdout
 .rodata._Balloc.str1.1
                0x00000000080055ac       0x7e /home/hao/Documents/gcc-arm-none-eabi/bin/../lib/gcc/arm-none-eabi/10.2.1/../../../../arm-none-eabi/lib/thumb/v7e-m+fp/hard/libc_nano.a(lib_a-mprec.o)
                                         0x95 (size before relaxing)
 .rodata.__multadd.str1.1
                0x000000000800562a       0x11 /home/hao/Documents/gcc-arm-none-eabi/bin/../lib/gcc/arm-none-eabi/10.2.1/../../../../arm-none-eabi/lib/thumb/v7e-m+fp/hard/libc_nano.a(lib_a-mprec.o)
 *fill*         0x000000000800562a        0x6 
 .rodata.__mprec_bigtens
                0x0000000008005630       0x28 /home/hao/Documents/gcc-arm-none-eabi/bin/../lib/gcc/arm-none-eabi/10.2.1/../../../../arm-none-eabi/lib/thumb/v7e-m+fp/hard/libc_nano.a(lib_a-mprec.o)
                0x0000000008005630                __mprec_bigtens
 .rodata.__mprec_tens
                0x0000000008005658       0xc8 /home/hao/Documents/gcc-arm-none-eabi/bin/../lib/gcc/arm-none-eabi/10.2.1/../../../../arm-none-eabi/lib/thumb/v7e-m+fp/hard/libc_nano.a(lib_a-mprec.o)
                0x0000000008005658                __mprec_tens
 .rodata.p05.0  0x0000000008005720        0xc /home/hao/Documents/gcc-arm-none-eabi/bin/../lib/gcc/arm-none-eabi/10.2.1/../../../../arm-none-eabi/lib/thumb/v7e-m+fp/hard/libc_nano.a(lib_a-mprec.o)
 .rodata._vfprintf_r.str1.1
                0x000000000800572c       0x11 /home/hao/Documents/gcc-arm-none-eabi/bin/../lib/gcc/arm-none-eabi/10.2.1/../../../../arm-none-eabi/lib/thumb/v7e-m+fp/hard/libc_nano.a(lib_a-nano-vfprintf.o)
 .rodata.__assert_func.str1.1
                0x000000000800573d       0x3c /home/hao/Documents/gcc-arm-none-eabi/bin/../lib/gcc/arm-none-eabi/10.2.1/../../../../arm-none-eabi/lib/thumb/v7e-m+fp/hard/libc_nano.a(lib_a-assert.o)
                                         0x3d (size before relaxing)
 .rodata._setlocale_r.str1.1
                0x0000000008005779        0x8 /home/hao/Documents/gcc-arm-none-eabi/bin/../lib/gcc/arm-none-eabi/10.2.1/../../../../arm-none-eabi/lib/thumb/v7e-m+fp/hard/libc_nano.a(lib_a-locale.o)
                                          0x9 (size before relaxing)
 .rodata.str1.1
                0x0000000008005781        0x2 /home/hao/Documents/gcc-arm-none-eabi/bin/../lib/gcc/arm-none-eabi/10.2.1/../../../../arm-none-eabi/lib/thumb/v7e-m+fp/hard/libc_nano.a(lib_a-locale.o)
 .rodata._ctype_
                0x0000000008005783      0x101 /home/hao/Documents/gcc-arm-none-eabi/bin/../lib/gcc/arm-none-eabi/10.2.1/../../../../arm-none-eabi/lib/thumb/v7e-m+fp/hard/libc_nano.a(lib_a-ctype_.o)
                0x0000000008005783                _ctype_
                0x0000000008005884                . = ALIGN (0x4)

.ARM.extab
 *(.ARM.extab* .gnu.linkonce.armextab.*)

.ARM            0x0000000008005884        0x8
                0x0000000008005884                __exidx_start = .
 *(.ARM.exidx*)
 .ARM.exidx     0x0000000008005884        0x8 /home/hao/Documents/gcc-arm-none-eabi/bin/../lib/gcc/arm-none-eabi/10.2.1/thumb/v7e-m+fp/hard/libgcc.a(_udivmoddi4.o)
                0x000000000800588c                __exidx_end = .

.rel.dyn        0x000000000800588c        0x0
 .rel.iplt      0x000000000800588c        0x0 /home/hao/Documents/gcc-arm-none-eabi/bin/../lib/gcc/arm-none-eabi/10.2.1/thumb/v7e-m+fp/hard/crtbegin.o

.preinit_array  0x000000000800588c        0x0
                0x000000000800588c                PROVIDE (__preinit_array_start = .)
 *(.preinit_array*)
                0x000000000800588c                PROVIDE (__preinit_array_end = .)

.init_array     0x000000000800588c        0x4
                0x000000000800588c                PROVIDE (__init_array_start = .)
 *(SORT_BY_NAME(.init_array.*))
 *(.init_array*)
 .init_array    0x000000000800588c        0x4 /home/hao/Documents/gcc-arm-none-eabi/bin/../lib/gcc/arm-none-eabi/10.2.1/thumb/v7e-m+fp/hard/crtbegin.o
                0x0000000008005890                PROVIDE (__init_array_end = .)

.fini_array     0x0000000008005890        0x4
                [!provide]                        PROVIDE (__fini_array_start = .)
 *(SORT_BY_NAME(.fini_array.*))
 *(.fini_array*)
 .fini_array    0x0000000008005890        0x4 /home/hao/Documents/gcc-arm-none-eabi/bin/../lib/gcc/arm-none-eabi/10.2.1/thumb/v7e-m+fp/hard/crtbegin.o
                [!provide]                        PROVIDE (__fini_array_end = .)
                0x0000000008005894                _sidata = LOADADDR (.data)

.data           0x0000000020000000      0x1d8 load address 0x0000000008005894
                0x0000000020000000                . = ALIGN (0x4)
                0x0000000020000000                _sdata = .
 *(.data)
 *(.data*)
 .data.SystemCoreClock
                0x0000000020000000        0x4 build/system_stm32f4xx.o
                0x0000000020000000                SystemCoreClock
 .data.uwTickFreq
                0x0000000020000004        0x1 build/stm32f4xx_hal.o
                0x0000000020000004                uwTickFreq
 *fill*         0x0000000020000005        0x3 
 .data._impure_ptr
                0x0000000020000008        0x4 /home/hao/Documents/gcc-arm-none-eabi/bin/../lib/gcc/arm-none-eabi/10.2.1/../../../../arm-none-eabi/lib/thumb/v7e-m+fp/hard/libc_nano.a(lib_a-impure.o)
                0x0000000020000008                _impure_ptr
 .data.impure_data
                0x000000002000000c       0x60 /home/hao/Documents/gcc-arm-none-eabi/bin/../lib/gcc/arm-none-eabi/10.2.1/../../../../arm-none-eabi/lib/thumb/v7e-m+fp/hard/libc_nano.a(lib_a-impure.o)
 .data.__global_locale
                0x000000002000006c      0x16c /home/hao/Documents/gcc-arm-none-eabi/bin/../lib/gcc/arm-none-eabi/10.2.1/../../../../arm-none-eabi/lib/thumb/v7e-m+fp/hard/libc_nano.a(lib_a-locale.o)
                0x000000002000006c                __global_locale
                0x00000000200001d8                . = ALIGN (0x4)
                0x00000000200001d8                _edata = .
                0x0000000008005a6c                _siccmram = LOADADDR (.ccmram)

.igot.plt       0x00000000200001d8        0x0 load address 0x0000000008005a6c
 .igot.plt      0x00000000200001d8        0x0 /home/hao/Documents/gcc-arm-none-eabi/bin/../lib/gcc/arm-none-eabi/10.2.1/thumb/v7e-m+fp/hard/crtbegin.o

.ccmram         0x0000000010000000        0x0 load address 0x0000000008005a6c
                0x0000000010000000                . = ALIGN (0x4)
                0x0000000010000000                _sccmram = .
 *(.ccmram)
 *(.ccmram*)
                0x0000000010000000                . = ALIGN (0x4)
                0x0000000010000000                _eccmram = .
                0x0000000010000000                . = ALIGN (0x4)

.bss            0x00000000200001d8      0x340
                0x00000000200001d8                _sbss = .
                0x00000000200001d8                __bss_start__ = _sbss
 *(.bss)
 .bss           0x00000000200001d8       0x1c /home/hao/Documents/gcc-arm-none-eabi/bin/../lib/gcc/arm-none-eabi/10.2.1/thumb/v7e-m+fp/hard/crtbegin.o
 *(.bss*)
 .bss.UartHandle
                0x00000000200001f4       0x40 build/bsp_debug_usart.o
                0x00000000200001f4                UartHandle
 .bss.pxCurrentTCB
                0x0000000020000234        0x4 build/tasks.o
                0x0000000020000234                pxCurrentTCB
 .bss.pxDelayedTaskList
                0x0000000020000238        0x4 build/tasks.o
 .bss.pxOverflowDelayedTaskList
                0x000000002000023c        0x4 build/tasks.o
 .bss.pxReadyTasksLists
                0x0000000020000240      0x280 build/tasks.o
 .bss.uxPendedTicks
                0x00000000200004c0        0x4 build/tasks.o
 .bss.uxSchedulerSuspended
                0x00000000200004c4        0x4 build/tasks.o
 .bss.uxTopReadyPriority
                0x00000000200004c8        0x4 build/tasks.o
 .bss.xNextTaskUnblockTime
                0x00000000200004cc        0x4 build/tasks.o
 .bss.xNumOfOverflows
                0x00000000200004d0        0x4 build/tasks.o
 .bss.xSchedulerRunning
                0x00000000200004d4        0x4 build/tasks.o
 .bss.xTickCount
                0x00000000200004d8        0x4 build/tasks.o
 .bss.xYieldPending
                0x00000000200004dc        0x4 build/tasks.o
 .bss.uwTick    0x00000000200004e0        0x4 build/stm32f4xx_hal.o
                0x00000000200004e0                uwTick
 .bss.hRTC_Handle
                0x00000000200004e4       0x20 build/stm32f4xx_hal_timebase_rtc_alarm_template.o
                0x00000000200004e4                hRTC_Handle
 .bss.__lock___malloc_recursive_mutex
                0x0000000020000504        0x1 /home/hao/Documents/gcc-arm-none-eabi/bin/../lib/gcc/arm-none-eabi/10.2.1/../../../../arm-none-eabi/lib/thumb/v7e-m+fp/hard/libc_nano.a(lib_a-lock.o)
                0x0000000020000504                __lock___malloc_recursive_mutex
 .bss.__lock___sfp_recursive_mutex
                0x0000000020000505        0x1 /home/hao/Documents/gcc-arm-none-eabi/bin/../lib/gcc/arm-none-eabi/10.2.1/../../../../arm-none-eabi/lib/thumb/v7e-m+fp/hard/libc_nano.a(lib_a-lock.o)
                0x0000000020000505                __lock___sfp_recursive_mutex
 .bss.__lock___sinit_recursive_mutex
                0x0000000020000506        0x1 /home/hao/Documents/gcc-arm-none-eabi/bin/../lib/gcc/arm-none-eabi/10.2.1/../../../../arm-none-eabi/lib/thumb/v7e-m+fp/hard/libc_nano.a(lib_a-lock.o)
                0x0000000020000506                __lock___sinit_recursive_mutex
 *fill*         0x0000000020000507        0x1 
 .bss.__malloc_free_list
                0x0000000020000508        0x4 /home/hao/Documents/gcc-arm-none-eabi/bin/../lib/gcc/arm-none-eabi/10.2.1/../../../../arm-none-eabi/lib/thumb/v7e-m+fp/hard/libc_nano.a(lib_a-nano-mallocr.o)
                0x0000000020000508                __malloc_free_list
 .bss.__malloc_sbrk_start
                0x000000002000050c        0x4 /home/hao/Documents/gcc-arm-none-eabi/bin/../lib/gcc/arm-none-eabi/10.2.1/../../../../arm-none-eabi/lib/thumb/v7e-m+fp/hard/libc_nano.a(lib_a-nano-mallocr.o)
                0x000000002000050c                __malloc_sbrk_start
 .bss.errno     0x0000000020000510        0x4 /home/hao/Documents/gcc-arm-none-eabi/bin/../lib/gcc/arm-none-eabi/10.2.1/../../../../arm-none-eabi/lib/thumb/v7e-m+fp/hard/libc_nano.a(lib_a-reent.o)
                0x0000000020000510                errno
 .bss.heap_end.0
                0x0000000020000514        0x4 /home/hao/Documents/gcc-arm-none-eabi/bin/../lib/gcc/arm-none-eabi/10.2.1/../../../../arm-none-eabi/lib/thumb/v7e-m+fp/hard/libnosys.a(sbrk.o)
 *(COMMON)
                0x0000000020000518                . = ALIGN (0x4)
                0x0000000020000518                _ebss = .
                0x0000000020000518                __bss_end__ = _ebss

._user_heap_stack
                0x0000000020000518      0x600
                0x0000000020000518                . = ALIGN (0x8)
                0x0000000020000518                PROVIDE (end = .)
                [!provide]                        PROVIDE (_end = .)
                0x0000000020000718                . = (. + _Min_Heap_Size)
 *fill*         0x0000000020000518      0x200 
                0x0000000020000b18                . = (. + _Min_Stack_Size)
 *fill*         0x0000000020000718      0x400 
                0x0000000020000b18                . = ALIGN (0x8)

/DISCARD/
 libc.a(*)
 libm.a(*)
 libgcc.a(*)

.ARM.attributes
                0x0000000000000000       0x30
 *(.ARM.attributes)
 .ARM.attributes
                0x0000000000000000       0x1e /home/hao/Documents/gcc-arm-none-eabi/bin/../lib/gcc/arm-none-eabi/10.2.1/thumb/v7e-m+fp/hard/crti.o
 .ARM.attributes
                0x000000000000001e       0x34 /home/hao/Documents/gcc-arm-none-eabi/bin/../lib/gcc/arm-none-eabi/10.2.1/thumb/v7e-m+fp/hard/crtbegin.o
 .ARM.attributes
                0x0000000000000052       0x34 build/main.o
 .ARM.attributes
                0x0000000000000086       0x34 build/stm32f4xx_it.o
 .ARM.attributes
                0x00000000000000ba       0x34 build/bsp_debug_usart.o
 .ARM.attributes
                0x00000000000000ee       0x34 build/list.o
 .ARM.attributes
                0x0000000000000122       0x34 build/tasks.o
 .ARM.attributes
                0x0000000000000156       0x34 build/port.o
 .ARM.attributes
                0x000000000000018a       0x34 build/system_stm32f4xx.o
 .ARM.attributes
                0x00000000000001be       0x34 build/stm32f4xx_hal_rtc_ex.o
 .ARM.attributes
                0x00000000000001f2       0x34 build/stm32f4xx_hal_rcc_ex.o
 .ARM.attributes
                0x0000000000000226       0x34 build/stm32f4xx_hal_rtc.o
 .ARM.attributes
                0x000000000000025a       0x34 build/stm32f4xx_hal_pwr_ex.o
 .ARM.attributes
                0x000000000000028e       0x34 build/stm32f4xx_hal_rcc.o
 .ARM.attributes
                0x00000000000002c2       0x34 build/stm32f4xx_hal_cortex.o
 .ARM.attributes
                0x00000000000002f6       0x34 build/stm32f4xx_hal_gpio.o
 .ARM.attributes
                0x000000000000032a       0x34 build/stm32f4xx_hal.o
 .ARM.attributes
                0x000000000000035e       0x34 build/stm32f4xx_hal_uart.o
 .ARM.attributes
                0x0000000000000392       0x34 build/stm32f4xx_hal_timebase_rtc_alarm_template.o
 .ARM.attributes
                0x00000000000003c6       0x34 build/stm32f4xx_hal_msp_template.o
 .ARM.attributes
                0x00000000000003fa       0x21 build/startup_stm32f429xx.o
 .ARM.attributes
                0x000000000000041b       0x34 /home/hao/Documents/gcc-arm-none-eabi/bin/../lib/gcc/arm-none-eabi/10.2.1/../../../../arm-none-eabi/lib/thumb/v7e-m+fp/hard/libc_nano.a(lib_a-errno.o)
 .ARM.attributes
                0x000000000000044f       0x32 /home/hao/Documents/gcc-arm-none-eabi/bin/../lib/gcc/arm-none-eabi/10.2.1/../../../../arm-none-eabi/lib/thumb/v7e-m+fp/hard/libc_nano.a(lib_a-impure.o)
 .ARM.attributes
                0x0000000000000481       0x34 /home/hao/Documents/gcc-arm-none-eabi/bin/../lib/gcc/arm-none-eabi/10.2.1/../../../../arm-none-eabi/lib/thumb/v7e-m+fp/hard/libc_nano.a(lib_a-init.o)
 .ARM.attributes
                0x00000000000004b5       0x34 /home/hao/Documents/gcc-arm-none-eabi/bin/../lib/gcc/arm-none-eabi/10.2.1/../../../../arm-none-eabi/lib/thumb/v7e-m+fp/hard/libc_nano.a(lib_a-memcpy-stub.o)
 .ARM.attributes
                0x00000000000004e9       0x34 /home/hao/Documents/gcc-arm-none-eabi/bin/../lib/gcc/arm-none-eabi/10.2.1/../../../../arm-none-eabi/lib/thumb/v7e-m+fp/hard/libc_nano.a(lib_a-memset.o)
 .ARM.attributes
                0x000000000000051d       0x34 /home/hao/Documents/gcc-arm-none-eabi/bin/../lib/gcc/arm-none-eabi/10.2.1/../../../../arm-none-eabi/lib/thumb/v7e-m+fp/hard/libc_nano.a(lib_a-nano-vfprintf_float.o)
 .ARM.attributes
                0x0000000000000551       0x34 /home/hao/Documents/gcc-arm-none-eabi/bin/../lib/gcc/arm-none-eabi/10.2.1/../../../../arm-none-eabi/lib/thumb/v7e-m+fp/hard/libc_nano.a(lib_a-nano-vfprintf_i.o)
 .ARM.attributes
                0x0000000000000585       0x34 /home/hao/Documents/gcc-arm-none-eabi/bin/../lib/gcc/arm-none-eabi/10.2.1/../../../../arm-none-eabi/lib/thumb/v7e-m+fp/hard/libc_nano.a(lib_a-printf.o)
 .ARM.attributes
                0x00000000000005b9       0x34 /home/hao/Documents/gcc-arm-none-eabi/bin/../lib/gcc/arm-none-eabi/10.2.1/../../../../arm-none-eabi/lib/thumb/v7e-m+fp/hard/libc_nano.a(lib_a-puts.o)
 .ARM.attributes
                0x00000000000005ed       0x17 /home/hao/Documents/gcc-arm-none-eabi/bin/../lib/gcc/arm-none-eabi/10.2.1/../../../../arm-none-eabi/lib/thumb/v7e-m+fp/hard/libc_nano.a(lib_a-strlen.o)
 .ARM.attributes
                0x0000000000000604       0x34 /home/hao/Documents/gcc-arm-none-eabi/bin/../lib/gcc/arm-none-eabi/10.2.1/../../../../arm-none-eabi/lib/thumb/v7e-m+fp/hard/libc_nano.a(lib_a-wbuf.o)
 .ARM.attributes
                0x0000000000000638       0x34 /home/hao/Documents/gcc-arm-none-eabi/bin/../lib/gcc/arm-none-eabi/10.2.1/../../../../arm-none-eabi/lib/thumb/v7e-m+fp/hard/libc_nano.a(lib_a-wsetup.o)
 .ARM.attributes
                0x000000000000066c       0x34 /home/hao/Documents/gcc-arm-none-eabi/bin/../lib/gcc/arm-none-eabi/10.2.1/../../../../arm-none-eabi/lib/thumb/v7e-m+fp/hard/libc_nano.a(lib_a-dtoa.o)
 .ARM.attributes
                0x00000000000006a0       0x34 /home/hao/Documents/gcc-arm-none-eabi/bin/../lib/gcc/arm-none-eabi/10.2.1/../../../../arm-none-eabi/lib/thumb/v7e-m+fp/hard/libc_nano.a(lib_a-fflush.o)
 .ARM.attributes
                0x00000000000006d4       0x34 /home/hao/Documents/gcc-arm-none-eabi/bin/../lib/gcc/arm-none-eabi/10.2.1/../../../../arm-none-eabi/lib/thumb/v7e-m+fp/hard/libc_nano.a(lib_a-findfp.o)
 .ARM.attributes
                0x0000000000000708       0x34 /home/hao/Documents/gcc-arm-none-eabi/bin/../lib/gcc/arm-none-eabi/10.2.1/../../../../arm-none-eabi/lib/thumb/v7e-m+fp/hard/libc_nano.a(lib_a-fwalk.o)
 .ARM.attributes
                0x000000000000073c       0x34 /home/hao/Documents/gcc-arm-none-eabi/bin/../lib/gcc/arm-none-eabi/10.2.1/../../../../arm-none-eabi/lib/thumb/v7e-m+fp/hard/libc_nano.a(lib_a-localeconv.o)
 .ARM.attributes
                0x0000000000000770       0x34 /home/hao/Documents/gcc-arm-none-eabi/bin/../lib/gcc/arm-none-eabi/10.2.1/../../../../arm-none-eabi/lib/thumb/v7e-m+fp/hard/libc_nano.a(lib_a-lock.o)
 .ARM.attributes
                0x00000000000007a4       0x34 /home/hao/Documents/gcc-arm-none-eabi/bin/../lib/gcc/arm-none-eabi/10.2.1/../../../../arm-none-eabi/lib/thumb/v7e-m+fp/hard/libc_nano.a(lib_a-makebuf.o)
 .ARM.attributes
                0x00000000000007d8       0x34 /home/hao/Documents/gcc-arm-none-eabi/bin/../lib/gcc/arm-none-eabi/10.2.1/../../../../arm-none-eabi/lib/thumb/v7e-m+fp/hard/libc_nano.a(lib_a-malloc.o)
 .ARM.attributes
                0x000000000000080c       0x1c /home/hao/Documents/gcc-arm-none-eabi/bin/../lib/gcc/arm-none-eabi/10.2.1/../../../../arm-none-eabi/lib/thumb/v7e-m+fp/hard/libc_nano.a(lib_a-memchr.o)
 .ARM.attributes
                0x0000000000000828       0x34 /home/hao/Documents/gcc-arm-none-eabi/bin/../lib/gcc/arm-none-eabi/10.2.1/../../../../arm-none-eabi/lib/thumb/v7e-m+fp/hard/libc_nano.a(lib_a-mprec.o)
 .ARM.attributes
                0x000000000000085c       0x34 /home/hao/Documents/gcc-arm-none-eabi/bin/../lib/gcc/arm-none-eabi/10.2.1/../../../../arm-none-eabi/lib/thumb/v7e-m+fp/hard/libc_nano.a(lib_a-nano-callocr.o)
 .ARM.attributes
                0x0000000000000890       0x34 /home/hao/Documents/gcc-arm-none-eabi/bin/../lib/gcc/arm-none-eabi/10.2.1/../../../../arm-none-eabi/lib/thumb/v7e-m+fp/hard/libc_nano.a(lib_a-nano-freer.o)
 .ARM.attributes
                0x00000000000008c4       0x34 /home/hao/Documents/gcc-arm-none-eabi/bin/../lib/gcc/arm-none-eabi/10.2.1/../../../../arm-none-eabi/lib/thumb/v7e-m+fp/hard/libc_nano.a(lib_a-nano-mallocr.o)
 .ARM.attributes
                0x00000000000008f8       0x34 /home/hao/Documents/gcc-arm-none-eabi/bin/../lib/gcc/arm-none-eabi/10.2.1/../../../../arm-none-eabi/lib/thumb/v7e-m+fp/hard/libc_nano.a(lib_a-nano-vfprintf.o)
 .ARM.attributes
                0x000000000000092c       0x34 /home/hao/Documents/gcc-arm-none-eabi/bin/../lib/gcc/arm-none-eabi/10.2.1/../../../../arm-none-eabi/lib/thumb/v7e-m+fp/hard/libc_nano.a(lib_a-sbrkr.o)
 .ARM.attributes
                0x0000000000000960       0x34 /home/hao/Documents/gcc-arm-none-eabi/bin/../lib/gcc/arm-none-eabi/10.2.1/../../../../arm-none-eabi/lib/thumb/v7e-m+fp/hard/libc_nano.a(lib_a-stdio.o)
 .ARM.attributes
                0x0000000000000994       0x34 /home/hao/Documents/gcc-arm-none-eabi/bin/../lib/gcc/arm-none-eabi/10.2.1/../../../../arm-none-eabi/lib/thumb/v7e-m+fp/hard/libc_nano.a(lib_a-writer.o)
 .ARM.attributes
                0x00000000000009c8       0x34 /home/hao/Documents/gcc-arm-none-eabi/bin/../lib/gcc/arm-none-eabi/10.2.1/../../../../arm-none-eabi/lib/thumb/v7e-m+fp/hard/libc_nano.a(lib_a-assert.o)
 .ARM.attributes
                0x00000000000009fc       0x34 /home/hao/Documents/gcc-arm-none-eabi/bin/../lib/gcc/arm-none-eabi/10.2.1/../../../../arm-none-eabi/lib/thumb/v7e-m+fp/hard/libc_nano.a(lib_a-closer.o)
 .ARM.attributes
                0x0000000000000a30       0x34 /home/hao/Documents/gcc-arm-none-eabi/bin/../lib/gcc/arm-none-eabi/10.2.1/../../../../arm-none-eabi/lib/thumb/v7e-m+fp/hard/libc_nano.a(lib_a-fprintf.o)
 .ARM.attributes
                0x0000000000000a64       0x34 /home/hao/Documents/gcc-arm-none-eabi/bin/../lib/gcc/arm-none-eabi/10.2.1/../../../../arm-none-eabi/lib/thumb/v7e-m+fp/hard/libc_nano.a(lib_a-fstatr.o)
 .ARM.attributes
                0x0000000000000a98       0x34 /home/hao/Documents/gcc-arm-none-eabi/bin/../lib/gcc/arm-none-eabi/10.2.1/../../../../arm-none-eabi/lib/thumb/v7e-m+fp/hard/libc_nano.a(lib_a-isattyr.o)
 .ARM.attributes
                0x0000000000000acc       0x34 /home/hao/Documents/gcc-arm-none-eabi/bin/../lib/gcc/arm-none-eabi/10.2.1/../../../../arm-none-eabi/lib/thumb/v7e-m+fp/hard/libc_nano.a(lib_a-locale.o)
 .ARM.attributes
                0x0000000000000b00       0x34 /home/hao/Documents/gcc-arm-none-eabi/bin/../lib/gcc/arm-none-eabi/10.2.1/../../../../arm-none-eabi/lib/thumb/v7e-m+fp/hard/libc_nano.a(lib_a-lseekr.o)
 .ARM.attributes
                0x0000000000000b34       0x34 /home/hao/Documents/gcc-arm-none-eabi/bin/../lib/gcc/arm-none-eabi/10.2.1/../../../../arm-none-eabi/lib/thumb/v7e-m+fp/hard/libc_nano.a(lib_a-mbtowc_r.o)
 .ARM.attributes
                0x0000000000000b68       0x34 /home/hao/Documents/gcc-arm-none-eabi/bin/../lib/gcc/arm-none-eabi/10.2.1/../../../../arm-none-eabi/lib/thumb/v7e-m+fp/hard/libc_nano.a(lib_a-mlock.o)
 .ARM.attributes
                0x0000000000000b9c       0x34 /home/hao/Documents/gcc-arm-none-eabi/bin/../lib/gcc/arm-none-eabi/10.2.1/../../../../arm-none-eabi/lib/thumb/v7e-m+fp/hard/libc_nano.a(lib_a-readr.o)
 .ARM.attributes
                0x0000000000000bd0       0x34 /home/hao/Documents/gcc-arm-none-eabi/bin/../lib/gcc/arm-none-eabi/10.2.1/../../../../arm-none-eabi/lib/thumb/v7e-m+fp/hard/libc_nano.a(lib_a-reent.o)
 .ARM.attributes
                0x0000000000000c04       0x34 /home/hao/Documents/gcc-arm-none-eabi/bin/../lib/gcc/arm-none-eabi/10.2.1/../../../../arm-none-eabi/lib/thumb/v7e-m+fp/hard/libc_nano.a(lib_a-wctomb_r.o)
 .ARM.attributes
                0x0000000000000c38       0x34 /home/hao/Documents/gcc-arm-none-eabi/bin/../lib/gcc/arm-none-eabi/10.2.1/../../../../arm-none-eabi/lib/thumb/v7e-m+fp/hard/libc_nano.a(lib_a-abort.o)
 .ARM.attributes
                0x0000000000000c6c       0x32 /home/hao/Documents/gcc-arm-none-eabi/bin/../lib/gcc/arm-none-eabi/10.2.1/../../../../arm-none-eabi/lib/thumb/v7e-m+fp/hard/libc_nano.a(lib_a-ctype_.o)
 .ARM.attributes
                0x0000000000000c9e       0x34 /home/hao/Documents/gcc-arm-none-eabi/bin/../lib/gcc/arm-none-eabi/10.2.1/../../../../arm-none-eabi/lib/thumb/v7e-m+fp/hard/libc_nano.a(lib_a-signal.o)
 .ARM.attributes
                0x0000000000000cd2       0x34 /home/hao/Documents/gcc-arm-none-eabi/bin/../lib/gcc/arm-none-eabi/10.2.1/../../../../arm-none-eabi/lib/thumb/v7e-m+fp/hard/libc_nano.a(lib_a-signalr.o)
 .ARM.attributes
                0x0000000000000d06       0x34 /home/hao/Documents/gcc-arm-none-eabi/bin/../lib/gcc/arm-none-eabi/10.2.1/../../../../arm-none-eabi/lib/thumb/v7e-m+fp/hard/libnosys.a(close.o)
 .ARM.attributes
                0x0000000000000d3a       0x34 /home/hao/Documents/gcc-arm-none-eabi/bin/../lib/gcc/arm-none-eabi/10.2.1/../../../../arm-none-eabi/lib/thumb/v7e-m+fp/hard/libnosys.a(fstat.o)
 .ARM.attributes
                0x0000000000000d6e       0x34 /home/hao/Documents/gcc-arm-none-eabi/bin/../lib/gcc/arm-none-eabi/10.2.1/../../../../arm-none-eabi/lib/thumb/v7e-m+fp/hard/libnosys.a(getpid.o)
 .ARM.attributes
                0x0000000000000da2       0x34 /home/hao/Documents/gcc-arm-none-eabi/bin/../lib/gcc/arm-none-eabi/10.2.1/../../../../arm-none-eabi/lib/thumb/v7e-m+fp/hard/libnosys.a(isatty.o)
 .ARM.attributes
                0x0000000000000dd6       0x34 /home/hao/Documents/gcc-arm-none-eabi/bin/../lib/gcc/arm-none-eabi/10.2.1/../../../../arm-none-eabi/lib/thumb/v7e-m+fp/hard/libnosys.a(kill.o)
 .ARM.attributes
                0x0000000000000e0a       0x34 /home/hao/Documents/gcc-arm-none-eabi/bin/../lib/gcc/arm-none-eabi/10.2.1/../../../../arm-none-eabi/lib/thumb/v7e-m+fp/hard/libnosys.a(lseek.o)
 .ARM.attributes
                0x0000000000000e3e       0x34 /home/hao/Documents/gcc-arm-none-eabi/bin/../lib/gcc/arm-none-eabi/10.2.1/../../../../arm-none-eabi/lib/thumb/v7e-m+fp/hard/libnosys.a(read.o)
 .ARM.attributes
                0x0000000000000e72       0x34 /home/hao/Documents/gcc-arm-none-eabi/bin/../lib/gcc/arm-none-eabi/10.2.1/../../../../arm-none-eabi/lib/thumb/v7e-m+fp/hard/libnosys.a(sbrk.o)
 .ARM.attributes
                0x0000000000000ea6       0x34 /home/hao/Documents/gcc-arm-none-eabi/bin/../lib/gcc/arm-none-eabi/10.2.1/../../../../arm-none-eabi/lib/thumb/v7e-m+fp/hard/libnosys.a(_exit.o)
 .ARM.attributes
                0x0000000000000eda       0x1e /home/hao/Documents/gcc-arm-none-eabi/bin/../lib/gcc/arm-none-eabi/10.2.1/thumb/v7e-m+fp/hard/libgcc.a(_arm_addsubdf3.o)
 .ARM.attributes
                0x0000000000000ef8       0x1e /home/hao/Documents/gcc-arm-none-eabi/bin/../lib/gcc/arm-none-eabi/10.2.1/thumb/v7e-m+fp/hard/libgcc.a(_arm_muldivdf3.o)
 .ARM.attributes
                0x0000000000000f16       0x1e /home/hao/Documents/gcc-arm-none-eabi/bin/../lib/gcc/arm-none-eabi/10.2.1/thumb/v7e-m+fp/hard/libgcc.a(_arm_cmpdf2.o)
 .ARM.attributes
                0x0000000000000f34       0x1e /home/hao/Documents/gcc-arm-none-eabi/bin/../lib/gcc/arm-none-eabi/10.2.1/thumb/v7e-m+fp/hard/libgcc.a(_arm_unorddf2.o)
 .ARM.attributes
                0x0000000000000f52       0x1e /home/hao/Documents/gcc-arm-none-eabi/bin/../lib/gcc/arm-none-eabi/10.2.1/thumb/v7e-m+fp/hard/libgcc.a(_arm_fixdfsi.o)
 .ARM.attributes
                0x0000000000000f70       0x1e /home/hao/Documents/gcc-arm-none-eabi/bin/../lib/gcc/arm-none-eabi/10.2.1/thumb/v7e-m+fp/hard/libgcc.a(_aeabi_uldivmod.o)
 .ARM.attributes
                0x0000000000000f8e       0x34 /home/hao/Documents/gcc-arm-none-eabi/bin/../lib/gcc/arm-none-eabi/10.2.1/thumb/v7e-m+fp/hard/libgcc.a(_udivmoddi4.o)
 .ARM.attributes
                0x0000000000000fc2       0x1e /home/hao/Documents/gcc-arm-none-eabi/bin/../lib/gcc/arm-none-eabi/10.2.1/thumb/v7e-m+fp/hard/libgcc.a(_dvmd_tls.o)
 .ARM.attributes
                0x0000000000000fe0       0x1e /home/hao/Documents/gcc-arm-none-eabi/bin/../lib/gcc/arm-none-eabi/10.2.1/thumb/v7e-m+fp/hard/crtn.o
OUTPUT(build/FreeRtos_Hao.elf elf32-littlearm)
LOAD linker stubs
LOAD /home/hao/Documents/gcc-arm-none-eabi/bin/../lib/gcc/arm-none-eabi/10.2.1/../../../../arm-none-eabi/lib/thumb/v7e-m+fp/hard/libc.a
LOAD /home/hao/Documents/gcc-arm-none-eabi/bin/../lib/gcc/arm-none-eabi/10.2.1/../../../../arm-none-eabi/lib/thumb/v7e-m+fp/hard/libm.a
LOAD /home/hao/Documents/gcc-arm-none-eabi/bin/../lib/gcc/arm-none-eabi/10.2.1/thumb/v7e-m+fp/hard/libgcc.a

.debug_info     0x0000000000000000     0xd860
 .debug_info    0x0000000000000000      0x8d9 build/main.o
 .debug_info    0x00000000000008d9      0x159 build/stm32f4xx_it.o
 .debug_info    0x0000000000000a32      0xb45 build/bsp_debug_usart.o
 .debug_info    0x0000000000001577      0x304 build/list.o
 .debug_info    0x000000000000187b     0x2666 build/tasks.o
 .debug_info    0x0000000000003ee1      0x63b build/port.o
 .debug_info    0x000000000000451c      0x5dc build/system_stm32f4xx.o
 .debug_info    0x0000000000004af8     0x1371 build/stm32f4xx_hal_rtc_ex.o
 .debug_info    0x0000000000005e69      0x8b4 build/stm32f4xx_hal_rcc_ex.o
 .debug_info    0x000000000000671d     0x104c build/stm32f4xx_hal_rtc.o
 .debug_info    0x0000000000007769      0x8ab build/stm32f4xx_hal_pwr_ex.o
 .debug_info    0x0000000000008014      0xbf3 build/stm32f4xx_hal_rcc.o
 .debug_info    0x0000000000008c07     0x11a5 build/stm32f4xx_hal_cortex.o
 .debug_info    0x0000000000009dac      0x85d build/stm32f4xx_hal_gpio.o
 .debug_info    0x000000000000a609      0xb0e build/stm32f4xx_hal.o
 .debug_info    0x000000000000b117     0x1a7b build/stm32f4xx_hal_uart.o
 .debug_info    0x000000000000cb92      0xbd6 build/stm32f4xx_hal_timebase_rtc_alarm_template.o
 .debug_info    0x000000000000d768       0xd6 build/stm32f4xx_hal_msp_template.o
 .debug_info    0x000000000000d83e       0x22 build/startup_stm32f429xx.o

.debug_abbrev   0x0000000000000000     0x24f4
 .debug_abbrev  0x0000000000000000      0x26e build/main.o
 .debug_abbrev  0x000000000000026e       0xa4 build/stm32f4xx_it.o
 .debug_abbrev  0x0000000000000312      0x20e build/bsp_debug_usart.o
 .debug_abbrev  0x0000000000000520      0x11d build/list.o
 .debug_abbrev  0x000000000000063d      0x339 build/tasks.o
 .debug_abbrev  0x0000000000000976      0x27a build/port.o
 .debug_abbrev  0x0000000000000bf0      0x11b build/system_stm32f4xx.o
 .debug_abbrev  0x0000000000000d0b      0x252 build/stm32f4xx_hal_rtc_ex.o
 .debug_abbrev  0x0000000000000f5d      0x1b8 build/stm32f4xx_hal_rcc_ex.o
 .debug_abbrev  0x0000000000001115      0x23e build/stm32f4xx_hal_rtc.o
 .debug_abbrev  0x0000000000001353      0x1e1 build/stm32f4xx_hal_pwr_ex.o
 .debug_abbrev  0x0000000000001534      0x2aa build/stm32f4xx_hal_rcc.o
 .debug_abbrev  0x00000000000017de      0x36e build/stm32f4xx_hal_cortex.o
 .debug_abbrev  0x0000000000001b4c      0x22b build/stm32f4xx_hal_gpio.o
 .debug_abbrev  0x0000000000001d77      0x22f build/stm32f4xx_hal.o
 .debug_abbrev  0x0000000000001fa6      0x2f1 build/stm32f4xx_hal_uart.o
 .debug_abbrev  0x0000000000002297      0x205 build/stm32f4xx_hal_timebase_rtc_alarm_template.o
 .debug_abbrev  0x000000000000249c       0x46 build/stm32f4xx_hal_msp_template.o
 .debug_abbrev  0x00000000000024e2       0x12 build/startup_stm32f429xx.o

.debug_loc      0x0000000000000000     0x86f7
 .debug_loc     0x0000000000000000       0xcb build/main.o
 .debug_loc     0x00000000000000cb       0x20 build/stm32f4xx_it.o
 .debug_loc     0x00000000000000eb      0x191 build/bsp_debug_usart.o
 .debug_loc     0x000000000000027c       0xe5 build/list.o
 .debug_loc     0x0000000000000361     0x1f25 build/tasks.o
 .debug_loc     0x0000000000002286      0x259 build/port.o
 .debug_loc     0x00000000000024df      0x158 build/system_stm32f4xx.o
 .debug_loc     0x0000000000002637     0x1423 build/stm32f4xx_hal_rtc_ex.o
 .debug_loc     0x0000000000003a5a      0x5ba build/stm32f4xx_hal_rcc_ex.o
 .debug_loc     0x0000000000004014      0xed3 build/stm32f4xx_hal_rtc.o
 .debug_loc     0x0000000000004ee7      0x378 build/stm32f4xx_hal_pwr_ex.o
 .debug_loc     0x000000000000525f      0x6b5 build/stm32f4xx_hal_rcc.o
 .debug_loc     0x0000000000005914      0x7a4 build/stm32f4xx_hal_cortex.o
 .debug_loc     0x00000000000060b8      0x60d build/stm32f4xx_hal_gpio.o
 .debug_loc     0x00000000000066c5      0x1cc build/stm32f4xx_hal.o
 .debug_loc     0x0000000000006891     0x1d74 build/stm32f4xx_hal_uart.o
 .debug_loc     0x0000000000008605       0xf2 build/stm32f4xx_hal_timebase_rtc_alarm_template.o

.debug_aranges  0x0000000000000000      0xaa8
 .debug_aranges
                0x0000000000000000       0x38 build/main.o
 .debug_aranges
                0x0000000000000038       0x50 build/stm32f4xx_it.o
 .debug_aranges
                0x0000000000000088       0x30 build/bsp_debug_usart.o
 .debug_aranges
                0x00000000000000b8       0x40 build/list.o
 .debug_aranges
                0x00000000000000f8      0x180 build/tasks.o
 .debug_aranges
                0x0000000000000278       0x80 build/port.o
 .debug_aranges
                0x00000000000002f8       0x28 build/system_stm32f4xx.o
 .debug_aranges
                0x0000000000000320      0x130 build/stm32f4xx_hal_rtc_ex.o
 .debug_aranges
                0x0000000000000450       0x58 build/stm32f4xx_hal_rcc_ex.o
 .debug_aranges
                0x00000000000004a8       0xb8 build/stm32f4xx_hal_rtc.o
 .debug_aranges
                0x0000000000000560       0x60 build/stm32f4xx_hal_pwr_ex.o
 .debug_aranges
                0x00000000000005c0       0x88 build/stm32f4xx_hal_rcc.o
 .debug_aranges
                0x0000000000000648       0xa8 build/stm32f4xx_hal_cortex.o
 .debug_aranges
                0x00000000000006f0       0x58 build/stm32f4xx_hal_gpio.o
 .debug_aranges
                0x0000000000000748       0xf0 build/stm32f4xx_hal.o
 .debug_aranges
                0x0000000000000838      0x1d0 build/stm32f4xx_hal_uart.o
 .debug_aranges
                0x0000000000000a08       0x40 build/stm32f4xx_hal_timebase_rtc_alarm_template.o
 .debug_aranges
                0x0000000000000a48       0x38 build/stm32f4xx_hal_msp_template.o
 .debug_aranges
                0x0000000000000a80       0x28 build/startup_stm32f429xx.o

.debug_ranges   0x0000000000000000      0xb10
 .debug_ranges  0x0000000000000000       0x28 build/main.o
 .debug_ranges  0x0000000000000028       0x40 build/stm32f4xx_it.o
 .debug_ranges  0x0000000000000068       0x20 build/bsp_debug_usart.o
 .debug_ranges  0x0000000000000088       0x30 build/list.o
 .debug_ranges  0x00000000000000b8      0x268 build/tasks.o
 .debug_ranges  0x0000000000000320       0x90 build/port.o
 .debug_ranges  0x00000000000003b0       0x18 build/system_stm32f4xx.o
 .debug_ranges  0x00000000000003c8      0x120 build/stm32f4xx_hal_rtc_ex.o
 .debug_ranges  0x00000000000004e8       0x48 build/stm32f4xx_hal_rcc_ex.o
 .debug_ranges  0x0000000000000530       0xa8 build/stm32f4xx_hal_rtc.o
 .debug_ranges  0x00000000000005d8       0x50 build/stm32f4xx_hal_pwr_ex.o
 .debug_ranges  0x0000000000000628       0x90 build/stm32f4xx_hal_rcc.o
 .debug_ranges  0x00000000000006b8       0xf8 build/stm32f4xx_hal_cortex.o
 .debug_ranges  0x00000000000007b0       0x48 build/stm32f4xx_hal_gpio.o
 .debug_ranges  0x00000000000007f8       0xe0 build/stm32f4xx_hal.o
 .debug_ranges  0x00000000000008d8      0x1c0 build/stm32f4xx_hal_uart.o
 .debug_ranges  0x0000000000000a98       0x30 build/stm32f4xx_hal_timebase_rtc_alarm_template.o
 .debug_ranges  0x0000000000000ac8       0x28 build/stm32f4xx_hal_msp_template.o
 .debug_ranges  0x0000000000000af0       0x20 build/startup_stm32f429xx.o

.debug_line     0x0000000000000000     0x9e73
 .debug_line    0x0000000000000000      0x38e build/main.o
 .debug_line    0x000000000000038e      0x177 build/stm32f4xx_it.o
 .debug_line    0x0000000000000505      0x2c0 build/bsp_debug_usart.o
 .debug_line    0x00000000000007c5      0x2e8 build/list.o
 .debug_line    0x0000000000000aad     0x19e4 build/tasks.o
 .debug_line    0x0000000000002491      0x540 build/port.o
 .debug_line    0x00000000000029d1      0x278 build/system_stm32f4xx.o
 .debug_line    0x0000000000002c49     0x16f1 build/stm32f4xx_hal_rtc_ex.o
 .debug_line    0x000000000000433a      0x80d build/stm32f4xx_hal_rcc_ex.o
 .debug_line    0x0000000000004b47      0xfef build/stm32f4xx_hal_rtc.o
 .debug_line    0x0000000000005b36      0x4d4 build/stm32f4xx_hal_pwr_ex.o
 .debug_line    0x000000000000600a      0xaad build/stm32f4xx_hal_rcc.o
 .debug_line    0x0000000000006ab7      0x708 build/stm32f4xx_hal_cortex.o
 .debug_line    0x00000000000071bf      0x6c3 build/stm32f4xx_hal_gpio.o
 .debug_line    0x0000000000007882      0x56c build/stm32f4xx_hal.o
 .debug_line    0x0000000000007dee     0x1b07 build/stm32f4xx_hal_uart.o
 .debug_line    0x00000000000098f5      0x444 build/stm32f4xx_hal_timebase_rtc_alarm_template.o
 .debug_line    0x0000000000009d39       0xae build/stm32f4xx_hal_msp_template.o
 .debug_line    0x0000000000009de7       0x8c build/startup_stm32f429xx.o

.debug_str      0x0000000000000000     0x3b85
 .debug_str     0x0000000000000000      0x4cc build/main.o
                                        0x547 (size before relaxing)
 .debug_str     0x00000000000004cc       0xba build/stm32f4xx_it.o
                                        0x223 (size before relaxing)
 .debug_str     0x0000000000000586      0x4cd build/bsp_debug_usart.o
                                        0x7db (size before relaxing)
 .debug_str     0x0000000000000a53      0x14a build/list.o
                                        0x2c7 (size before relaxing)
 .debug_str     0x0000000000000b9d      0xafb build/tasks.o
                                        0xddb (size before relaxing)
 .debug_str     0x0000000000001698      0x168 build/port.o
                                        0x442 (size before relaxing)
 .debug_str     0x0000000000001800       0x76 build/system_stm32f4xx.o
                                        0x36d (size before relaxing)
 .debug_str     0x0000000000001876      0x835 build/stm32f4xx_hal_rtc_ex.o
                                        0xa8c (size before relaxing)
 .debug_str     0x00000000000020ab      0x247 build/stm32f4xx_hal_rcc_ex.o
                                        0x55f (size before relaxing)
 .debug_str     0x00000000000022f2      0x207 build/stm32f4xx_hal_rtc.o
                                        0x72c (size before relaxing)
 .debug_str     0x00000000000024f9      0x143 build/stm32f4xx_hal_pwr_ex.o
                                        0x4d1 (size before relaxing)
 .debug_str     0x000000000000263c      0x1ae build/stm32f4xx_hal_rcc.o
                                        0x6ea (size before relaxing)
 .debug_str     0x00000000000027ea      0x905 build/stm32f4xx_hal_cortex.o
                                        0xc67 (size before relaxing)
 .debug_str     0x00000000000030ef      0x14a build/stm32f4xx_hal_gpio.o
                                        0x4da (size before relaxing)
 .debug_str     0x0000000000003239      0x2d8 build/stm32f4xx_hal.o
                                        0xbca (size before relaxing)
 .debug_str     0x0000000000003511      0x546 build/stm32f4xx_hal_uart.o
                                        0xbc9 (size before relaxing)
 .debug_str     0x0000000000003a57       0x8e build/stm32f4xx_hal_timebase_rtc_alarm_template.o
                                        0xc4b (size before relaxing)
 .debug_str     0x0000000000003ae5       0x64 build/stm32f4xx_hal_msp_template.o
                                        0x1dc (size before relaxing)
 .debug_str     0x0000000000003b49       0x3c build/startup_stm32f429xx.o
                                         0x60 (size before relaxing)

.comment        0x0000000000000000       0x4d
 .comment       0x0000000000000000       0x4d build/main.o
                                         0x4e (size before relaxing)
 .comment       0x000000000000004d       0x4e build/stm32f4xx_it.o
 .comment       0x000000000000004d       0x4e build/bsp_debug_usart.o
 .comment       0x000000000000004d       0x4e build/list.o
 .comment       0x000000000000004d       0x4e build/tasks.o
 .comment       0x000000000000004d       0x4e build/port.o
 .comment       0x000000000000004d       0x4e build/system_stm32f4xx.o
 .comment       0x000000000000004d       0x4e build/stm32f4xx_hal_rtc_ex.o
 .comment       0x000000000000004d       0x4e build/stm32f4xx_hal_rcc_ex.o
 .comment       0x000000000000004d       0x4e build/stm32f4xx_hal_rtc.o
 .comment       0x000000000000004d       0x4e build/stm32f4xx_hal_pwr_ex.o
 .comment       0x000000000000004d       0x4e build/stm32f4xx_hal_rcc.o
 .comment       0x000000000000004d       0x4e build/stm32f4xx_hal_cortex.o
 .comment       0x000000000000004d       0x4e build/stm32f4xx_hal_gpio.o
 .comment       0x000000000000004d       0x4e build/stm32f4xx_hal.o
 .comment       0x000000000000004d       0x4e build/stm32f4xx_hal_uart.o
 .comment       0x000000000000004d       0x4e build/stm32f4xx_hal_timebase_rtc_alarm_template.o
 .comment       0x000000000000004d       0x4e build/stm32f4xx_hal_msp_template.o

.debug_frame    0x0000000000000000     0x2d28
 .debug_frame   0x0000000000000000       0x70 build/main.o
 .debug_frame   0x0000000000000070       0x88 build/stm32f4xx_it.o
 .debug_frame   0x00000000000000f8       0x60 build/bsp_debug_usart.o
 .debug_frame   0x0000000000000158       0x70 build/list.o
 .debug_frame   0x00000000000001c8      0x4ac build/tasks.o
 .debug_frame   0x0000000000000674      0x12c build/port.o
 .debug_frame   0x00000000000007a0       0x30 build/system_stm32f4xx.o
 .debug_frame   0x00000000000007d0      0x380 build/stm32f4xx_hal_rtc_ex.o
 .debug_frame   0x0000000000000b50       0xd8 build/stm32f4xx_hal_rcc_ex.o
 .debug_frame   0x0000000000000c28      0x20c build/stm32f4xx_hal_rtc.o
 .debug_frame   0x0000000000000e34       0xf4 build/stm32f4xx_hal_pwr_ex.o
 .debug_frame   0x0000000000000f28      0x16c build/stm32f4xx_hal_rcc.o
 .debug_frame   0x0000000000001094      0x148 build/stm32f4xx_hal_cortex.o
 .debug_frame   0x00000000000011dc       0xd8 build/stm32f4xx_hal_gpio.o
 .debug_frame   0x00000000000012b4      0x1ec build/stm32f4xx_hal.o
 .debug_frame   0x00000000000014a0      0x4f4 build/stm32f4xx_hal_uart.o
 .debug_frame   0x0000000000001994       0x90 build/stm32f4xx_hal_timebase_rtc_alarm_template.o
 .debug_frame   0x0000000000001a24       0x50 build/stm32f4xx_hal_msp_template.o
 .debug_frame   0x0000000000001a74       0x20 /home/hao/Documents/gcc-arm-none-eabi/bin/../lib/gcc/arm-none-eabi/10.2.1/../../../../arm-none-eabi/lib/thumb/v7e-m+fp/hard/libc_nano.a(lib_a-errno.o)
 .debug_frame   0x0000000000001a94       0x2c /home/hao/Documents/gcc-arm-none-eabi/bin/../lib/gcc/arm-none-eabi/10.2.1/../../../../arm-none-eabi/lib/thumb/v7e-m+fp/hard/libc_nano.a(lib_a-init.o)
 .debug_frame   0x0000000000001ac0       0x28 /home/hao/Documents/gcc-arm-none-eabi/bin/../lib/gcc/arm-none-eabi/10.2.1/../../../../arm-none-eabi/lib/thumb/v7e-m+fp/hard/libc_nano.a(lib_a-memcpy-stub.o)
 .debug_frame   0x0000000000001ae8       0x20 /home/hao/Documents/gcc-arm-none-eabi/bin/../lib/gcc/arm-none-eabi/10.2.1/../../../../arm-none-eabi/lib/thumb/v7e-m+fp/hard/libc_nano.a(lib_a-memset.o)