Archive member included to satisfy reference by file (symbol)

c:/gcc-arm-none-eabi/bin/../lib/gcc/arm-none-eabi/10.3.1/../../../../arm-none-eabi/lib/thumb/v7-m/nofp\libc_nano.a(lib_a-exit.o)
                              c:/gcc-arm-none-eabi/bin/../lib/gcc/arm-none-eabi/10.3.1/../../../../arm-none-eabi/lib/thumb/v7-m/nofp/crt0.o (exit)
c:/gcc-arm-none-eabi/bin/../lib/gcc/arm-none-eabi/10.3.1/../../../../arm-none-eabi/lib/thumb/v7-m/nofp\libc_nano.a(lib_a-impure.o)
                              c:/gcc-arm-none-eabi/bin/../lib/gcc/arm-none-eabi/10.3.1/../../../../arm-none-eabi/lib/thumb/v7-m/nofp\libc_nano.a(lib_a-exit.o) (_global_impure_ptr)
c:/gcc-arm-none-eabi/bin/../lib/gcc/arm-none-eabi/10.3.1/../../../../arm-none-eabi/lib/thumb/v7-m/nofp\libc_nano.a(lib_a-init.o)
                              c:/gcc-arm-none-eabi/bin/../lib/gcc/arm-none-eabi/10.3.1/../../../../arm-none-eabi/lib/thumb/v7-m/nofp/crt0.o (__libc_init_array)
c:/gcc-arm-none-eabi/bin/../lib/gcc/arm-none-eabi/10.3.1/../../../../arm-none-eabi/lib/thumb/v7-m/nofp\libc_nano.a(lib_a-memcpy-stub.o)
                              build/cmd.o (memcpy)
c:/gcc-arm-none-eabi/bin/../lib/gcc/arm-none-eabi/10.3.1/../../../../arm-none-eabi/lib/thumb/v7-m/nofp\libc_nano.a(lib_a-memset.o)
                              c:/gcc-arm-none-eabi/bin/../lib/gcc/arm-none-eabi/10.3.1/../../../../arm-none-eabi/lib/thumb/v7-m/nofp/crt0.o (memset)
c:/gcc-arm-none-eabi/bin/../lib/gcc/arm-none-eabi/10.3.1/../../../../arm-none-eabi/lib/thumb/v7-m/nofp\libc_nano.a(lib_a-nano-vfprintf_float.o)
                              (_printf_float)
c:/gcc-arm-none-eabi/bin/../lib/gcc/arm-none-eabi/10.3.1/../../../../arm-none-eabi/lib/thumb/v7-m/nofp\libc_nano.a(lib_a-nano-vfprintf_i.o)
                              c:/gcc-arm-none-eabi/bin/../lib/gcc/arm-none-eabi/10.3.1/../../../../arm-none-eabi/lib/thumb/v7-m/nofp\libc_nano.a(lib_a-nano-vfprintf_float.o) (_printf_common)
c:/gcc-arm-none-eabi/bin/../lib/gcc/arm-none-eabi/10.3.1/../../../../arm-none-eabi/lib/thumb/v7-m/nofp\libc_nano.a(lib_a-strcpy.o)
                              build/shell.o (strcpy)
c:/gcc-arm-none-eabi/bin/../lib/gcc/arm-none-eabi/10.3.1/../../../../arm-none-eabi/lib/thumb/v7-m/nofp\libc_nano.a(lib_a-strlen.o)
                              build/msh.o (strlen)
c:/gcc-arm-none-eabi/bin/../lib/gcc/arm-none-eabi/10.3.1/../../../../arm-none-eabi/lib/thumb/v7-m/nofp\libc_nano.a(lib_a-strncmp.o)
                              build/cmd.o (strncmp)
c:/gcc-arm-none-eabi/bin/../lib/gcc/arm-none-eabi/10.3.1/../../../../arm-none-eabi/lib/thumb/v7-m/nofp\libc_nano.a(lib_a-strncpy.o)
                              build/shell.o (strncpy)
c:/gcc-arm-none-eabi/bin/../lib/gcc/arm-none-eabi/10.3.1/../../../../arm-none-eabi/lib/thumb/v7-m/nofp\libc_nano.a(lib_a-dtoa.o)
                              c:/gcc-arm-none-eabi/bin/../lib/gcc/arm-none-eabi/10.3.1/../../../../arm-none-eabi/lib/thumb/v7-m/nofp\libc_nano.a(lib_a-nano-vfprintf_float.o) (_dtoa_r)
c:/gcc-arm-none-eabi/bin/../lib/gcc/arm-none-eabi/10.3.1/../../../../arm-none-eabi/lib/thumb/v7-m/nofp\libc_nano.a(lib_a-localeconv.o)
                              c:/gcc-arm-none-eabi/bin/../lib/gcc/arm-none-eabi/10.3.1/../../../../arm-none-eabi/lib/thumb/v7-m/nofp\libc_nano.a(lib_a-nano-vfprintf_float.o) (_localeconv_r)
c:/gcc-arm-none-eabi/bin/../lib/gcc/arm-none-eabi/10.3.1/../../../../arm-none-eabi/lib/thumb/v7-m/nofp\libc_nano.a(lib_a-malloc.o)
                              c:/gcc-arm-none-eabi/bin/../lib/gcc/arm-none-eabi/10.3.1/../../../../arm-none-eabi/lib/thumb/v7-m/nofp\libc_nano.a(lib_a-dtoa.o) (malloc)
c:/gcc-arm-none-eabi/bin/../lib/gcc/arm-none-eabi/10.3.1/../../../../arm-none-eabi/lib/thumb/v7-m/nofp\libc_nano.a(lib_a-memchr-stub.o)
                              c:/gcc-arm-none-eabi/bin/../lib/gcc/arm-none-eabi/10.3.1/../../../../arm-none-eabi/lib/thumb/v7-m/nofp\libc_nano.a(lib_a-nano-vfprintf_i.o) (memchr)
c:/gcc-arm-none-eabi/bin/../lib/gcc/arm-none-eabi/10.3.1/../../../../arm-none-eabi/lib/thumb/v7-m/nofp\libc_nano.a(lib_a-mprec.o)
                              c:/gcc-arm-none-eabi/bin/../lib/gcc/arm-none-eabi/10.3.1/../../../../arm-none-eabi/lib/thumb/v7-m/nofp\libc_nano.a(lib_a-dtoa.o) (_Balloc)
c:/gcc-arm-none-eabi/bin/../lib/gcc/arm-none-eabi/10.3.1/../../../../arm-none-eabi/lib/thumb/v7-m/nofp\libc_nano.a(lib_a-nano-callocr.o)
                              c:/gcc-arm-none-eabi/bin/../lib/gcc/arm-none-eabi/10.3.1/../../../../arm-none-eabi/lib/thumb/v7-m/nofp\libc_nano.a(lib_a-mprec.o) (_calloc_r)
c:/gcc-arm-none-eabi/bin/../lib/gcc/arm-none-eabi/10.3.1/../../../../arm-none-eabi/lib/thumb/v7-m/nofp\libc_nano.a(lib_a-nano-freer.o)
                              c:/gcc-arm-none-eabi/bin/../lib/gcc/arm-none-eabi/10.3.1/../../../../arm-none-eabi/lib/thumb/v7-m/nofp\libc_nano.a(lib_a-malloc.o) (_free_r)
c:/gcc-arm-none-eabi/bin/../lib/gcc/arm-none-eabi/10.3.1/../../../../arm-none-eabi/lib/thumb/v7-m/nofp\libc_nano.a(lib_a-nano-mallocr.o)
[...]
Memory Configuration

Name             Origin             Length             Attributes
FLASH            0x08000000         0x00080000         xr
RAM              0x20000000         0x00010000         xrw
MEMORY_B1        0x60000000         0x00000000         xr
*default*        0x00000000         0xffffffff

Linker script and memory map

LOAD c:/gcc-arm-none-eabi/bin/../lib/gcc/arm-none-eabi/10.3.1/thumb/v7-m/nofp/crti.o
LOAD c:/gcc-arm-none-eabi/bin/../lib/gcc/arm-none-eabi/10.3.1/thumb/v7-m/nofp/crtbegin.o
LOAD c:/gcc-arm-none-eabi/bin/../lib/gcc/arm-none-eabi/10.3.1/../../../../arm-none-eabi/lib/thumb/v7-m/nofp/crt0.o
LOAD build/main.o
LOAD build/stm32f10x_it.o
LOAD build/board.o
LOAD build/bsp_led.o
LOAD build/bsp_debug_usart.o
LOAD build/system_stm32f10x.o
LOAD build/misc.o
LOAD build/stm32f10x_adc.o
LOAD build/stm32f10x_bkp.o
LOAD build/stm32f10x_can.o
LOAD build/stm32f10x_cec.o
LOAD build/stm32f10x_crc.o
LOAD build/stm32f10x_dac.o
LOAD build/stm32f10x_dbgmcu.o
LOAD build/stm32f10x_dma.o
LOAD build/stm32f10x_exti.o
LOAD build/stm32f10x_flash.o
LOAD build/stm32f10x_fsmc.o
LOAD build/stm32f10x_gpio.o
LOAD build/stm32f10x_i2c.o
LOAD build/stm32f10x_iwdg.o
LOAD build/stm32f10x_pwr.o
LOAD build/stm32f10x_rcc.o
LOAD build/stm32f10x_rtc.o
LOAD build/stm32f10x_sdio.o
LOAD build/stm32f10x_spi.o
LOAD build/stm32f10x_tim.o
LOAD build/stm32f10x_usart.o
LOAD build/stm32f10x_wwdg.o
LOAD build/cmd.o
LOAD build/finsh_port.o
LOAD build/msh.o
LOAD build/shell.o
LOAD build/cpuport.o
LOAD build/clock.o
LOAD build/components.o
LOAD build/cpu.o
LOAD build/idle.o
LOAD build/ipc.o
LOAD build/irq.o
LOAD build/kservice.o
LOAD build/mem.o
LOAD build/memheap.o
LOAD build/mempool.o
LOAD build/object.o
LOAD build/scheduler.o
LOAD build/slab.o
LOAD build/thread.o
LOAD build/timer.o
LOAD build/startup_stm32f10x_hd.o
LOAD build/context_gcc.o
LOAD c:/gcc-arm-none-eabi/bin/../lib/gcc/arm-none-eabi/10.3.1/../../../../arm-none-eabi/lib/thumb/v7-m/nofp\libc_nano.a
LOAD c:/gcc-arm-none-eabi/bin/../lib/gcc/arm-none-eabi/10.3.1/../../../../arm-none-eabi/lib/thumb/v7-m/nofp\libm.a
LOAD c:/gcc-arm-none-eabi/bin/../lib/gcc/arm-none-eabi/10.3.1/../../../../arm-none-eabi/lib/thumb/v7-m/nofp\libnosys.a
LOAD c:/gcc-arm-none-eabi/bin/../lib/gcc/arm-none-eabi/10.3.1/../../../../arm-none-eabi/lib/thumb/v7-m/nofp\libc_nano.a
LOAD c:/gcc-arm-none-eabi/bin/../lib/gcc/arm-none-eabi/10.3.1/../../../../arm-none-eabi/lib/thumb/v7-m/nofp\librdimon_nano.a
START GROUP
LOAD c:/gcc-arm-none-eabi/bin/../lib/gcc/arm-none-eabi/10.3.1/thumb/v7-m/nofp\libgcc.a
LOAD c:/gcc-arm-none-eabi/bin/../lib/gcc/arm-none-eabi/10.3.1/../../../../arm-none-eabi/lib/thumb/v7-m/nofp\libc_nano.a
END GROUP
START GROUP
LOAD c:/gcc-arm-none-eabi/bin/../lib/gcc/arm-none-eabi/10.3.1/thumb/v7-m/nofp\libgcc.a
LOAD c:/gcc-arm-none-eabi/bin/../lib/gcc/arm-none-eabi/10.3.1/../../../../arm-none-eabi/lib/thumb/v7-m/nofp\libc_nano.a
END GROUP
LOAD c:/gcc-arm-none-eabi/bin/../lib/gcc/arm-none-eabi/10.3.1/thumb/v7-m/nofp/crtend.o
LOAD c:/gcc-arm-none-eabi/bin/../lib/gcc/arm-none-eabi/10.3.1/thumb/v7-m/nofp/crtn.o
                0x20010000                _estack = 0x20010000
                0x00000000                _Min_Heap_Size = 0x0
                0x00000200                _Min_Stack_Size = 0x200

.isr_vector     0x08000000      0x1e4
                0x08000000                . = ALIGN (0x4)
 *(.isr_vector)
 .isr_vector    0x08000000      0x1e4 build/startup_stm32f10x_hd.o
                0x08000000                g_pfnVectors
                0x080001e4                . = ALIGN (0x4)

.eh_frame       0x080001e4        0x0
 .eh_frame      0x080001e4        0x0 c:/gcc-arm-none-eabi/bin/../lib/gcc/arm-none-eabi/10.3.1/thumb/v7-m/nofp/crtbegin.o

.text           0x080001e8     0x8cfc
                0x080001e8                . = ALIGN (0x4)
 *(.text)
 .text          0x080001e8       0x40 c:/gcc-arm-none-eabi/bin/../lib/gcc/arm-none-eabi/10.3.1/thumb/v7-m/nofp/crtbegin.o
 .text          0x08000228      0x100 build/context_gcc.o
                0x08000228                rt_hw_interrupt_disable
                0x08000230                rt_hw_interrupt_enable
                0x08000236                rt_hw_context_switch_interrupt
                0x08000236                rt_hw_context_switch
                0x08000256                PendSV_Handler
                0x08000292                rt_hw_context_switch_to
                0x080002cc                rt_hw_interrupt_thread_switch
                0x080002d0                HardFault_Handler
                0x08000306                rt_hw_interrupt_check
 .text          0x08000328       0x10 c:/gcc-arm-none-eabi/bin/../lib/gcc/arm-none-eabi/10.3.1/../../../../arm-none-eabi/lib/thumb/v7-m/nofp\libc_nano.a(lib_a-strlen.o)
                0x08000328                strlen
 .text          0x08000338      0x378 c:/gcc-arm-none-eabi/bin/../lib/gcc/arm-none-eabi/10.3.1/thumb/v7-m/nofp\libgcc.a(_arm_addsubdf3.o)
                0x08000338                __aeabi_drsub
                0x08000340                __aeabi_dsub
                0x08000340                __subdf3
                0x08000344                __aeabi_dadd
                0x08000344                __adddf3
                0x080005bc                __floatunsidf
                0x080005bc                __aeabi_ui2d
                0x080005dc                __floatsidf
                0x080005dc                __aeabi_i2d
                0x08000600                __aeabi_f2d
                0x08000600                __extendsfdf2
                0x08000644                __floatundidf
                0x08000644                __aeabi_ul2d
                0x08000654                __floatdidf
                0x08000654                __aeabi_l2d
 .text          0x080006b0      0x424 c:/gcc-arm-none-eabi/bin/../lib/gcc/arm-none-eabi/10.3.1/thumb/v7-m/nofp\libgcc.a(_arm_muldivdf3.o)
                0x080006b0                __aeabi_dmul
                0x080006b0                __muldf3
                0x08000904                __divdf3
                0x08000904                __aeabi_ddiv
 .text          0x08000ad4      0x110 c:/gcc-arm-none-eabi/bin/../lib/gcc/arm-none-eabi/10.3.1/thumb/v7-m/nofp\libgcc.a(_arm_cmpdf2.o)
                0x08000ad4                __gtdf2
                0x08000ad4                __gedf2
                0x08000adc                __ltdf2
                0x08000adc                __ledf2
                0x08000ae4                __nedf2
                0x08000ae4                __eqdf2
                0x08000ae4                __cmpdf2
                0x08000b60                __aeabi_cdrcmple
                0x08000b70                __aeabi_cdcmpeq
                0x08000b70                __aeabi_cdcmple
                0x08000b80                __aeabi_dcmpeq
                0x08000b94                __aeabi_dcmplt
                0x08000ba8                __aeabi_dcmple
                0x08000bbc                __aeabi_dcmpge
                0x08000bd0                __aeabi_dcmpgt
 .text          0x08000be4       0x2c c:/gcc-arm-none-eabi/bin/../lib/gcc/arm-none-eabi/10.3.1/thumb/v7-m/nofp\libgcc.a(_arm_unorddf2.o)
                0x08000be4                __unorddf2
                0x08000be4                __aeabi_dcmpun
 .text          0x08000c10       0x50 c:/gcc-arm-none-eabi/bin/../lib/gcc/arm-none-eabi/10.3.1/thumb/v7-m/nofp\libgcc.a(_arm_fixdfsi.o)
                0x08000c10                __aeabi_d2iz
                0x08000c10                __fixdfsi
 *(.text*)
 .text.main     0x08000c60       0x50 build/main.o
                0x08000c60                main
 .text.led1_thread_entry
                0x08000cb0       0x30 build/main.o
 .text.NMI_Handler
                0x08000ce0        0xc build/stm32f10x_it.o
                0x08000ce0                NMI_Handler
 .text.MemManage_Handler
                0x08000cec        0x6 build/stm32f10x_it.o
                0x08000cec                MemManage_Handler
 .text.BusFault_Handler
                0x08000cf2        0x6 build/stm32f10x_it.o
                0x08000cf2                BusFault_Handler
 .text.UsageFault_Handler
                0x08000cf8        0x6 build/stm32f10x_it.o
                0x08000cf8                UsageFault_Handler
 .text.SVC_Handler
                0x08000cfe        0xc build/stm32f10x_it.o
                0x08000cfe                SVC_Handler
 .text.DebugMon_Handler
                0x08000d0a        0xc build/stm32f10x_it.o
                0x08000d0a                DebugMon_Handler
 *fill*         0x08000d16        0x2 
 .text.NVIC_SetPriority
                0x08000d18       0x54 build/board.o
 .text.SysTick_Config
                0x08000d6c       0x44 build/board.o
 .text.rt_heap_begin_get
                0x08000db0       0x14 build/board.o
                0x08000db0                rt_heap_begin_get
 .text.rt_heap_end_get
                0x08000dc4       0x14 build/board.o
                0x08000dc4                rt_heap_end_get
 .text.rt_hw_board_init
                0x08000dd8       0x44 build/board.o
                0x08000dd8                rt_hw_board_init
 .text.rt_hw_console_output
                0x08000e1c       0x68 build/board.o
                0x08000e1c                rt_hw_console_output
 .text.SysTick_Handler
                0x08000e84       0x14 build/board.o
                0x08000e84                SysTick_Handler
 .text.LED_GPIO_Config
                0x08000e98       0x30 build/bsp_led.o
                0x08000e98                LED_GPIO_Config
 .text.USART_Config
                0x08000ec8       0x84 build/bsp_debug_usart.o
                0x08000ec8                USART_Config
 .text._write   0x08000f4c       0x50 build/bsp_debug_usart.o
                0x08000f4c                _write
 .text.SystemInit
                0x08000f9c       0x68 build/system_stm32f10x.o
                0x08000f9c                SystemInit
 .text.SetSysClock
                0x08001004        0xc build/system_stm32f10x.o
 .text.SetSysClockTo72
                0x08001010      0x100 build/system_stm32f10x.o
 .text.GPIO_Init
                0x08001110      0x178 build/stm32f10x_gpio.o
                0x08001110                GPIO_Init
 .text.GPIO_SetBits
                0x08001288       0x1c build/stm32f10x_gpio.o
                0x08001288                GPIO_SetBits
 .text.GPIO_ResetBits
                0x080012a4       0x1c build/stm32f10x_gpio.o
                0x080012a4                GPIO_ResetBits
 .text.RCC_GetClocksFreq
                0x080012c0      0x16c build/stm32f10x_rcc.o
                0x080012c0                RCC_GetClocksFreq
 .text.RCC_APB2PeriphClockCmd
                0x0800142c       0x3c build/stm32f10x_rcc.o
                0x0800142c                RCC_APB2PeriphClockCmd
 .text.USART_Init
                0x08001468      0x174 build/stm32f10x_usart.o
                0x08001468                USART_Init
 .text.USART_Cmd
                0x080015dc       0x3e build/stm32f10x_usart.o
                0x080015dc                USART_Cmd
 .text.USART_SendData
                0x0800161a       0x22 build/stm32f10x_usart.o
                0x0800161a                USART_SendData
 .text.USART_ReceiveData
                0x0800163c       0x1e build/stm32f10x_usart.o
                0x0800163c                USART_ReceiveData
 .text.USART_GetFlagStatus
                0x0800165a       0x36 build/stm32f10x_usart.o
                0x0800165a                USART_GetFlagStatus
 .text.USART_ClearFlag
                0x08001690       0x20 build/stm32f10x_usart.o
                0x08001690                USART_ClearFlag
 .text.rt_list_isempty
                0x080016b0       0x22 build/cmd.o
 .text.rt_list_len
                0x080016d2       0x34 build/cmd.o
 *fill*         0x08001706        0x2 
 .text.hello    0x08001708       0x14 build/cmd.o
                0x08001708                hello
 .text.version  0x0800171c        0xe build/cmd.o
                0x0800171c                version
 *fill*         0x0800172a        0x2 
 .text.object_split
                0x0800172c       0x28 build/cmd.o
 .text.list_find_init
                0x08001754       0x46 build/cmd.o
 .text.list_get_next
                0x0800179a       0xc6 build/cmd.o
 .text.list_thread
                0x08001860      0x208 build/cmd.o
                0x08001860                list_thread
 .text.show_wait_queue
                0x08001a68       0x50 build/cmd.o
 .text.list_sem
                0x08001ab8      0x128 build/cmd.o
                0x08001ab8                list_sem
 .text.list_mailbox
                0x08001be0      0x138 build/cmd.o
                0x08001be0                list_mailbox
 .text.list_timer
                0x08001d18      0x104 build/cmd.o
                0x08001d18                list_timer
 .text.list     0x08001e1c       0x6c build/cmd.o
                0x08001e1c                list
 .text.rt_hw_console_getchar
                0x08001e88       0x5c build/finsh_port.o
                0x08001e88                rt_hw_console_getchar
 .text.msh_is_used
                0x08001ee4        0xe build/msh.o
                0x08001ee4                msh_is_used
 *fill*         0x08001ef2        0x2 
 .text.msh_help
                0x08001ef4       0x7c build/msh.o
                0x08001ef4                msh_help
 .text.cmd_ps   0x08001f70       0x18 build/msh.o
                0x08001f70                cmd_ps
 .text.cmd_free
                0x08001f88       0x18 build/msh.o
                0x08001f88                cmd_free
 .text.msh_split
                0x08001fa0      0x170 build/msh.o
 .text.msh_get_cmd
                0x08002110       0x80 build/msh.o
 .text._msh_exec_cmd
                0x08002190       0xa2 build/msh.o
 *fill*         0x08002232        0x2 
 .text.msh_exec
                0x08002234       0x8c build/msh.o
                0x08002234                msh_exec
 .text.str_common
                0x080022c0       0x48 build/msh.o
 .text.msh_auto_complete
                0x08002308       0xd0 build/msh.o
                0x08002308                msh_auto_complete
 .text.finsh_get_prompt
                0x080023d8       0xa0 build/shell.o
                0x080023d8                finsh_get_prompt
 .text.finsh_set_prompt_mode
                0x08002478       0x30 build/shell.o
                0x08002478                finsh_set_prompt_mode
 .text.finsh_getchar
                0x080024a8        0xe build/shell.o
 *fill*         0x080024b6        0x2 
 .text.shell_auto_complete
                0x080024b8       0x40 build/shell.o
 .text.finsh_thread_entry
                0x080024f8      0x488 build/shell.o
                0x080024f8                finsh_thread_entry
 .text.finsh_system_function_init
                0x08002980       0x28 build/shell.o
                0x08002980                finsh_system_function_init
 .text.finsh_system_var_init
                0x080029a8       0x28 build/shell.o
                0x080029a8                finsh_system_var_init
 .text.finsh_system_init
                0x080029d0       0xac build/shell.o
                0x080029d0                finsh_system_init
 .text.rt_hw_stack_init
                0x08002a7c       0x88 build/cpuport.o
                0x08002a7c                rt_hw_stack_init
 .text.usage_fault_track
                0x08002b04       0xc4 build/cpuport.o
 .text.bus_fault_track
                0x08002bc8       0xcc build/cpuport.o
 .text.mem_manage_fault_track
                0x08002c94       0xb4 build/cpuport.o
 .text.hard_fault_track
                0x08002d48       0x78 build/cpuport.o
 .text.rt_hw_hard_fault_exception
                0x08002dc0      0x168 build/cpuport.o
                0x08002dc0                rt_hw_hard_fault_exception
 .text.rt_tick_get
                0x08002f28       0x14 build/clock.o
                0x08002f28                rt_tick_get
 .text.rt_tick_increase
                0x08002f3c       0x44 build/clock.o
                0x08002f3c                rt_tick_increase
 .text.rt_tick_from_millisecond
                0x08002f80       0x78 build/clock.o
                0x08002f80                rt_tick_from_millisecond
 .text.rti_start
                0x08002ff8        0xe build/components.o
 .text.rti_board_start
                0x08003006        0xe build/components.o
 .text.rti_board_end
                0x08003014        0xe build/components.o
 .text.rti_end  0x08003022        0xe build/components.o
 .text.rt_components_board_init
                0x08003030       0x34 build/components.o
                0x08003030                rt_components_board_init
 .text.rt_components_init
                0x08003064       0x34 build/components.o
                0x08003064                rt_components_init
 .text.entry    0x08003098        0xe build/components.o
                0x08003098                entry
 .text.main_thread_entry
                0x080030a6       0x18 build/components.o
                0x080030a6                main_thread_entry
 *fill*         0x080030be        0x2 
 .text.rt_application_init
                0x080030c0       0x34 build/components.o
                0x080030c0                rt_application_init
 .text.rtthread_startup
                0x080030f4       0x2e build/components.o
                0x080030f4                rtthread_startup
 .text.rt_list_remove
                0x08003122       0x34 build/idle.o
 *fill*         0x08003156        0x2 
 .text._has_defunct_thread
                0x08003158       0x28 build/idle.o
 .text.rt_thread_idle_excute
                0x08003180       0x54 build/idle.o
                0x08003180                rt_thread_idle_excute
 .text.rt_thread_idle_entry
                0x080031d4        0xe build/idle.o
 *fill*         0x080031e2        0x2 
 .text.rt_thread_idle_init
                0x080031e4       0x40 build/idle.o
                0x080031e4                rt_thread_idle_init
 .text.rt_list_init
                0x08003224       0x20 build/ipc.o
 .text.rt_list_insert_before
                0x08003244       0x30 build/ipc.o
 .text.rt_list_isempty
                0x08003274       0x22 build/ipc.o
 .text.rt_ipc_object_init
                0x08003296       0x1c build/ipc.o
 .text.rt_ipc_list_suspend
                0x080032b2       0x8e build/ipc.o
 .text.rt_ipc_list_resume
                0x08003340       0x20 build/ipc.o
 .text.rt_sem_init
                0x08003360       0x3a build/ipc.o
                0x08003360                rt_sem_init
 .text.rt_sem_take
                0x0800339a       0x9c build/ipc.o
                0x0800339a                rt_sem_take
 .text.rt_sem_release
                0x08003436       0x6c build/ipc.o
                0x08003436                rt_sem_release
 *fill*         0x080034a2        0x2 
 .text.rt_interrupt_enter
                0x080034a4       0x2c build/irq.o
                0x080034a4                rt_interrupt_enter
 .text.rt_interrupt_leave
                0x080034d0       0x2c build/irq.o
                0x080034d0                rt_interrupt_leave
 .text.rt_memset
                0x080034fc       0xb4 build/kservice.o
                0x080034fc                rt_memset
 .text.rt_memmove
                0x080035b0       0x80 build/kservice.o
                0x080035b0                rt_memmove
 .text.rt_strncpy
                0x08003630       0x62 build/kservice.o
                0x08003630                rt_strncpy
 *fill*         0x08003692        0x2 
 .text.rt_show_version
                0x08003694       0x44 build/kservice.o
                0x08003694                rt_show_version
 .text.divide   0x080036d8       0x68 build/kservice.o
 .text.skip_atoi
                0x08003740       0x40 build/kservice.o
 .text.print_number
                0x08003780      0x1d8 build/kservice.o
 .text.rt_vsnprintf
                0x08003958      0x4ac build/kservice.o
                0x08003958                rt_vsnprintf
 .text.rt_kprintf
                0x08003e04       0x40 build/kservice.o
                0x08003e04                rt_kprintf
 .text.__rt_ffs
                0x08003e44       0x70 build/kservice.o
                0x08003e44                __rt_ffs
 .text.plug_holes
                0x08003eb4       0xbc build/mem.o
 .text.rt_system_heap_init
                0x08003f70       0xe4 build/mem.o
                0x08003f70                rt_system_heap_init
 .text.rt_malloc
                0x08004054      0x1c4 build/mem.o
                0x08004054                rt_malloc
 .text.rt_calloc
                0x08004218       0x3c build/mem.o
                0x08004218                rt_calloc
 .text.rt_free  0x08004254       0xcc build/mem.o
                0x08004254                rt_free
 .text.list_mem
                0x08004320       0x44 build/mem.o
                0x08004320                list_mem
 .text.rt_list_insert_after
                0x08004364       0x30 build/object.o
 .text.rt_list_remove
                0x08004394       0x34 build/object.o
 .text.rt_object_get_information
                0x080043c8       0x48 build/object.o
                0x080043c8                rt_object_get_information
 .text.rt_object_init
                0x08004410       0x7e build/object.o
                0x08004410                rt_object_init
 .text.rt_object_detach
                0x0800448e       0x2c build/object.o
                0x0800448e                rt_object_detach
 .text.rt_object_allocate
                0x080044ba       0x78 build/object.o
                0x080044ba                rt_object_allocate
 .text.rt_object_delete
                0x08004532       0x32 build/object.o
                0x08004532                rt_object_delete
 .text.rt_object_is_systemobject
                0x08004564       0x22 build/object.o
                0x08004564                rt_object_is_systemobject
 .text.rt_list_init
                0x08004586       0x20 build/scheduler.o
 .text.rt_list_insert_before
                0x080045a6       0x30 build/scheduler.o
 .text.rt_list_remove
                0x080045d6       0x34 build/scheduler.o
 .text.rt_list_isempty
                0x0800460a       0x22 build/scheduler.o
 .text.rt_system_scheduler_init
                0x0800462c       0x54 build/scheduler.o
                0x0800462c                rt_system_scheduler_init
 .text.rt_system_scheduler_start
                0x08004680       0x3c build/scheduler.o
                0x08004680                rt_system_scheduler_start
 .text.rt_schedule
                0x080046bc       0xa8 build/scheduler.o
                0x080046bc                rt_schedule
 .text.rt_schedule_insert_thread
                0x08004764       0x68 build/scheduler.o
                0x08004764                rt_schedule_insert_thread
 .text.rt_schedule_remove_thread
                0x080047cc       0x58 build/scheduler.o
                0x080047cc                rt_schedule_remove_thread
 .text.rt_enter_critical
                0x08004824       0x2c build/scheduler.o
                0x08004824                rt_enter_critical
 .text.rt_exit_critical
                0x08004850       0x54 build/scheduler.o
                0x08004850                rt_exit_critical
 .text.rt_list_init
                0x080048a4       0x20 build/thread.o
 .text.rt_list_insert_after
                0x080048c4       0x30 build/thread.o
 .text.rt_list_insert_before
                0x080048f4       0x30 build/thread.o
 .text.rt_list_remove
                0x08004924       0x34 build/thread.o
 .text._thread_cleanup_execute
                0x08004958       0x2c build/thread.o
 .text.rt_thread_exit
                0x08004984       0x6c build/thread.o
                0x08004984                rt_thread_exit
 .text._rt_thread_init
                0x080049f0       0xcc build/thread.o
 .text.rt_thread_init
                0x08004abc       0x40 build/thread.o
                0x08004abc                rt_thread_init
 .text.rt_thread_self
                0x08004afc       0x14 build/thread.o
                0x08004afc                rt_thread_self
 .text.rt_thread_startup
                0x08004b10       0x4c build/thread.o
                0x08004b10                rt_thread_startup
 .text.rt_thread_create
                0x08004b5c       0x62 build/thread.o
                0x08004b5c                rt_thread_create
 *fill*         0x08004bbe        0x2 
 .text.rt_thread_yield
                0x08004bc0       0x74 build/thread.o
                0x08004bc0                rt_thread_yield
 .text.rt_thread_sleep
                0x08004c34       0x5c build/thread.o
                0x08004c34                rt_thread_sleep
 .text.rt_thread_delay
                0x08004c90       0x18 build/thread.o
                0x08004c90                rt_thread_delay
 .text.rt_thread_mdelay
                0x08004ca8       0x20 build/thread.o
                0x08004ca8                rt_thread_mdelay
 .text.rt_thread_suspend
                0x08004cc8       0x5e build/thread.o
                0x08004cc8                rt_thread_suspend
 .text.rt_thread_resume
                0x08004d26       0x4c build/thread.o
                0x08004d26                rt_thread_resume
 .text.rt_thread_timeout
                0x08004d72       0x30 build/thread.o
                0x08004d72                rt_thread_timeout
 .text.rt_list_init
                0x08004da2       0x20 build/timer.o
 .text.rt_list_insert_after
                0x08004dc2       0x30 build/timer.o
 .text.rt_list_remove
                0x08004df2       0x34 build/timer.o
 .text.rt_list_isempty
                0x08004e26       0x22 build/timer.o
 .text._rt_timer_init
                0x08004e48       0x6a build/timer.o
 .text._rt_timer_remove
                0x08004eb2       0x36 build/timer.o
 .text.rt_timer_init
                0x08004ee8       0x30 build/timer.o
                0x08004ee8                rt_timer_init
 .text.rt_timer_detach
                0x08004f18       0x38 build/timer.o
                0x08004f18                rt_timer_detach
 .text.rt_timer_start
                0x08004f50      0x178 build/timer.o
                0x08004f50                rt_timer_start
 .text.rt_timer_stop
                0x080050c8       0x44 build/timer.o
                0x080050c8                rt_timer_stop
 .text.rt_timer_control
                0x0800510c       0x98 build/timer.o
                0x0800510c                rt_timer_control
 .text.rt_timer_check
                0x080051a4       0xe0 build/timer.o
                0x080051a4                rt_timer_check
 .text.rt_system_timer_init
                0x08005284       0x34 build/timer.o
                0x08005284                rt_system_timer_init
 .text.rt_system_timer_thread_init
                0x080052b8        0xc build/timer.o
                0x080052b8                rt_system_timer_thread_init
 .text.Reset_Handler
                0x080052c4       0x48 build/startup_stm32f10x_hd.o
                0x080052c4                Reset_Handler
 .text.Default_Handler
                0x0800530c        0x2 build/startup_stm32f10x_hd.o
                0x0800530c                EXTI2_IRQHandler
                0x0800530c                TIM8_TRG_COM_IRQHandler
                0x0800530c                TIM8_CC_IRQHandler
                0x0800530c                TIM1_CC_IRQHandler
                0x0800530c                TIM6_IRQHandler
                0x0800530c                PVD_IRQHandler
                0x0800530c                SDIO_IRQHandler
                0x0800530c                EXTI3_IRQHandler
                0x0800530c                EXTI0_IRQHandler
                0x0800530c                I2C2_EV_IRQHandler
                0x0800530c                ADC1_2_IRQHandler
                0x0800530c                SPI1_IRQHandler
                0x0800530c                TAMPER_IRQHandler
                0x0800530c                TIM8_UP_IRQHandler
                0x0800530c                DMA2_Channel2_IRQHandler
                0x0800530c                DMA1_Channel4_IRQHandler
                0x0800530c                USART3_IRQHandler
                0x0800530c                RTC_IRQHandler
                0x0800530c                DMA1_Channel7_IRQHandler
                0x0800530c                CAN1_RX1_IRQHandler
                0x0800530c                UART5_IRQHandler
                0x0800530c                ADC3_IRQHandler
                0x0800530c                TIM4_IRQHandler
                0x0800530c                DMA2_Channel1_IRQHandler
                0x0800530c                I2C1_EV_IRQHandler
                0x0800530c                DMA1_Channel6_IRQHandler
                0x0800530c                UART4_IRQHandler
                0x0800530c                TIM3_IRQHandler
                0x0800530c                RCC_IRQHandler
                0x0800530c                TIM1_TRG_COM_IRQHandler
                0x0800530c                DMA1_Channel1_IRQHandler
                0x0800530c                Default_Handler
                0x0800530c                EXTI15_10_IRQHandler
                0x0800530c                TIM7_IRQHandler
                0x0800530c                TIM5_IRQHandler
                0x0800530c                EXTI9_5_IRQHandler
                0x0800530c                SPI2_IRQHandler
                0x0800530c                DMA1_Channel5_IRQHandler
                0x0800530c                EXTI4_IRQHandler
                0x0800530c                USB_LP_CAN1_RX0_IRQHandler
                0x0800530c                USB_HP_CAN1_TX_IRQHandler
                0x0800530c                DMA1_Channel3_IRQHandler
                0x0800530c                FSMC_IRQHandler
                0x0800530c                TIM1_UP_IRQHandler
                0x0800530c                WWDG_IRQHandler
                0x0800530c                TIM2_IRQHandler
                0x0800530c                TIM1_BRK_IRQHandler
                0x0800530c                EXTI1_IRQHandler
                0x0800530c                RTCAlarm_IRQHandler
                0x0800530c                DMA2_Channel4_5_IRQHandler
                0x0800530c                USART2_IRQHandler
                0x0800530c                I2C2_ER_IRQHandler
                0x0800530c                DMA1_Channel2_IRQHandler
                0x0800530c                TIM8_BRK_IRQHandler
                0x0800530c                CAN1_SCE_IRQHandler
                0x0800530c                FLASH_IRQHandler
                0x0800530c                USART1_IRQHandler
                0x0800530c                SPI3_IRQHandler
                0x0800530c                I2C1_ER_IRQHandler
                0x0800530c                USBWakeUp_IRQHandler
                0x0800530c                DMA2_Channel3_IRQHandler
 *fill*         0x0800530e        0x2 
 .text.__libc_init_array
                0x08005310       0x48 c:/gcc-arm-none-eabi/bin/../lib/gcc/arm-none-eabi/10.3.1/../../../../arm-none-eabi/lib/thumb/v7-m/nofp\libc_nano.a(lib_a-init.o)
                0x08005310                __libc_init_array
 .text.memcpy   0x08005358       0x1c c:/gcc-arm-none-eabi/bin/../lib/gcc/arm-none-eabi/10.3.1/../../../../arm-none-eabi/lib/thumb/v7-m/nofp\libc_nano.a(lib_a-memcpy-stub.o)
                0x08005358                memcpy
 .text.memset   0x08005374       0x10 c:/gcc-arm-none-eabi/bin/../lib/gcc/arm-none-eabi/10.3.1/../../../../arm-none-eabi/lib/thumb/v7-m/nofp\libc_nano.a(lib_a-memset.o)
                0x08005374                memset
 .text.__cvt    0x08005384       0xbe c:/gcc-arm-none-eabi/bin/../lib/gcc/arm-none-eabi/10.3.1/../../../../arm-none-eabi/lib/thumb/v7-m/nofp\libc_nano.a(lib_a-nano-vfprintf_float.o)
                0x08005384                __cvt
 .text.__exponent
                0x08005442       0x7c c:/gcc-arm-none-eabi/bin/../lib/gcc/arm-none-eabi/10.3.1/../../../../arm-none-eabi/lib/thumb/v7-m/nofp\libc_nano.a(lib_a-nano-vfprintf_float.o)
                0x08005442                __exponent
 *fill*         0x080054be        0x2 
 .text._printf_float
                0x080054c0      0x458 c:/gcc-arm-none-eabi/bin/../lib/gcc/arm-none-eabi/10.3.1/../../../../arm-none-eabi/lib/thumb/v7-m/nofp\libc_nano.a(lib_a-nano-vfprintf_float.o)
                0x080054c0                _printf_float
 .text._printf_common
                0x08005918       0xde c:/gcc-arm-none-eabi/bin/../lib/gcc/arm-none-eabi/10.3.1/../../../../arm-none-eabi/lib/thumb/v7-m/nofp\libc_nano.a(lib_a-nano-vfprintf_i.o)
                0x08005918                _printf_common
 *fill*         0x080059f6        0x2 
 .text._printf_i
                0x080059f8      0x24c c:/gcc-arm-none-eabi/bin/../lib/gcc/arm-none-eabi/10.3.1/../../../../arm-none-eabi/lib/thumb/v7-m/nofp\libc_nano.a(lib_a-nano-vfprintf_i.o)
                0x080059f8                _printf_i
 .text.strncmp  0x08005c44       0x28 c:/gcc-arm-none-eabi/bin/../lib/gcc/arm-none-eabi/10.3.1/../../../../arm-none-eabi/lib/thumb/v7-m/nofp\libc_nano.a(lib_a-strncmp.o)
                0x08005c44                strncmp
 .text.strncpy  0x08005c6c       0x26 c:/gcc-arm-none-eabi/bin/../lib/gcc/arm-none-eabi/10.3.1/../../../../arm-none-eabi/lib/thumb/v7-m/nofp\libc_nano.a(lib_a-strncpy.o)
                0x08005c6c                strncpy
 .text.quorem   0x08005c92      0x118 c:/gcc-arm-none-eabi/bin/../lib/gcc/arm-none-eabi/10.3.1/../../../../arm-none-eabi/lib/thumb/v7-m/nofp\libc_nano.a(lib_a-dtoa.o)
 *fill*         0x08005daa        0x6 
 .text._dtoa_r  0x08005db0      0xbdc c:/gcc-arm-none-eabi/bin/../lib/gcc/arm-none-eabi/10.3.1/../../../../arm-none-eabi/lib/thumb/v7-m/nofp\libc_nano.a(lib_a-dtoa.o)
                0x08005db0                _dtoa_r
 .text._localeconv_r
                0x0800698c        0x8 c:/gcc-arm-none-eabi/bin/../lib/gcc/arm-none-eabi/10.3.1/../../../../arm-none-eabi/lib/thumb/v7-m/nofp\libc_nano.a(lib_a-localeconv.o)
                0x0800698c                _localeconv_r
 .text.malloc   0x08006994       0x10 c:/gcc-arm-none-eabi/bin/../lib/gcc/arm-none-eabi/10.3.1/../../../../arm-none-eabi/lib/thumb/v7-m/nofp\libc_nano.a(lib_a-malloc.o)
                0x08006994                malloc
 .text.memchr   0x080069a4       0x1c c:/gcc-arm-none-eabi/bin/../lib/gcc/arm-none-eabi/10.3.1/../../../../arm-none-eabi/lib/thumb/v7-m/nofp\libc_nano.a(lib_a-memchr-stub.o)
                0x080069a4                memchr
 .text._Balloc  0x080069c0       0x80 c:/gcc-arm-none-eabi/bin/../lib/gcc/arm-none-eabi/10.3.1/../../../../arm-none-eabi/lib/thumb/v7-m/nofp\libc_nano.a(lib_a-mprec.o)
                0x080069c0                _Balloc
 .text._Bfree   0x08006a40       0x44 c:/gcc-arm-none-eabi/bin/../lib/gcc/arm-none-eabi/10.3.1/../../../../arm-none-eabi/lib/thumb/v7-m/nofp\libc_nano.a(lib_a-mprec.o)
                0x08006a40                _Bfree
 .text.__multadd
                0x08006a84       0x8c c:/gcc-arm-none-eabi/bin/../lib/gcc/arm-none-eabi/10.3.1/../../../../arm-none-eabi/lib/thumb/v7-m/nofp\libc_nano.a(lib_a-mprec.o)
                0x08006a84                __multadd
 .text.__hi0bits
                0x08006b10       0x40 c:/gcc-arm-none-eabi/bin/../lib/gcc/arm-none-eabi/10.3.1/../../../../arm-none-eabi/lib/thumb/v7-m/nofp\libc_nano.a(lib_a-mprec.o)
                0x08006b10                __hi0bits
 .text.__lo0bits
                0x08006b50       0x5a c:/gcc-arm-none-eabi/bin/../lib/gcc/arm-none-eabi/10.3.1/../../../../arm-none-eabi/lib/thumb/v7-m/nofp\libc_nano.a(lib_a-mprec.o)
                0x08006b50                __lo0bits
 *fill*         0x08006baa        0x2 
 .text.__i2b    0x08006bac       0x2c c:/gcc-arm-none-eabi/bin/../lib/gcc/arm-none-eabi/10.3.1/../../../../arm-none-eabi/lib/thumb/v7-m/nofp\libc_nano.a(lib_a-mprec.o)
                0x08006bac                __i2b
 .text.__multiply
                0x08006bd8      0x150 c:/gcc-arm-none-eabi/bin/../lib/gcc/arm-none-eabi/10.3.1/../../../../arm-none-eabi/lib/thumb/v7-m/nofp\libc_nano.a(lib_a-mprec.o)
                0x08006bd8                __multiply
 .text.__pow5mult
                0x08006d28       0xb4 c:/gcc-arm-none-eabi/bin/../lib/gcc/arm-none-eabi/10.3.1/../../../../arm-none-eabi/lib/thumb/v7-m/nofp\libc_nano.a(lib_a-mprec.o)
                0x08006d28                __pow5mult
 .text.__lshift
                0x08006ddc       0xe0 c:/gcc-arm-none-eabi/bin/../lib/gcc/arm-none-eabi/10.3.1/../../../../arm-none-eabi/lib/thumb/v7-m/nofp\libc_nano.a(lib_a-mprec.o)
                0x08006ddc                __lshift
 .text.__mcmp   0x08006ebc       0x36 c:/gcc-arm-none-eabi/bin/../lib/gcc/arm-none-eabi/10.3.1/../../../../arm-none-eabi/lib/thumb/v7-m/nofp\libc_nano.a(lib_a-mprec.o)
                0x08006ebc                __mcmp
 *fill*         0x08006ef2        0x2 
 .text.__mdiff  0x08006ef4      0x118 c:/gcc-arm-none-eabi/bin/../lib/gcc/arm-none-eabi/10.3.1/../../../../arm-none-eabi/lib/thumb/v7-m/nofp\libc_nano.a(lib_a-mprec.o)
                0x08006ef4                __mdiff
 .text.__d2b    0x0800700c       0xb8 c:/gcc-arm-none-eabi/bin/../lib/gcc/arm-none-eabi/10.3.1/../../../../arm-none-eabi/lib/thumb/v7-m/nofp\libc_nano.a(lib_a-mprec.o)
                0x0800700c                __d2b
 .text._calloc_r
                0x080070c4       0x28 c:/gcc-arm-none-eabi/bin/../lib/gcc/arm-none-eabi/10.3.1/../../../../arm-none-eabi/lib/thumb/v7-m/nofp\libc_nano.a(lib_a-nano-callocr.o)
                0x080070c4                _calloc_r
 .text._free_r  0x080070ec       0x90 c:/gcc-arm-none-eabi/bin/../lib/gcc/arm-none-eabi/10.3.1/../../../../arm-none-eabi/lib/thumb/v7-m/nofp\libc_nano.a(lib_a-nano-freer.o)
                0x080070ec                _free_r
 .text.sbrk_aligned
                0x0800717c       0x40 c:/gcc-arm-none-eabi/bin/../lib/gcc/arm-none-eabi/10.3.1/../../../../arm-none-eabi/lib/thumb/v7-m/nofp\libc_nano.a(lib_a-nano-mallocr.o)
 .text._malloc_r
                0x080071bc       0xe8 c:/gcc-arm-none-eabi/bin/../lib/gcc/arm-none-eabi/10.3.1/../../../../arm-none-eabi/lib/thumb/v7-m/nofp\libc_nano.a(lib_a-nano-mallocr.o)
                0x080071bc                _malloc_r
 .text._sbrk_r  0x080072a4       0x20 c:/gcc-arm-none-eabi/bin/../lib/gcc/arm-none-eabi/10.3.1/../../../../arm-none-eabi/lib/thumb/v7-m/nofp\libc_nano.a(lib_a-sbrkr.o)
                0x080072a4                _sbrk_r
 .text.__assert_func
                0x080072c4       0x3c c:/gcc-arm-none-eabi/bin/../lib/gcc/arm-none-eabi/10.3.1/../../../../arm-none-eabi/lib/thumb/v7-m/nofp\libc_nano.a(lib_a-assert.o)
                0x080072c4                __assert_func
 .text.fprintf  0x08007300       0x24 c:/gcc-arm-none-eabi/bin/../lib/gcc/arm-none-eabi/10.3.1/../../../../arm-none-eabi/lib/thumb/v7-m/nofp\libc_nano.a(lib_a-fprintf.o)
                0x08007300                fiprintf
                0x08007300                fprintf
 .text.__ascii_mbtowc
                0x08007324       0x24 c:/gcc-arm-none-eabi/bin/../lib/gcc/arm-none-eabi/10.3.1/../../../../arm-none-eabi/lib/thumb/v7-m/nofp\libc_nano.a(lib_a-mbtowc_r.o)
                0x08007324                __ascii_mbtowc
 .text.__malloc_lock
                0x08007348        0xc c:/gcc-arm-none-eabi/bin/../lib/gcc/arm-none-eabi/10.3.1/../../../../arm-none-eabi/lib/thumb/v7-m/nofp\libc_nano.a(lib_a-mlock.o)
                0x08007348                __malloc_lock
 .text.__malloc_unlock
                0x08007354        0xc c:/gcc-arm-none-eabi/bin/../lib/gcc/arm-none-eabi/10.3.1/../../../../arm-none-eabi/lib/thumb/v7-m/nofp\libc_nano.a(lib_a-mlock.o)
                0x08007354                __malloc_unlock
 .text.__sfputc_r
                0x08007360       0x2a c:/gcc-arm-none-eabi/bin/../lib/gcc/arm-none-eabi/10.3.1/../../../../arm-none-eabi/lib/thumb/v7-m/nofp\libc_nano.a(lib_a-nano-vfprintf.o)
 .text.__sfputs_r
                0x0800738a       0x24 c:/gcc-arm-none-eabi/bin/../lib/gcc/arm-none-eabi/10.3.1/../../../../arm-none-eabi/lib/thumb/v7-m/nofp\libc_nano.a(lib_a-nano-vfprintf.o)
                0x0800738a                __sfputs_r
 *fill*         0x080073ae        0x2 
 .text._vfprintf_r
                0x080073b0      0x260 c:/gcc-arm-none-eabi/bin/../lib/gcc/arm-none-eabi/10.3.1/../../../../arm-none-eabi/lib/thumb/v7-m/nofp\libc_nano.a(lib_a-nano-vfprintf.o)
                0x080073b0                _vfprintf_r
                0x080073b0                _vfiprintf_r
 .text.__swbuf_r
                0x08007610       0xa4 c:/gcc-arm-none-eabi/bin/../lib/gcc/arm-none-eabi/10.3.1/../../../../arm-none-eabi/lib/thumb/v7-m/nofp\libc_nano.a(lib_a-wbuf.o)
                0x08007610                __swbuf_r
 .text.__ascii_wctomb
                0x080076b4       0x1a c:/gcc-arm-none-eabi/bin/../lib/gcc/arm-none-eabi/10.3.1/../../../../arm-none-eabi/lib/thumb/v7-m/nofp\libc_nano.a(lib_a-wctomb_r.o)
                0x080076b4                __ascii_wctomb
 *fill*         0x080076ce        0x2 
 .text.__swsetup_r
                0x080076d0       0xdc c:/gcc-arm-none-eabi/bin/../lib/gcc/arm-none-eabi/10.3.1/../../../../arm-none-eabi/lib/thumb/v7-m/nofp\libc_nano.a(lib_a-wsetup.o)
                0x080076d0                __swsetup_r
 .text.abort    0x080077ac        0xe c:/gcc-arm-none-eabi/bin/../lib/gcc/arm-none-eabi/10.3.1/../../../../arm-none-eabi/lib/thumb/v7-m/nofp\libc_nano.a(lib_a-abort.o)
                0x080077ac                abort
 *fill*         0x080077ba        0x2 
 .text.__sflush_r
                0x080077bc      0x104 c:/gcc-arm-none-eabi/bin/../lib/gcc/arm-none-eabi/10.3.1/../../../../arm-none-eabi/lib/thumb/v7-m/nofp\libc_nano.a(lib_a-fflush.o)
                0x080077bc                __sflush_r
 .text._fflush_r
                0x080078c0       0x78 c:/gcc-arm-none-eabi/bin/../lib/gcc/arm-none-eabi/10.3.1/../../../../arm-none-eabi/lib/thumb/v7-m/nofp\libc_nano.a(lib_a-fflush.o)
                0x080078c0                _fflush_r
 .text.std      0x08007938       0x48 c:/gcc-arm-none-eabi/bin/../lib/gcc/arm-none-eabi/10.3.1/../../../../arm-none-eabi/lib/thumb/v7-m/nofp\libc_nano.a(lib_a-findfp.o)
 .text._cleanup_r
                0x08007980        0xc c:/gcc-arm-none-eabi/bin/../lib/gcc/arm-none-eabi/10.3.1/../../../../arm-none-eabi/lib/thumb/v7-m/nofp\libc_nano.a(lib_a-findfp.o)
                0x08007980                _cleanup_r
 .text.__sfmoreglue
                0x0800798c       0x2c c:/gcc-arm-none-eabi/bin/../lib/gcc/arm-none-eabi/10.3.1/../../../../arm-none-eabi/lib/thumb/v7-m/nofp\libc_nano.a(lib_a-findfp.o)
                0x0800798c                __sfmoreglue
 .text.__sfp_lock_acquire
                0x080079b8        0xc c:/gcc-arm-none-eabi/bin/../lib/gcc/arm-none-eabi/10.3.1/../../../../arm-none-eabi/lib/thumb/v7-m/nofp\libc_nano.a(lib_a-findfp.o)
                0x080079b8                __sfp_lock_acquire
 .text.__sfp_lock_release
                0x080079c4        0xc c:/gcc-arm-none-eabi/bin/../lib/gcc/arm-none-eabi/10.3.1/../../../../arm-none-eabi/lib/thumb/v7-m/nofp\libc_nano.a(lib_a-findfp.o)
                0x080079c4                __sfp_lock_release
 .text.__sinit_lock_acquire
                0x080079d0        0xc c:/gcc-arm-none-eabi/bin/../lib/gcc/arm-none-eabi/10.3.1/../../../../arm-none-eabi/lib/thumb/v7-m/nofp\libc_nano.a(lib_a-findfp.o)
                0x080079d0                __sinit_lock_acquire
 .text.__sinit_lock_release
                0x080079dc        0xc c:/gcc-arm-none-eabi/bin/../lib/gcc/arm-none-eabi/10.3.1/../../../../arm-none-eabi/lib/thumb/v7-m/nofp\libc_nano.a(lib_a-findfp.o)
                0x080079dc                __sinit_lock_release
 .text.__sinit  0x080079e8       0x70 c:/gcc-arm-none-eabi/bin/../lib/gcc/arm-none-eabi/10.3.1/../../../../arm-none-eabi/lib/thumb/v7-m/nofp\libc_nano.a(lib_a-findfp.o)
                0x080079e8                __sinit
 .text.__sfp    0x08007a58       0x8c c:/gcc-arm-none-eabi/bin/../lib/gcc/arm-none-eabi/10.3.1/../../../../arm-none-eabi/lib/thumb/v7-m/nofp\libc_nano.a(lib_a-findfp.o)
                0x08007a58                __sfp
 .text._fwalk_reent
                0x08007ae4       0x3e c:/gcc-arm-none-eabi/bin/../lib/gcc/arm-none-eabi/10.3.1/../../../../arm-none-eabi/lib/thumb/v7-m/nofp\libc_nano.a(lib_a-fwalk.o)
                0x08007ae4                _fwalk_reent
 .text.__retarget_lock_init_recursive
                0x08007b22        0x2 c:/gcc-arm-none-eabi/bin/../lib/gcc/arm-none-eabi/10.3.1/../../../../arm-none-eabi/lib/thumb/v7-m/nofp\libc_nano.a(lib_a-lock.o)
                0x08007b22                __retarget_lock_init_recursive
 .text.__retarget_lock_acquire_recursive
                0x08007b24        0x2 c:/gcc-arm-none-eabi/bin/../lib/gcc/arm-none-eabi/10.3.1/../../../../arm-none-eabi/lib/thumb/v7-m/nofp\libc_nano.a(lib_a-lock.o)
                0x08007b24                __retarget_lock_acquire_recursive
 .text.__retarget_lock_release_recursive
                0x08007b26        0x2 c:/gcc-arm-none-eabi/bin/../lib/gcc/arm-none-eabi/10.3.1/../../../../arm-none-eabi/lib/thumb/v7-m/nofp\libc_nano.a(lib_a-lock.o)
                0x08007b26                __retarget_lock_release_recursive
 .text.__swhatbuf_r
                0x08007b28       0x4a c:/gcc-arm-none-eabi/bin/../lib/gcc/arm-none-eabi/10.3.1/../../../../arm-none-eabi/lib/thumb/v7-m/nofp\libc_nano.a(lib_a-makebuf.o)
                0x08007b28                __swhatbuf_r
 *fill*         0x08007b72        0x2 
 .text.__smakebuf_r
                0x08007b74       0x80 c:/gcc-arm-none-eabi/bin/../lib/gcc/arm-none-eabi/10.3.1/../../../../arm-none-eabi/lib/thumb/v7-m/nofp\libc_nano.a(lib_a-makebuf.o)
                0x08007b74                __smakebuf_r
 .text._raise_r
                0x08007bf4       0x50 c:/gcc-arm-none-eabi/bin/../lib/gcc/arm-none-eabi/10.3.1/../../../../arm-none-eabi/lib/thumb/v7-m/nofp\libc_nano.a(lib_a-signal.o)
                0x08007bf4                _raise_r
 .text.raise    0x08007c44       0x10 c:/gcc-arm-none-eabi/bin/../lib/gcc/arm-none-eabi/10.3.1/../../../../arm-none-eabi/lib/thumb/v7-m/nofp\libc_nano.a(lib_a-signal.o)
                0x08007c44                raise
 .text._kill_r  0x08007c54       0x24 c:/gcc-arm-none-eabi/bin/../lib/gcc/arm-none-eabi/10.3.1/../../../../arm-none-eabi/lib/thumb/v7-m/nofp\libc_nano.a(lib_a-signalr.o)
                0x08007c54                _kill_r
 .text._getpid_r
                0x08007c78        0x4 c:/gcc-arm-none-eabi/bin/../lib/gcc/arm-none-eabi/10.3.1/../../../../arm-none-eabi/lib/thumb/v7-m/nofp\libc_nano.a(lib_a-signalr.o)
                0x08007c78                _getpid_r
 .text.__sread  0x08007c7c       0x22 c:/gcc-arm-none-eabi/bin/../lib/gcc/arm-none-eabi/10.3.1/../../../../arm-none-eabi/lib/thumb/v7-m/nofp\libc_nano.a(lib_a-stdio.o)
                0x08007c7c                __sread
 .text.__swrite
                0x08007c9e       0x38 c:/gcc-arm-none-eabi/bin/../lib/gcc/arm-none-eabi/10.3.1/../../../../arm-none-eabi/lib/thumb/v7-m/nofp\libc_nano.a(lib_a-stdio.o)
                0x08007c9e                __swrite
 .text.__sseek  0x08007cd6       0x24 c:/gcc-arm-none-eabi/bin/../lib/gcc/arm-none-eabi/10.3.1/../../../../arm-none-eabi/lib/thumb/v7-m/nofp\libc_nano.a(lib_a-stdio.o)
                0x08007cd6                __sseek
 .text.__sclose
                0x08007cfa        0x8 c:/gcc-arm-none-eabi/bin/../lib/gcc/arm-none-eabi/10.3.1/../../../../arm-none-eabi/lib/thumb/v7-m/nofp\libc_nano.a(lib_a-stdio.o)
                0x08007cfa                __sclose
 *fill*         0x08007d02        0x2 
 .text._write_r
                0x08007d04       0x24 c:/gcc-arm-none-eabi/bin/../lib/gcc/arm-none-eabi/10.3.1/../../../../arm-none-eabi/lib/thumb/v7-m/nofp\libc_nano.a(lib_a-writer.o)
                0x08007d04                _write_r
 .text._close_r
                0x08007d28       0x20 c:/gcc-arm-none-eabi/bin/../lib/gcc/arm-none-eabi/10.3.1/../../../../arm-none-eabi/lib/thumb/v7-m/nofp\libc_nano.a(lib_a-closer.o)
                0x08007d28                _close_r
 .text._fstat_r
                0x08007d48       0x24 c:/gcc-arm-none-eabi/bin/../lib/gcc/arm-none-eabi/10.3.1/../../../../arm-none-eabi/lib/thumb/v7-m/nofp\libc_nano.a(lib_a-fstatr.o)
                0x08007d48                _fstat_r
 .text._isatty_r
                0x08007d6c       0x20 c:/gcc-arm-none-eabi/bin/../lib/gcc/arm-none-eabi/10.3.1/../../../../arm-none-eabi/lib/thumb/v7-m/nofp\libc_nano.a(lib_a-isattyr.o)
                0x08007d6c                _isatty_r
 .text._lseek_r
                0x08007d8c       0x24 c:/gcc-arm-none-eabi/bin/../lib/gcc/arm-none-eabi/10.3.1/../../../../arm-none-eabi/lib/thumb/v7-m/nofp\libc_nano.a(lib_a-lseekr.o)
                0x08007d8c                _lseek_r
 .text._read_r  0x08007db0       0x24 c:/gcc-arm-none-eabi/bin/../lib/gcc/arm-none-eabi/10.3.1/../../../../arm-none-eabi/lib/thumb/v7-m/nofp\libc_nano.a(lib_a-readr.o)
                0x08007db0                _read_r
 .text._close   0x08007dd4       0x10 c:/gcc-arm-none-eabi/bin/../lib/gcc/arm-none-eabi/10.3.1/../../../../arm-none-eabi/lib/thumb/v7-m/nofp\libnosys.a(close.o)
                0x08007dd4                _close
 .text._fstat   0x08007de4       0x10 c:/gcc-arm-none-eabi/bin/../lib/gcc/arm-none-eabi/10.3.1/../../../../arm-none-eabi/lib/thumb/v7-m/nofp\libnosys.a(fstat.o)
                0x08007de4                _fstat
 .text._getpid  0x08007df4       0x10 c:/gcc-arm-none-eabi/bin/../lib/gcc/arm-none-eabi/10.3.1/../../../../arm-none-eabi/lib/thumb/v7-m/nofp\libnosys.a(getpid.o)
                0x08007df4                _getpid
 .text._isatty  0x08007e04       0x10 c:/gcc-arm-none-eabi/bin/../lib/gcc/arm-none-eabi/10.3.1/../../../../arm-none-eabi/lib/thumb/v7-m/nofp\libnosys.a(isatty.o)
                0x08007e04                _isatty
 .text._kill    0x08007e14       0x10 c:/gcc-arm-none-eabi/bin/../lib/gcc/arm-none-eabi/10.3.1/../../../../arm-none-eabi/lib/thumb/v7-m/nofp\libnosys.a(kill.o)
                0x08007e14                _kill
 .text._lseek   0x08007e24       0x10 c:/gcc-arm-none-eabi/bin/../lib/gcc/arm-none-eabi/10.3.1/../../../../arm-none-eabi/lib/thumb/v7-m/nofp\libnosys.a(lseek.o)
                0x08007e24                _lseek
 .text._read    0x08007e34       0x10 c:/gcc-arm-none-eabi/bin/../lib/gcc/arm-none-eabi/10.3.1/../../../../arm-none-eabi/lib/thumb/v7-m/nofp\libnosys.a(read.o)
                0x08007e34                _read
 .text._sbrk    0x08007e44       0x1c c:/gcc-arm-none-eabi/bin/../lib/gcc/arm-none-eabi/10.3.1/../../../../arm-none-eabi/lib/thumb/v7-m/nofp\libnosys.a(sbrk.o)
                0x08007e44                _sbrk
 .text._exit    0x08007e60        0x4 c:/gcc-arm-none-eabi/bin/../lib/gcc/arm-none-eabi/10.3.1/../../../../arm-none-eabi/lib/thumb/v7-m/nofp\libnosys.a(_exit.o)
                0x08007e60                _exit
 *(.rodata)
 .rodata        0x08007e64        0x5 build/main.o
 *fill*         0x08007e69        0x3 
 .rodata        0x08007e6c      0x2bd build/cmd.o
 *fill*         0x08008129        0x3 
 .rodata        0x0800812c       0x74 build/msh.o
 .rodata        0x080081a0       0x5d build/shell.o
 *fill*         0x080081fd        0x3 
 .rodata        0x08008200      0x2b9 build/cpuport.o
 *fill*         0x080084b9        0x3 
 .rodata        0x080084bc        0x5 build/components.o
 *fill*         0x080084c1        0x3 
 .rodata        0x080084c4        0x6 build/idle.o
 *fill*         0x080084ca        0x2 
 .rodata        0x080084cc       0x8f build/kservice.o
 *fill*         0x0800855b        0x1 
 .rodata        0x0800855c       0xd6 build/mem.o
 *(.rodata*)
 *fill*         0x08008632        0x2 
 .rodata.name   0x08008634      0x1ca build/cmd.o
                0x08008634                __fsym_hello_name
                0x0800863c                __fsym_hello_desc
                0x0800864c                __fsym_version_name
                0x08008654                __fsym_version_desc
                0x08008678                __fsym___cmd_version_name
                0x08008688                __fsym___cmd_version_desc
                0x080086ac                __fsym_list_thread_name
                0x080086b8                __fsym_list_thread_desc
                0x080086c4                __fsym___cmd_list_thread_name
                0x080086d8                __fsym___cmd_list_thread_desc
                0x080086e4                __fsym_list_sem_name
                0x080086f0                __fsym_list_sem_desc
                0x0800870c                __fsym___cmd_list_sem_name
                0x0800871c                __fsym___cmd_list_sem_desc
                0x08008738                __fsym_list_mailbox_name
                0x08008748                __fsym_list_mailbox_desc
                0x08008760                __fsym___cmd_list_mailbox_name
                0x08008774                __fsym___cmd_list_mailbox_desc
                0x0800878c                __fsym_list_timer_name
                0x08008798                __fsym_list_timer_desc
                0x080087b0                __fsym___cmd_list_timer_name
                0x080087c4                __fsym___cmd_list_timer_desc
                0x080087dc                __fsym_list_name
                0x080087e4                __fsym_list_desc
 *fill*         0x080087fe        0x2 
 .rodata.name   0x08008800       0x7d build/msh.o
                0x08008800                __fsym___cmd_help_name
                0x0800880c                __fsym___cmd_help_desc
                0x08008824                __fsym___cmd_ps_name
                0x08008830                __fsym___cmd_ps_desc
                0x0800884c                __fsym___cmd_free_name
                0x08008858                __fsym___cmd_free_desc
 *fill*         0x0800887d        0x3 
 .rodata.__lowest_bit_bitmap
                0x08008880      0x100 build/kservice.o
                0x08008880                __lowest_bit_bitmap
 .rodata.large_digits.2
                0x08008980       0x11 build/kservice.o
 *fill*         0x08008991        0x3 
 .rodata.small_digits.1
                0x08008994       0x11 build/kservice.o
 *fill*         0x080089a5        0x3 
 .rodata.name   0x080089a8       0x2a build/mem.o
                0x080089a8                __fsym_list_mem_name
                0x080089b4                __fsym_list_mem_desc
 *fill*         0x080089d2        0x2 
 .rodata._global_impure_ptr
                0x080089d4        0x4 c:/gcc-arm-none-eabi/bin/../lib/gcc/arm-none-eabi/10.3.1/../../../../arm-none-eabi/lib/thumb/v7-m/nofp\libc_nano.a(lib_a-impure.o)
                0x080089d4                _global_impure_ptr
 .rodata._printf_float.str1.1
                0x080089d8       0x12 c:/gcc-arm-none-eabi/bin/../lib/gcc/arm-none-eabi/10.3.1/../../../../arm-none-eabi/lib/thumb/v7-m/nofp\libc_nano.a(lib_a-nano-vfprintf_float.o)
 .rodata._printf_i.str1.1
                0x080089ea       0x22 c:/gcc-arm-none-eabi/bin/../lib/gcc/arm-none-eabi/10.3.1/../../../../arm-none-eabi/lib/thumb/v7-m/nofp\libc_nano.a(lib_a-nano-vfprintf_i.o)
 .rodata._dtoa_r.str1.1
                0x08008a0c       0xb3 c:/gcc-arm-none-eabi/bin/../lib/gcc/arm-none-eabi/10.3.1/../../../../arm-none-eabi/lib/thumb/v7-m/nofp\libc_nano.a(lib_a-dtoa.o)
                                 0xb5 (size before relaxing)
 .rodata._Balloc.str1.1
                0x08008abf       0x7f c:/gcc-arm-none-eabi/bin/../lib/gcc/arm-none-eabi/10.3.1/../../../../arm-none-eabi/lib/thumb/v7-m/nofp\libc_nano.a(lib_a-mprec.o)
                                 0x96 (size before relaxing)
 .rodata.__multadd.str1.1
                0x08008b3e       0x11 c:/gcc-arm-none-eabi/bin/../lib/gcc/arm-none-eabi/10.3.1/../../../../arm-none-eabi/lib/thumb/v7-m/nofp\libc_nano.a(lib_a-mprec.o)
 *fill*         0x08008b3e        0x2 
 .rodata.__mprec_bigtens
                0x08008b40       0x28 c:/gcc-arm-none-eabi/bin/../lib/gcc/arm-none-eabi/10.3.1/../../../../arm-none-eabi/lib/thumb/v7-m/nofp\libc_nano.a(lib_a-mprec.o)
                0x08008b40                __mprec_bigtens
 .rodata.__mprec_tens
                0x08008b68       0xc8 c:/gcc-arm-none-eabi/bin/../lib/gcc/arm-none-eabi/10.3.1/../../../../arm-none-eabi/lib/thumb/v7-m/nofp\libc_nano.a(lib_a-mprec.o)
                0x08008b68                __mprec_tens
 .rodata.p05.0  0x08008c30        0xc c:/gcc-arm-none-eabi/bin/../lib/gcc/arm-none-eabi/10.3.1/../../../../arm-none-eabi/lib/thumb/v7-m/nofp\libc_nano.a(lib_a-mprec.o)
 .rodata.__assert_func.str1.1
                0x08008c3c       0x3c c:/gcc-arm-none-eabi/bin/../lib/gcc/arm-none-eabi/10.3.1/../../../../arm-none-eabi/lib/thumb/v7-m/nofp\libc_nano.a(lib_a-assert.o)
                                 0x3d (size before relaxing)
 .rodata._setlocale_r.str1.1
                0x08008c78        0x8 c:/gcc-arm-none-eabi/bin/../lib/gcc/arm-none-eabi/10.3.1/../../../../arm-none-eabi/lib/thumb/v7-m/nofp\libc_nano.a(lib_a-locale.o)
                                  0x9 (size before relaxing)
 .rodata.str1.1
                0x08008c80        0x2 c:/gcc-arm-none-eabi/bin/../lib/gcc/arm-none-eabi/10.3.1/../../../../arm-none-eabi/lib/thumb/v7-m/nofp\libc_nano.a(lib_a-locale.o)
 .rodata._vfprintf_r.str1.1
                0x08008c82       0x11 c:/gcc-arm-none-eabi/bin/../lib/gcc/arm-none-eabi/10.3.1/../../../../arm-none-eabi/lib/thumb/v7-m/nofp\libc_nano.a(lib_a-nano-vfprintf.o)
 .rodata._ctype_
                0x08008c93      0x101 c:/gcc-arm-none-eabi/bin/../lib/gcc/arm-none-eabi/10.3.1/../../../../arm-none-eabi/lib/thumb/v7-m/nofp\libc_nano.a(lib_a-ctype_.o)
                0x08008c93                _ctype_
 .rodata.__sf_fake_stderr
                0x08008d94       0x20 c:/gcc-arm-none-eabi/bin/../lib/gcc/arm-none-eabi/10.3.1/../../../../arm-none-eabi/lib/thumb/v7-m/nofp\libc_nano.a(lib_a-findfp.o)
                0x08008d94                __sf_fake_stderr
 .rodata.__sf_fake_stdin
                0x08008db4       0x20 c:/gcc-arm-none-eabi/bin/../lib/gcc/arm-none-eabi/10.3.1/../../../../arm-none-eabi/lib/thumb/v7-m/nofp\libc_nano.a(lib_a-findfp.o)
                0x08008db4                __sf_fake_stdin
 .rodata.__sf_fake_stdout
                0x08008dd4       0x20 c:/gcc-arm-none-eabi/bin/../lib/gcc/arm-none-eabi/10.3.1/../../../../arm-none-eabi/lib/thumb/v7-m/nofp\libc_nano.a(lib_a-findfp.o)
                0x08008dd4                __sf_fake_stdout
 *(.glue_7)
 .glue_7        0x08008df4        0x0 linker stubs
 *(.glue_7t)
 .glue_7t       0x08008df4        0x0 linker stubs
 *(.init)
 .init          0x08008df4        0x4 c:/gcc-arm-none-eabi/bin/../lib/gcc/arm-none-eabi/10.3.1/thumb/v7-m/nofp/crti.o
                0x08008df4                _init
 .init          0x08008df8        0x8 c:/gcc-arm-none-eabi/bin/../lib/gcc/arm-none-eabi/10.3.1/thumb/v7-m/nofp/crtn.o
 *(.fini)
 .fini          0x08008e00        0x4 c:/gcc-arm-none-eabi/bin/../lib/gcc/arm-none-eabi/10.3.1/thumb/v7-m/nofp/crti.o
                0x08008e00                _fini
 .fini          0x08008e04        0x8 c:/gcc-arm-none-eabi/bin/../lib/gcc/arm-none-eabi/10.3.1/thumb/v7-m/nofp/crtn.o
                0x08008e0c                . = ALIGN (0x4)
                0x08008e0c                __fsymtab_start = .
 *(FSymTab)
 FSymTab        0x08008e0c       0x90 build/cmd.o
                0x08008e0c                __fsym_hello
                0x08008e18                __fsym_version
                0x08008e24                __fsym___cmd_version
                0x08008e30                __fsym_list_thread
                0x08008e3c                __fsym___cmd_list_thread
                0x08008e48                __fsym_list_sem
                0x08008e54                __fsym___cmd_list_sem
                0x08008e60                __fsym_list_mailbox
                0x08008e6c                __fsym___cmd_list_mailbox
                0x08008e78                __fsym_list_timer
                0x08008e84                __fsym___cmd_list_timer
                0x08008e90                __fsym_list
 FSymTab        0x08008e9c       0x24 build/msh.o
                0x08008e9c                __fsym___cmd_help
                0x08008ea8                __fsym___cmd_ps
                0x08008eb4                __fsym___cmd_free
 FSymTab        0x08008ec0        0xc build/mem.o
                0x08008ec0                __fsym_list_mem
                0x08008ecc                __fsymtab_end = .
                0x08008ecc                . = ALIGN (0x4)
                0x08008ecc                __vsymtab_start = .
 *(VSymTab)
                0x08008ecc                __vsymtab_end = .
                0x08008ecc                . = ALIGN (0x4)
                0x08008ecc                __rt_utest_tc_tab_start = .
 *(UtestTcTab)
                0x08008ecc                __rt_utest_tc_tab_end = .
                0x08008ecc                . = ALIGN (0x4)
                0x08008ecc                __rtatcmdtab_start = .
 *(RtAtCmdTab)
                0x08008ecc                __rtatcmdtab_end = .
                0x08008ecc                . = ALIGN (0x4)
                0x08008ecc                . = ALIGN (0x4)
                0x08008ecc                __rt_init_start = .
 *(SORT_BY_NAME(.rti_fn*))
 .rti_fn.0      0x08008ecc        0x4 build/components.o
                0x08008ecc                __rt_init_rti_start
 .rti_fn.0.end  0x08008ed0        0x4 build/components.o
                0x08008ed0                __rt_init_rti_board_start
 .rti_fn.1.end  0x08008ed4        0x4 build/components.o
                0x08008ed4                __rt_init_rti_board_end
 .rti_fn.6      0x08008ed8        0x4 build/shell.o
                0x08008ed8                __rt_init_finsh_system_init
 .rti_fn.6.end  0x08008edc        0x4 build/components.o
                0x08008edc                __rt_init_rti_end
                0x08008ee0                __rt_init_end = .
                0x08008ee0                . = ALIGN (0x4)
                [!provide]                PROVIDE (__ctors_start__ = .)
 *(SORT_BY_NAME(.init_array.*))
 *(.init_array)
 .init_array    0x08008ee0        0x4 c:/gcc-arm-none-eabi/bin/../lib/gcc/arm-none-eabi/10.3.1/thumb/v7-m/nofp/crtbegin.o
                [!provide]                PROVIDE (__ctors_end__ = .)
                0x08008ee4                . = ALIGN (0x4)
                0x08008ee4                . = ALIGN (0x4)
                0x08008ee4                _etext = .

.vfp11_veneer   0x08008ee4        0x0
 .vfp11_veneer  0x08008ee4        0x0 linker stubs

.v4_bx          0x08008ee4        0x0
 .v4_bx         0x08008ee4        0x0 linker stubs

.iplt           0x08008ee4        0x0
 .iplt          0x08008ee4        0x0 c:/gcc-arm-none-eabi/bin/../lib/gcc/arm-none-eabi/10.3.1/thumb/v7-m/nofp/crtbegin.o

.rel.dyn        0x08008ee4        0x0
 .rel.iplt      0x08008ee4        0x0 c:/gcc-arm-none-eabi/bin/../lib/gcc/arm-none-eabi/10.3.1/thumb/v7-m/nofp/crtbegin.o

.ARM.extab
 *(.ARM.extab* .gnu.linkonce.armextab.*)

.ARM            0x08008ee4        0x0
                0x08008ee4                __exidx_start = .
 *(.ARM.exidx*)
                0x08008ee4                __exidx_end = .

.ARM.attributes
                0x08008ee4       0x29
 *(.ARM.attributes)
 .ARM.attributes
                0x08008ee4       0x1d c:/gcc-arm-none-eabi/bin/../lib/gcc/arm-none-eabi/10.3.1/thumb/v7-m/nofp/crti.o
 .ARM.attributes
                0x08008f01       0x2d c:/gcc-arm-none-eabi/bin/../lib/gcc/arm-none-eabi/10.3.1/thumb/v7-m/nofp/crtbegin.o
 .ARM.attributes
                0x08008f2e       0x2d build/main.o
 .ARM.attributes
                0x08008f5b       0x2d build/stm32f10x_it.o
 .ARM.attributes
                0x08008f88       0x2d build/board.o
 .ARM.attributes
                0x08008fb5       0x2d build/bsp_led.o
 .ARM.attributes
                0x08008fe2       0x2d build/bsp_debug_usart.o
 .ARM.attributes
                0x0800900f       0x2d build/system_stm32f10x.o
 .ARM.attributes
                0x0800903c       0x2d build/stm32f10x_gpio.o
 .ARM.attributes
                0x08009069       0x2d build/stm32f10x_rcc.o
 .ARM.attributes
                0x08009096       0x2d build/stm32f10x_usart.o
 .ARM.attributes
                0x080090c3       0x2d build/cmd.o
 .ARM.attributes
                0x080090f0       0x2d build/finsh_port.o
 .ARM.attributes
                0x0800911d       0x2d build/msh.o
 .ARM.attributes
                0x0800914a       0x2d build/shell.o
 .ARM.attributes
                0x08009177       0x2d build/cpuport.o
 .ARM.attributes
                0x080091a4       0x2d build/clock.o
 .ARM.attributes
                0x080091d1       0x2d build/components.o
 .ARM.attributes
                0x080091fe       0x2d build/idle.o
 .ARM.attributes
                0x0800922b       0x2d build/ipc.o
 .ARM.attributes
                0x08009258       0x2d build/irq.o
 .ARM.attributes
                0x08009285       0x2d build/kservice.o
 .ARM.attributes
                0x080092b2       0x2d build/mem.o
 .ARM.attributes
                0x080092df       0x2d build/object.o
 .ARM.attributes
                0x0800930c       0x2d build/scheduler.o
 .ARM.attributes
                0x08009339       0x2d build/thread.o
 .ARM.attributes
                0x08009366       0x2d build/timer.o
 .ARM.attributes
                0x08009393       0x21 build/startup_stm32f10x_hd.o
 .ARM.attributes
                0x080093b4       0x21 build/context_gcc.o
 .ARM.attributes
                0x080093d5       0x2d c:/gcc-arm-none-eabi/bin/../lib/gcc/arm-none-eabi/10.3.1/../../../../arm-none-eabi/lib/thumb/v7-m/nofp\libc_nano.a(lib_a-impure.o)
 .ARM.attributes
                0x08009402       0x2d c:/gcc-arm-none-eabi/bin/../lib/gcc/arm-none-eabi/10.3.1/../../../../arm-none-eabi/lib/thumb/v7-m/nofp\libc_nano.a(lib_a-init.o)
 .ARM.attributes
                0x0800942f       0x2d c:/gcc-arm-none-eabi/bin/../lib/gcc/arm-none-eabi/10.3.1/../../../../arm-none-eabi/lib/thumb/v7-m/nofp\libc_nano.a(lib_a-memcpy-stub.o)
 .ARM.attributes
                0x0800945c       0x2d c:/gcc-arm-none-eabi/bin/../lib/gcc/arm-none-eabi/10.3.1/../../../../arm-none-eabi/lib/thumb/v7-m/nofp\libc_nano.a(lib_a-memset.o)
 .ARM.attributes
                0x08009489       0x2d c:/gcc-arm-none-eabi/bin/../lib/gcc/arm-none-eabi/10.3.1/../../../../arm-none-eabi/lib/thumb/v7-m/nofp\libc_nano.a(lib_a-nano-vfprintf_float.o)
 .ARM.attributes
                0x080094b6       0x2d c:/gcc-arm-none-eabi/bin/../lib/gcc/arm-none-eabi/10.3.1/../../../../arm-none-eabi/lib/thumb/v7-m/nofp\libc_nano.a(lib_a-nano-vfprintf_i.o)
 .ARM.attributes
                0x080094e3       0x17 c:/gcc-arm-none-eabi/bin/../lib/gcc/arm-none-eabi/10.3.1/../../../../arm-none-eabi/lib/thumb/v7-m/nofp\libc_nano.a(lib_a-strlen.o)
 .ARM.attributes
                0x080094fa       0x2d c:/gcc-arm-none-eabi/bin/../lib/gcc/arm-none-eabi/10.3.1/../../../../arm-none-eabi/lib/thumb/v7-m/nofp\libc_nano.a(lib_a-strncmp.o)
 .ARM.attributes
                0x08009527       0x2d c:/gcc-arm-none-eabi/bin/../lib/gcc/arm-none-eabi/10.3.1/../../../../arm-none-eabi/lib/thumb/v7-m/nofp\libc_nano.a(lib_a-strncpy.o)
 .ARM.attributes
                0x08009554       0x2d c:/gcc-arm-none-eabi/bin/../lib/gcc/arm-none-eabi/10.3.1/../../../../arm-none-eabi/lib/thumb/v7-m/nofp\libc_nano.a(lib_a-dtoa.o)
 .ARM.attributes
                0x08009581       0x2d c:/gcc-arm-none-eabi/bin/../lib/gcc/arm-none-eabi/10.3.1/../../../../arm-none-eabi/lib/thumb/v7-m/nofp\libc_nano.a(lib_a-localeconv.o)
 .ARM.attributes
                0x080095ae       0x2d c:/gcc-arm-none-eabi/bin/../lib/gcc/arm-none-eabi/10.3.1/../../../../arm-none-eabi/lib/thumb/v7-m/nofp\libc_nano.a(lib_a-malloc.o)
 .ARM.attributes
                0x080095db       0x2d c:/gcc-arm-none-eabi/bin/../lib/gcc/arm-none-eabi/10.3.1/../../../../arm-none-eabi/lib/thumb/v7-m/nofp\libc_nano.a(lib_a-memchr-stub.o)
 .ARM.attributes
                0x08009608       0x2d c:/gcc-arm-none-eabi/bin/../lib/gcc/arm-none-eabi/10.3.1/../../../../arm-none-eabi/lib/thumb/v7-m/nofp\libc_nano.a(lib_a-mprec.o)
 .ARM.attributes
                0x08009635       0x2d c:/gcc-arm-none-eabi/bin/../lib/gcc/arm-none-eabi/10.3.1/../../../../arm-none-eabi/lib/thumb/v7-m/nofp\libc_nano.a(lib_a-nano-callocr.o)
 .ARM.attributes
                0x08009662       0x2d c:/gcc-arm-none-eabi/bin/../lib/gcc/arm-none-eabi/10.3.1/../../../../arm-none-eabi/lib/thumb/v7-m/nofp\libc_nano.a(lib_a-nano-freer.o)
 .ARM.attributes
                0x0800968f       0x2d c:/gcc-arm-none-eabi/bin/../lib/gcc/arm-none-eabi/10.3.1/../../../../arm-none-eabi/lib/thumb/v7-m/nofp\libc_nano.a(lib_a-nano-mallocr.o)
 .ARM.attributes
                0x080096bc       0x2d c:/gcc-arm-none-eabi/bin/../lib/gcc/arm-none-eabi/10.3.1/../../../../arm-none-eabi/lib/thumb/v7-m/nofp\libc_nano.a(lib_a-sbrkr.o)
 .ARM.attributes
                0x080096e9       0x2d c:/gcc-arm-none-eabi/bin/../lib/gcc/arm-none-eabi/10.3.1/../../../../arm-none-eabi/lib/thumb/v7-m/nofp\libc_nano.a(lib_a-assert.o)
 .ARM.attributes
                0x08009716       0x2d c:/gcc-arm-none-eabi/bin/../lib/gcc/arm-none-eabi/10.3.1/../../../../arm-none-eabi/lib/thumb/v7-m/nofp\libc_nano.a(lib_a-fprintf.o)
 .ARM.attributes
                0x08009743       0x2d c:/gcc-arm-none-eabi/bin/../lib/gcc/arm-none-eabi/10.3.1/../../../../arm-none-eabi/lib/thumb/v7-m/nofp\libc_nano.a(lib_a-locale.o)
 .ARM.attributes
                0x08009770       0x2d c:/gcc-arm-none-eabi/bin/../lib/gcc/arm-none-eabi/10.3.1/../../../../arm-none-eabi/lib/thumb/v7-m/nofp\libc_nano.a(lib_a-mbtowc_r.o)
 .ARM.attributes
                0x0800979d       0x2d c:/gcc-arm-none-eabi/bin/../lib/gcc/arm-none-eabi/10.3.1/../../../../arm-none-eabi/lib/thumb/v7-m/nofp\libc_nano.a(lib_a-mlock.o)
 .ARM.attributes
                0x080097ca       0x2d c:/gcc-arm-none-eabi/bin/../lib/gcc/arm-none-eabi/10.3.1/../../../../arm-none-eabi/lib/thumb/v7-m/nofp\libc_nano.a(lib_a-nano-vfprintf.o)
 .ARM.attributes
                0x080097f7       0x2d c:/gcc-arm-none-eabi/bin/../lib/gcc/arm-none-eabi/10.3.1/../../../../arm-none-eabi/lib/thumb/v7-m/nofp\libc_nano.a(lib_a-reent.o)
 .ARM.attributes
                0x08009824       0x2d c:/gcc-arm-none-eabi/bin/../lib/gcc/arm-none-eabi/10.3.1/../../../../arm-none-eabi/lib/thumb/v7-m/nofp\libc_nano.a(lib_a-wbuf.o)
 .ARM.attributes
                0x08009851       0x2d c:/gcc-arm-none-eabi/bin/../lib/gcc/arm-none-eabi/10.3.1/../../../../arm-none-eabi/lib/thumb/v7-m/nofp\libc_nano.a(lib_a-wctomb_r.o)
 .ARM.attributes
                0x0800987e       0x2d c:/gcc-arm-none-eabi/bin/../lib/gcc/arm-none-eabi/10.3.1/../../../../arm-none-eabi/lib/thumb/v7-m/nofp\libc_nano.a(lib_a-wsetup.o)
 .ARM.attributes
                0x080098ab       0x2d c:/gcc-arm-none-eabi/bin/../lib/gcc/arm-none-eabi/10.3.1/../../../../arm-none-eabi/lib/thumb/v7-m/nofp\libc_nano.a(lib_a-abort.o)
 .ARM.attributes
                0x080098d8       0x2d c:/gcc-arm-none-eabi/bin/../lib/gcc/arm-none-eabi/10.3.1/../../../../arm-none-eabi/lib/thumb/v7-m/nofp\libc_nano.a(lib_a-ctype_.o)
 .ARM.attributes
                0x08009905       0x2d c:/gcc-arm-none-eabi/bin/../lib/gcc/arm-none-eabi/10.3.1/../../../../arm-none-eabi/lib/thumb/v7-m/nofp\libc_nano.a(lib_a-fflush.o)
 .ARM.attributes
                0x08009932       0x2d c:/gcc-arm-none-eabi/bin/../lib/gcc/arm-none-eabi/10.3.1/../../../../arm-none-eabi/lib/thumb/v7-m/nofp\libc_nano.a(lib_a-findfp.o)
 .ARM.attributes
                0x0800995f       0x2d c:/gcc-arm-none-eabi/bin/../lib/gcc/arm-none-eabi/10.3.1/../../../../arm-none-eabi/lib/thumb/v7-m/nofp\libc_nano.a(lib_a-fwalk.o)
 .ARM.attributes
                0x0800998c       0x2d c:/gcc-arm-none-eabi/bin/../lib/gcc/arm-none-eabi/10.3.1/../../../../arm-none-eabi/lib/thumb/v7-m/nofp\libc_nano.a(lib_a-lock.o)
 .ARM.attributes
                0x080099b9       0x2d c:/gcc-arm-none-eabi/bin/../lib/gcc/arm-none-eabi/10.3.1/../../../../arm-none-eabi/lib/thumb/v7-m/nofp\libc_nano.a(lib_a-makebuf.o)
 .ARM.attributes
                0x080099e6       0x2d c:/gcc-arm-none-eabi/bin/../lib/gcc/arm-none-eabi/10.3.1/../../../../arm-none-eabi/lib/thumb/v7-m/nofp\libc_nano.a(lib_a-signal.o)
 .ARM.attributes
                0x08009a13       0x2d c:/gcc-arm-none-eabi/bin/../lib/gcc/arm-none-eabi/10.3.1/../../../../arm-none-eabi/lib/thumb/v7-m/nofp\libc_nano.a(lib_a-signalr.o)
 .ARM.attributes
                0x08009a40       0x2d c:/gcc-arm-none-eabi/bin/../lib/gcc/arm-none-eabi/10.3.1/../../../../arm-none-eabi/lib/thumb/v7-m/nofp\libc_nano.a(lib_a-stdio.o)
 .ARM.attributes
                0x08009a6d       0x2d c:/gcc-arm-none-eabi/bin/../lib/gcc/arm-none-eabi/10.3.1/../../../../arm-none-eabi/lib/thumb/v7-m/nofp\libc_nano.a(lib_a-writer.o)
 .ARM.attributes
                0x08009a9a       0x2d c:/gcc-arm-none-eabi/bin/../lib/gcc/arm-none-eabi/10.3.1/../../../../arm-none-eabi/lib/thumb/v7-m/nofp\libc_nano.a(lib_a-closer.o)
 .ARM.attributes
                0x08009ac7       0x2d c:/gcc-arm-none-eabi/bin/../lib/gcc/arm-none-eabi/10.3.1/../../../../arm-none-eabi/lib/thumb/v7-m/nofp\libc_nano.a(lib_a-fstatr.o)
 .ARM.attributes
                0x08009af4       0x2d c:/gcc-arm-none-eabi/bin/../lib/gcc/arm-none-eabi/10.3.1/../../../../arm-none-eabi/lib/thumb/v7-m/nofp\libc_nano.a(lib_a-isattyr.o)
 .ARM.attributes
                0x08009b21       0x2d c:/gcc-arm-none-eabi/bin/../lib/gcc/arm-none-eabi/10.3.1/../../../../arm-none-eabi/lib/thumb/v7-m/nofp\libc_nano.a(lib_a-lseekr.o)
 .ARM.attributes
                0x08009b4e       0x2d c:/gcc-arm-none-eabi/bin/../lib/gcc/arm-none-eabi/10.3.1/../../../../arm-none-eabi/lib/thumb/v7-m/nofp\libc_nano.a(lib_a-readr.o)
 .ARM.attributes
                0x08009b7b       0x2d c:/gcc-arm-none-eabi/bin/../lib/gcc/arm-none-eabi/10.3.1/../../../../arm-none-eabi/lib/thumb/v7-m/nofp\libnosys.a(close.o)
 .ARM.attributes
                0x08009ba8       0x2d c:/gcc-arm-none-eabi/bin/../lib/gcc/arm-none-eabi/10.3.1/../../../../arm-none-eabi/lib/thumb/v7-m/nofp\libnosys.a(fstat.o)
 .ARM.attributes
                0x08009bd5       0x2d c:/gcc-arm-none-eabi/bin/../lib/gcc/arm-none-eabi/10.3.1/../../../../arm-none-eabi/lib/thumb/v7-m/nofp\libnosys.a(getpid.o)
 .ARM.attributes
                0x08009c02       0x2d c:/gcc-arm-none-eabi/bin/../lib/gcc/arm-none-eabi/10.3.1/../../../../arm-none-eabi/lib/thumb/v7-m/nofp\libnosys.a(isatty.o)
 .ARM.attributes
                0x08009c2f       0x2d c:/gcc-arm-none-eabi/bin/../lib/gcc/arm-none-eabi/10.3.1/../../../../arm-none-eabi/lib/thumb/v7-m/nofp\libnosys.a(kill.o)
 .ARM.attributes
                0x08009c5c       0x2d c:/gcc-arm-none-eabi/bin/../lib/gcc/arm-none-eabi/10.3.1/../../../../arm-none-eabi/lib/thumb/v7-m/nofp\libnosys.a(lseek.o)
 .ARM.attributes
                0x08009c89       0x2d c:/gcc-arm-none-eabi/bin/../lib/gcc/arm-none-eabi/10.3.1/../../../../arm-none-eabi/lib/thumb/v7-m/nofp\libnosys.a(read.o)
 .ARM.attributes
                0x08009cb6       0x2d c:/gcc-arm-none-eabi/bin/../lib/gcc/arm-none-eabi/10.3.1/../../../../arm-none-eabi/lib/thumb/v7-m/nofp\libnosys.a(sbrk.o)
 .ARM.attributes
                0x08009ce3       0x2d c:/gcc-arm-none-eabi/bin/../lib/gcc/arm-none-eabi/10.3.1/../../../../arm-none-eabi/lib/thumb/v7-m/nofp\libnosys.a(_exit.o)
 .ARM.attributes
                0x08009d10       0x1d c:/gcc-arm-none-eabi/bin/../lib/gcc/arm-none-eabi/10.3.1/thumb/v7-m/nofp\libgcc.a(_arm_addsubdf3.o)
 .ARM.attributes
                0x08009d2d       0x1d c:/gcc-arm-none-eabi/bin/../lib/gcc/arm-none-eabi/10.3.1/thumb/v7-m/nofp\libgcc.a(_arm_muldivdf3.o)
 .ARM.attributes
                0x08009d4a       0x1d c:/gcc-arm-none-eabi/bin/../lib/gcc/arm-none-eabi/10.3.1/thumb/v7-m/nofp\libgcc.a(_arm_cmpdf2.o)
 .ARM.attributes
                0x08009d67       0x1d c:/gcc-arm-none-eabi/bin/../lib/gcc/arm-none-eabi/10.3.1/thumb/v7-m/nofp\libgcc.a(_arm_unorddf2.o)
 .ARM.attributes
                0x08009d84       0x1d c:/gcc-arm-none-eabi/bin/../lib/gcc/arm-none-eabi/10.3.1/thumb/v7-m/nofp\libgcc.a(_arm_fixdfsi.o)
 .ARM.attributes
                0x08009da1       0x1d c:/gcc-arm-none-eabi/bin/../lib/gcc/arm-none-eabi/10.3.1/thumb/v7-m/nofp/crtn.o

.preinit_array  0x08008ee4        0x0
                0x08008ee4                PROVIDE (__preinit_array_start = .)
 *(.preinit_array*)
                0x08008ee4                PROVIDE (__preinit_array_end = .)

.init_array     0x08008ee4        0x0
                0x08008ee4                PROVIDE (__init_array_start = .)
 *(SORT_BY_NAME(.init_array.*))
 *(.init_array*)
                0x08008ee4                PROVIDE (__init_array_end = .)

.fini_array     0x08008ee4        0x4
                [!provide]                PROVIDE (__fini_array_start = .)
 *(.fini_array*)
 .fini_array    0x08008ee4        0x4 c:/gcc-arm-none-eabi/bin/../lib/gcc/arm-none-eabi/10.3.1/thumb/v7-m/nofp/crtbegin.o
 *(SORT_BY_NAME(.fini_array.*))
                [!provide]                PROVIDE (__fini_array_end = .)
                0x08008ee8                _sidata = .

.data           0x20000000      0x228 load address 0x08008ee8
                0x20000000                . = ALIGN (0x4)
                0x20000000                _sdata = .
 *(.data)
 *(.data*)
 .data.SystemCoreClock
                0x20000000        0x4 build/system_stm32f10x.o
                0x20000000                SystemCoreClock
 .data.APBAHBPrescTable
                0x20000004       0x10 build/stm32f10x_rcc.o
 .data.ADCPrescTable
                0x20000014        0x4 build/stm32f10x_rcc.o
 .data.rt_object_container
                0x20000018       0x40 build/object.o
 .data._impure_ptr
                0x20000058        0x4 c:/gcc-arm-none-eabi/bin/../lib/gcc/arm-none-eabi/10.3.1/../../../../arm-none-eabi/lib/thumb/v7-m/nofp\libc_nano.a(lib_a-impure.o)
                0x20000058                _impure_ptr
 .data.impure_data
                0x2000005c       0x60 c:/gcc-arm-none-eabi/bin/../lib/gcc/arm-none-eabi/10.3.1/../../../../arm-none-eabi/lib/thumb/v7-m/nofp\libc_nano.a(lib_a-impure.o)
 .data.__global_locale
                0x200000bc      0x16c c:/gcc-arm-none-eabi/bin/../lib/gcc/arm-none-eabi/10.3.1/../../../../arm-none-eabi/lib/thumb/v7-m/nofp\libc_nano.a(lib_a-locale.o)
                0x200000bc                __global_locale
                0x20000228                . = ALIGN (0x4)
                0x20000228                _edata = .

.igot.plt       0x20000228        0x0 load address 0x08009110
 .igot.plt      0x20000228        0x0 c:/gcc-arm-none-eabi/bin/../lib/gcc/arm-none-eabi/10.3.1/thumb/v7-m/nofp/crtbegin.o
                0x20000228                . = ALIGN (0x4)

.bss            0x20000228     0x137c load address 0x08009110
                0x20000228                _sbss = .
                0x20000228                __bss_start__ = _sbss
 *(.bss)
 .bss           0x20000228       0x1c c:/gcc-arm-none-eabi/bin/../lib/gcc/arm-none-eabi/10.3.1/thumb/v7-m/nofp/crtbegin.o
 *(.bss*)
 .bss.led1_thread
                0x20000244        0x4 build/main.o
 .bss.rt_heap   0x20000248     0x1000 build/board.o
 .bss._syscall_table_begin
                0x20001248        0x4 build/shell.o
                0x20001248                _syscall_table_begin
 .bss._syscall_table_end
                0x2000124c        0x4 build/shell.o
                0x2000124c                _syscall_table_end
 .bss._sysvar_table_begin
                0x20001250        0x4 build/shell.o
                0x20001250                _sysvar_table_begin
 .bss._sysvar_table_end
                0x20001254        0x4 build/shell.o
                0x20001254                _sysvar_table_end
 .bss.shell     0x20001258        0x4 build/shell.o
                0x20001258                shell
 .bss.finsh_prompt_custom
                0x2000125c        0x4 build/shell.o
 .bss.finsh_prompt.0
                0x20001260       0x81 build/shell.o
 *fill*         0x200012e1        0x3 
 .bss.rt_interrupt_from_thread
                0x200012e4        0x4 build/cpuport.o
                0x200012e4                rt_interrupt_from_thread
 .bss.rt_interrupt_to_thread
                0x200012e8        0x4 build/cpuport.o
                0x200012e8                rt_interrupt_to_thread
 .bss.rt_thread_switch_interrupt_flag
                0x200012ec        0x4 build/cpuport.o
                0x200012ec                rt_thread_switch_interrupt_flag
 .bss.rt_exception_hook
                0x200012f0        0x4 build/cpuport.o
 .bss.rt_tick   0x200012f4        0x4 build/clock.o
 .bss.idle      0x200012f8       0x78 build/idle.o
 .bss.rt_thread_stack
                0x20001370      0x100 build/idle.o
 .bss.rt_interrupt_nest
                0x20001470        0x1 build/irq.o
                0x20001470                rt_interrupt_nest
 *fill*         0x20001471        0x3 
 .bss.rt_log_buf.0
                0x20001474       0x80 build/kservice.o
 .bss.heap_ptr  0x200014f4        0x4 build/mem.o
 .bss.heap_end  0x200014f8        0x4 build/mem.o
 .bss.lfree     0x200014fc        0x4 build/mem.o
 .bss.heap_sem  0x20001500       0x20 build/mem.o
 .bss.mem_size_aligned
                0x20001520        0x4 build/mem.o
 .bss.used_mem  0x20001524        0x4 build/mem.o
 .bss.max_mem   0x20001528        0x4 build/mem.o
 .bss.rt_thread_priority_table
                0x2000152c       0x40 build/scheduler.o
                0x2000152c                rt_thread_priority_table
 .bss.rt_thread_ready_priority_group
                0x2000156c        0x4 build/scheduler.o
                0x2000156c                rt_thread_ready_priority_group
 .bss.rt_scheduler_lock_nest
                0x20001570        0x2 build/scheduler.o
 *fill*         0x20001572        0x2 
 .bss.rt_current_thread
                0x20001574        0x4 build/scheduler.o
                0x20001574                rt_current_thread
 .bss.rt_current_priority
                0x20001578        0x1 build/scheduler.o
                0x20001578                rt_current_priority
 *fill*         0x20001579        0x3 
 .bss.rt_thread_defunct
                0x2000157c        0x8 build/scheduler.o
                0x2000157c                rt_thread_defunct
 .bss.rt_timer_list
                0x20001584        0x8 build/timer.o
 .bss.random_nr.0
                0x2000158c        0x4 build/timer.o
 .bss.__malloc_free_list
                0x20001590        0x4 c:/gcc-arm-none-eabi/bin/../lib/gcc/arm-none-eabi/10.3.1/../../../../arm-none-eabi/lib/thumb/v7-m/nofp\libc_nano.a(lib_a-nano-mallocr.o)
                0x20001590                __malloc_free_list
 .bss.__malloc_sbrk_start
                0x20001594        0x4 c:/gcc-arm-none-eabi/bin/../lib/gcc/arm-none-eabi/10.3.1/../../../../arm-none-eabi/lib/thumb/v7-m/nofp\libc_nano.a(lib_a-nano-mallocr.o)
                0x20001594                __malloc_sbrk_start
 .bss.errno     0x20001598        0x4 c:/gcc-arm-none-eabi/bin/../lib/gcc/arm-none-eabi/10.3.1/../../../../arm-none-eabi/lib/thumb/v7-m/nofp\libc_nano.a(lib_a-reent.o)
                0x20001598                errno
 .bss.__lock___malloc_recursive_mutex
                0x2000159c        0x1 c:/gcc-arm-none-eabi/bin/../lib/gcc/arm-none-eabi/10.3.1/../../../../arm-none-eabi/lib/thumb/v7-m/nofp\libc_nano.a(lib_a-lock.o)
                0x2000159c                __lock___malloc_recursive_mutex
 .bss.__lock___sfp_recursive_mutex
                0x2000159d        0x1 c:/gcc-arm-none-eabi/bin/../lib/gcc/arm-none-eabi/10.3.1/../../../../arm-none-eabi/lib/thumb/v7-m/nofp\libc_nano.a(lib_a-lock.o)
                0x2000159d                __lock___sfp_recursive_mutex
 .bss.__lock___sinit_recursive_mutex
                0x2000159e        0x1 c:/gcc-arm-none-eabi/bin/../lib/gcc/arm-none-eabi/10.3.1/../../../../arm-none-eabi/lib/thumb/v7-m/nofp\libc_nano.a(lib_a-lock.o)
                0x2000159e                __lock___sinit_recursive_mutex
 *fill*         0x2000159f        0x1 
 .bss.heap_end.0
                0x200015a0        0x4 c:/gcc-arm-none-eabi/bin/../lib/gcc/arm-none-eabi/10.3.1/../../../../arm-none-eabi/lib/thumb/v7-m/nofp\libnosys.a(sbrk.o)
 *(COMMON)
                0x200015a4                . = ALIGN (0x4)
                0x200015a4                _ebss = .
                0x200015a4                __bss_end__ = _ebss
                0x200015a4                PROVIDE (end = _ebss)
                [!provide]                PROVIDE (_end = _ebss)

._user_heap_stack
                0x200015a4      0x200 load address 0x0800a48c
                0x200015a4                . = ALIGN (0x4)
                0x200015a4                . = (. + _Min_Heap_Size)
                0x200017a4                . = (. + _Min_Stack_Size)
 *fill*         0x200015a4      0x200 
                0x200017a4                . = ALIGN (0x4)

.memory_b1_text
 *(.mb1text)
 *(.mb1text*)
 *(.mb1rodata)
 *(.mb1rodata*)

/DISCARD/
 libc.a(*)
 libm.a(*)
 libgcc.a(*)
OUTPUT(build/Hao.elf elf32-littlearm)
LOAD linker stubs
LOAD c:/gcc-arm-none-eabi/bin/../lib/gcc/arm-none-eabi/10.3.1/../../../../arm-none-eabi/lib/thumb/v7-m/nofp\libc.a
LOAD c:/gcc-arm-none-eabi/bin/../lib/gcc/arm-none-eabi/10.3.1/../../../../arm-none-eabi/lib/thumb/v7-m/nofp\libm.a
LOAD c:/gcc-arm-none-eabi/bin/../lib/gcc/arm-none-eabi/10.3.1/thumb/v7-m/nofp\libgcc.a

.debug_info     0x00000000     0xb6a9
 .debug_info    0x00000000      0x481 build/main.o
 .debug_info    0x00000481       0xfa build/stm32f10x_it.o
 .debug_info    0x0000057b      0x806 build/board.o
 .debug_info    0x00000d81      0x22b build/bsp_led.o
 .debug_info    0x00000fac      0xf1c build/bsp_debug_usart.o
 .debug_info    0x00001ec8      0x4da build/system_stm32f10x.o
 .debug_info    0x000023a2      0x7aa build/stm32f10x_gpio.o
 .debug_info    0x00002b4c      0x9b5 build/stm32f10x_rcc.o
 .debug_info    0x00003501      0xb2a build/stm32f10x_usart.o
 .debug_info    0x0000402b     0x102f build/cmd.o
 .debug_info    0x0000505a      0x1ef build/finsh_port.o
 .debug_info    0x00005249      0x650 build/msh.o
 .debug_info    0x00005899      0x926 build/shell.o
 .debug_info    0x000061bf      0x3f7 build/cpuport.o
 .debug_info    0x000065b6      0x44b build/clock.o
 .debug_info    0x00006a01      0x542 build/components.o
 .debug_info    0x00006f43      0x4c6 build/idle.o
 .debug_info    0x00007409      0xc19 build/ipc.o
 .debug_info    0x00008022      0x137 build/irq.o
 .debug_info    0x00008159      0xf6a build/kservice.o
 .debug_info    0x000090c3      0x61c build/mem.o
 .debug_info    0x000096df      0x683 build/object.o
 .debug_info    0x00009d62      0x672 build/scheduler.o
 .debug_info    0x0000a3d4      0xab2 build/thread.o
 .debug_info    0x0000ae86      0x7db build/timer.o
 .debug_info    0x0000b661       0x22 build/startup_stm32f10x_hd.o
 .debug_info    0x0000b683       0x26 build/context_gcc.o

.debug_abbrev   0x00000000     0x2d77
 .debug_abbrev  0x00000000      0x11d build/main.o
 .debug_abbrev  0x0000011d       0x46 build/stm32f10x_it.o
 .debug_abbrev  0x00000163      0x203 build/board.o
 .debug_abbrev  0x00000366       0xfc build/bsp_led.o
 .debug_abbrev  0x00000462      0x260 build/bsp_debug_usart.o
 .debug_abbrev  0x000006c2      0x1b0 build/system_stm32f10x.o
 .debug_abbrev  0x00000872      0x1eb build/stm32f10x_gpio.o
 .debug_abbrev  0x00000a5d      0x1d5 build/stm32f10x_rcc.o
 .debug_abbrev  0x00000c32      0x193 build/stm32f10x_usart.o
 .debug_abbrev  0x00000dc5      0x28b build/cmd.o
 .debug_abbrev  0x00001050       0xd4 build/finsh_port.o
 .debug_abbrev  0x00001124      0x241 build/msh.o
 .debug_abbrev  0x00001365      0x330 build/shell.o
 .debug_abbrev  0x00001695      0x1d8 build/cpuport.o
 .debug_abbrev  0x0000186d      0x152 build/clock.o
 .debug_abbrev  0x000019bf      0x173 build/components.o
 .debug_abbrev  0x00001b32      0x1d3 build/idle.o
 .debug_abbrev  0x00001d05      0x20b build/ipc.o
 .debug_abbrev  0x00001f10       0xcb build/irq.o
 .debug_abbrev  0x00001fdb      0x2d0 build/kservice.o
 .debug_abbrev  0x000022ab      0x1ee build/mem.o
 .debug_abbrev  0x00002499      0x210 build/object.o
 .debug_abbrev  0x000026a9      0x1d2 build/scheduler.o
 .debug_abbrev  0x0000287b      0x245 build/thread.o
 .debug_abbrev  0x00002ac0      0x291 build/timer.o
 .debug_abbrev  0x00002d51       0x12 build/startup_stm32f10x_hd.o
 .debug_abbrev  0x00002d63       0x14 build/context_gcc.o

.debug_loc      0x00000000     0x5f56
 .debug_loc     0x00000000       0x7c build/main.o
 .debug_loc     0x0000007c      0x150 build/stm32f10x_it.o
 .debug_loc     0x000001cc      0x1dc build/board.o
 .debug_loc     0x000003a8       0x50 build/bsp_led.o
 .debug_loc     0x000003f8      0x248 build/bsp_debug_usart.o
 .debug_loc     0x00000640      0x110 build/system_stm32f10x.o
 .debug_loc     0x00000750      0x63c build/stm32f10x_gpio.o
 .debug_loc     0x00000d8c      0xb2c build/stm32f10x_rcc.o
 .debug_loc     0x000018b8      0xa54 build/stm32f10x_usart.o
 .debug_loc     0x0000230c      0x3e8 build/cmd.o
 .debug_loc     0x000026f4       0x50 build/finsh_port.o
 .debug_loc     0x00002744      0x322 build/msh.o
 .debug_loc     0x00002a66      0x378 build/shell.o
 .debug_loc     0x00002dde      0x228 build/cpuport.o
 .debug_loc     0x00003006      0x184 build/clock.o
 .debug_loc     0x0000318a      0x2a8 build/components.o
 .debug_loc     0x00003432      0x1c8 build/idle.o
 .debug_loc     0x000035fa      0x754 build/ipc.o
 .debug_loc     0x00003d4e       0xf0 build/irq.o
 .debug_loc     0x00003e3e      0xa1c build/kservice.o
 .debug_loc     0x0000485a      0x274 build/mem.o
 .debug_loc     0x00004ace      0x440 build/object.o
 .debug_loc     0x00004f0e      0x354 build/scheduler.o
 .debug_loc     0x00005262      0x754 build/thread.o
 .debug_loc     0x000059b6      0x5a0 build/timer.o

.debug_aranges  0x00000000      0xc08
 .debug_aranges
                0x00000000       0x28 build/main.o
 .debug_aranges
                0x00000028       0x48 build/stm32f10x_it.o
 .debug_aranges
                0x00000070       0x50 build/board.o
 .debug_aranges
                0x000000c0       0x20 build/bsp_led.o
 .debug_aranges
                0x000000e0       0x50 build/bsp_debug_usart.o
 .debug_aranges
                0x00000130       0x38 build/system_stm32f10x.o
 .debug_aranges
                0x00000168       0xa8 build/stm32f10x_gpio.o
 .debug_aranges
                0x00000210      0x118 build/stm32f10x_rcc.o
 .debug_aranges
                0x00000328      0x100 build/stm32f10x_usart.o
 .debug_aranges
                0x00000428       0x80 build/cmd.o
 .debug_aranges
                0x000004a8       0x20 build/finsh_port.o
 .debug_aranges
                0x000004c8       0x68 build/msh.o
 .debug_aranges
                0x00000530       0x78 build/shell.o
 .debug_aranges
                0x000005a8       0x60 build/cpuport.o
 .debug_aranges
                0x00000608       0x40 build/clock.o
 .debug_aranges
                0x00000648       0x68 build/components.o
 .debug_aranges
                0x000006b0       0x48 build/idle.o
 .debug_aranges
                0x000006f8       0xd0 build/ipc.o
 .debug_aranges
                0x000007c8       0x30 build/irq.o
 .debug_aranges
                0x000007f8      0x100 build/kservice.o
 .debug_aranges
                0x000008f8       0x58 build/mem.o
 .debug_aranges
                0x00000950       0x80 build/object.o
 .debug_aranges
                0x000009d0       0x78 build/scheduler.o
 .debug_aranges
                0x00000a48       0xd0 build/thread.o
 .debug_aranges
                0x00000b18       0xa8 build/timer.o
 .debug_aranges
                0x00000bc0       0x28 build/startup_stm32f10x_hd.o
 .debug_aranges
                0x00000be8       0x20 build/context_gcc.o

.debug_ranges   0x00000000      0xa80
 .debug_ranges  0x00000000       0x18 build/main.o
 .debug_ranges  0x00000018       0x38 build/stm32f10x_it.o
 .debug_ranges  0x00000050       0x40 build/board.o
 .debug_ranges  0x00000090       0x10 build/bsp_led.o
 .debug_ranges  0x000000a0       0x40 build/bsp_debug_usart.o
 .debug_ranges  0x000000e0       0x28 build/system_stm32f10x.o
 .debug_ranges  0x00000108       0x98 build/stm32f10x_gpio.o
 .debug_ranges  0x000001a0      0x108 build/stm32f10x_rcc.o
 .debug_ranges  0x000002a8       0xf0 build/stm32f10x_usart.o
 .debug_ranges  0x00000398       0x70 build/cmd.o
 .debug_ranges  0x00000408       0x10 build/finsh_port.o
 .debug_ranges  0x00000418       0x58 build/msh.o
 .debug_ranges  0x00000470       0x68 build/shell.o
 .debug_ranges  0x000004d8       0x68 build/cpuport.o
 .debug_ranges  0x00000540       0x30 build/clock.o
 .debug_ranges  0x00000570       0x58 build/components.o
 .debug_ranges  0x000005c8       0x38 build/idle.o
 .debug_ranges  0x00000600       0xc0 build/ipc.o
 .debug_ranges  0x000006c0       0x20 build/irq.o
 .debug_ranges  0x000006e0       0xf0 build/kservice.o
 .debug_ranges  0x000007d0       0x48 build/mem.o
 .debug_ranges  0x00000818       0x70 build/object.o
 .debug_ranges  0x00000888       0x68 build/scheduler.o
 .debug_ranges  0x000008f0       0xc0 build/thread.o
 .debug_ranges  0x000009b0       0xb0 build/timer.o
 .debug_ranges  0x00000a60       0x20 build/startup_stm32f10x_hd.o

.debug_line     0x00000000     0x5b05
 .debug_line    0x00000000      0x136 build/main.o
 .debug_line    0x00000136       0xbd build/stm32f10x_it.o
 .debug_line    0x000001f3      0x240 build/board.o
 .debug_line    0x00000433      0x13d build/bsp_led.o
 .debug_line    0x00000570      0x3b6 build/bsp_debug_usart.o
 .debug_line    0x00000926      0x285 build/system_stm32f10x.o
 .debug_line    0x00000bab      0x526 build/stm32f10x_gpio.o
 .debug_line    0x000010d1      0x6c1 build/stm32f10x_rcc.o
 .debug_line    0x00001792      0x66d build/stm32f10x_usart.o
 .debug_line    0x00001dff      0x547 build/cmd.o
 .debug_line    0x00002346      0x123 build/finsh_port.o
 .debug_line    0x00002469      0x414 build/msh.o
 .debug_line    0x0000287d      0x53a build/shell.o
 .debug_line    0x00002db7      0x2e6 build/cpuport.o
 .debug_line    0x0000309d      0x102 build/clock.o
 .debug_line    0x0000319f      0x192 build/components.o
 .debug_line    0x00003331      0x142 build/idle.o
 .debug_line    0x00003473      0x5d3 build/ipc.o
 .debug_line    0x00003a46       0xb1 build/irq.o
 .debug_line    0x00003af7      0xb02 build/kservice.o
 .debug_line    0x000045f9      0x466 build/mem.o
 .debug_line    0x00004a5f      0x331 build/object.o
 .debug_line    0x00004d90      0x2ad build/scheduler.o
 .debug_line    0x0000503d      0x4f8 build/thread.o
 .debug_line    0x00005535      0x481 build/timer.o
 .debug_line    0x000059b6       0x8b build/startup_stm32f10x_hd.o
 .debug_line    0x00005a41       0xc4 build/context_gcc.o

.debug_str      0x00000000     0x3342
 .debug_str     0x00000000      0x263 build/main.o
                                0x30d (size before relaxing)